09-29 17:54:22.596   371   371 I RenderEngine: version   : 1.4 Android META-EGL
09-29 17:54:22.596   371   371 I RenderEngine: extensions: EGL_KHR_get_all_proc_addresses EGL_ANDROID_presentation_time EGL_KHR_swap_buffers_with_damage EGL_ANDROID_get_native_client_buffer EGL_ANDROID_front_buffer_auto_refresh EGL_ANDROID_get_frame_timestamps EGL_EXT_surface_SMPTE2086_metadata EGL_EXT_surface_CTA861_3_metadata EGL_KHR_image EGL_KHR_image_base EGL_KHR_gl_texture_2D_image EGL_KHR_fence_sync EGL_ANDROID_image_native_buffer EGL_KHR_wait_sync EGL_ANDROID_recordable 
09-29 17:54:22.596   371   371 I RenderEngine: Client API: OpenGL_ES
09-29 17:54:22.596   371   371 I RenderEngine: EGLSurface: 8-8-8-8, config=0x3
09-29 17:54:22.756     0     0 I init    : processing action (init.svc.audioserver=running) from (/system/etc/init/audioserver.rc:32)
09-29 17:54:22.760     0     0 I init    : Command 'start vendor.audio-hal-4-0-msd' action=init.svc.audioserver=running (/system/etc/init/audioserver.rc:34) took 0ms and failed: service vendor.audio-hal-4-0-msd not found
09-29 17:54:22.766     0     0 I init    : Command 'start vendor.audio-hal-2-0' action=init.svc.audioserver=running (/system/etc/init/audioserver.rc:36) took 0ms and failed: service vendor.audio-hal-2-0 not found
09-29 17:54:22.605   371   371 D EGL_emulation: eglCreateContext: 0xee300e80: maj 2 min 0 rcv 2
09-29 17:54:22.608   371   371 D EGL_emulation: eglMakeCurrent: 0xee300e80: ver 2 0 (tinfo 0xee4c0ab0) (first time)
09-29 17:54:22.773     0     0 I init    : Command 'start audio-hal-2-0' action=init.svc.audioserver=running (/system/etc/init/audioserver.rc:37) took 0ms and failed: service audio-hal-2-0 not found
09-29 17:54:22.780     0     0 I init    : processing action (ro.persistent_properties.ready=true) from (/system/etc/init/bootstat.rc:67)
09-29 17:54:22.619   287   287 D AndroidRuntime: >>>>>> START com.android.internal.os.ZygoteInit uid 0 <<<<<<
09-29 17:54:22.620   371   371 I RenderEngine: OpenGL ES informations:
09-29 17:54:22.620   371   371 I RenderEngine: vendor    : Google (Intel)
09-29 17:54:22.620   371   371 I RenderEngine: renderer  : Android Emulator OpenGL ES Translator (Intel(R) UHD Graphics)
09-29 17:54:22.620   371   371 I RenderEngine: version   : OpenGL ES 2.0 (4.5.0 - Build 27.20.100.9664)
09-29 17:54:22.621   371   371 I RenderEngine: extensions: GL_EXT_debug_marker GL_EXT_robustness GL_OES_EGL_sync GL_OES_EGL_image GL_OES_EGL_image_external GL_OES_depth24 GL_OES_depth32 GL_OES_element_index_uint GL_OES_texture_float GL_OES_texture_float_linear GL_OES_compressed_ETC1_RGB8_texture GL_OES_depth_texture GL_OES_texture_half_float GL_OES_texture_half_float_linear GL_OES_packed_depth_stencil GL_OES_texture_npot GL_OES_rgb8_rgba8 GL_EXT_color_buffer_half_float GL_EXT_texture_format_BGRA8888 ANDROID_EMU_CHECKSUM_HELPER_v1 ANDROID_EMU_native_sync_v2 ANDROID_EMU_native_sync_v3 ANDROID_EMU_native_sync_v4 ANDROID_EMU_dma_v1 ANDROID_EMU_direct_mem ANDROID_EMU_host_composition_v1 ANDROID_EMU_host_composition_v2 ANDROID_EMU_vulkan ANDROID_EMU_deferred_vulkan_commands ANDROID_EMU_vulkan_null_optional_strings ANDROID_EMU_vulkan_create_resources_with_requirements ANDROID_EMU_YUV_Cache ANDROID_EMU_vulkan_ignored_handles ANDROID_EMU_has_shared_slots_host_memory_allocator ANDROID_EMU_vulkan_free_memory_sync ANDROID_EMU_vulkan_shader_float16_int8 ANDROID_EMU_v
09-29 17:54:22.621   371   371 I RenderEngine: GL_MAX_TEXTURE_SIZE = 16384
09-29 17:54:22.621   371   371 I RenderEngine: GL_MAX_VIEWPORT_DIMS = 16384
09-29 17:54:22.628   380   380 I ServiceManager: Waiting for service 'media.metrics' on '/dev/binder'...
09-29 17:54:22.629   174   174 I hwservicemanager: getTransport: Cannot find entry android.hardware.graphics.mapper@4.0::IMapper/default in either framework or device manifest.
09-29 17:54:22.788     0     0 I init    : processing action (ro.persistent_properties.ready=true) from (/system/etc/init/bootstat.rc:71)
09-29 17:54:22.793     0     0 I init    : starting service 'exec 15 (/system/bin/bootstat --set_system_boot_reason)'...
09-29 17:54:22.630   307   307 I ComposerResources: failed to get mapper 4.0 service, falling back to mapper 3.0
09-29 17:54:22.631   307   307 D HostConnection: createUnique: call
09-29 17:54:22.632   307   307 D HostConnection: HostConnection::get() New Host Connection established 0xecf80400, tid 307
09-29 17:54:22.632   307   307 D goldfish-address-space: allocate: Ask for block of size 0x100
09-29 17:54:22.632   307   307 D goldfish-address-space: allocate: ioctl allocate returned offset 0x3ebffe000 size 0x2000
09-29 17:54:22.637   371   371 E HWComposer: loadLayerMetadataSupport: getLayerGenericMetadataKeys failed: UNSUPPORTED (8)
09-29 17:54:22.639   371   371 I HWComposer: Switching to generalized multi-display mode
09-29 17:54:22.639   371   371 E HWComposer: isConnected failed for display 8141603649153536: Invalid display
09-29 17:54:22.798     0     0 I init    : processing action (persist.heapprofd.enable= && traced.lazy.heapprofd=) from (/system/etc/init/heapprofd.rc:34)
09-29 17:54:22.805     0     0 I init    : processing action (ro.debuggable=1) from (/system/etc/init/llkd-debuggable.rc:1)
09-29 17:54:22.651   371   371 E HWComposer: getDisplayConnectionType: getDisplayConnectionType failed for display 8141603649153536: Unsupported (8)
09-29 17:54:22.652   371   404 W SurfaceFlinger: Ignoring VSYNC request while display is disconnected
09-29 17:54:22.652   371   404 W SurfaceFlinger: Ignoring VSYNC request while display is disconnected
09-29 17:54:22.652   371   405 W SurfaceFlinger: Ignoring VSYNC request while display is disconnected
09-29 17:54:22.815     0     0 I init    : processing action (ro.debuggable=*) from (/system/etc/init/llkd.rc:2)
09-29 17:54:22.816     0     0 D ieee80211 phy0: Selected rate control algorithm 'minstrel_ht'
09-29 17:54:22.819     0     0 D ieee80211 phy1: Selected rate control algorithm 'minstrel_ht'
09-29 17:54:22.656   371   371 I FramebufferSurface: framebuffer size has been limited to [1440x3040] from [1440x3040]
09-29 17:54:22.658   371   371 W HwcComposer: getPerFrameMetadataKeys failed with 8
09-29 17:54:22.659   398   398 I bootstat: Service started: /system/bin/bootstat --set_system_boot_reason 
09-29 17:54:22.664   398   398 I bootstat: Canonical boot reason: reboot,shell
09-29 17:54:22.828     0     0 I init    : processing action (ro.enable.native.bridge.exec=1) from (/system/etc/init/ndk_translation.rc:5)
09-29 17:54:22.838     0     0 I init    : processing action (debug.atrace.user_initiated= && persist.traced.enable=1) from (/system/etc/init/perfetto.rc:47)
09-29 17:54:22.844     0     0 I init    : starting service 'traced_probes'...
09-29 17:54:22.846     0     0 I init    : Opened file '/dev/kmsg', flags 1
09-29 17:54:22.664   398   398 I bootstat: Canonical boot reason: reboot,shell
09-29 17:54:22.684   285   285 I ServiceManager: Waiting for service 'statscompanion' on '/dev/binder'...
09-29 17:54:22.693   398   398 I bootstat: Last reboot reason read from /metadata/bootstat/persist.sys.boot.reason : reboot,shell. Last reboot reason read from persist.sys.boot.reason : reboot,shell
09-29 17:54:22.693   398   398 I bootstat: Normalized last reboot reason : reboot,shell
09-29 17:54:22.871     0     0 I         : ip (408) used greatest stack depth: 11520 bytes left
09-29 17:54:22.707   387   387 I adbd    : Setup mdns on port= 5555
09-29 17:54:22.709   387   387 I adbd    : adbd listening on tcp:5555
09-29 17:54:22.709   387   387 I adbd    : adbd listening on vsock:5555
09-29 17:54:22.711   387   410 I adbd    : Waiting for persist.adb.tls_server.enable=1
09-29 17:54:22.719   287   287 I AndroidRuntime: Using default boot image
09-29 17:54:22.719   287   287 I AndroidRuntime: Leaving lock profiling enabled
09-29 17:54:22.880     0     0 I init    : Service 'exec 15 (/system/bin/bootstat --set_system_boot_reason)' (pid 398) exited with status 0 oneshot service took 0.082000 seconds in background
09-29 17:54:22.885     0     0 I         : ip (412) used greatest stack depth: 11000 bytes left
09-29 17:54:22.887     0     0 I init    : Sending signal 9 to service 'exec 15 (/system/bin/bootstat --set_system_boot_reason)' (pid 398) process group...
09-29 17:54:22.893     0     0 I libprocessgroup: Successfully killed process cgroup uid 1000 pid 398 in 0ms
09-29 17:54:22.729   380   380 I ServiceManager: Waiting for service 'media.metrics' on '/dev/binder'...
09-29 17:54:22.899     0     0 I init    : starting service 'mdnsd'...
09-29 17:54:22.902     0     0 I init    : Created socket '/dev/socket/mdnsd', mode 660, user 1020, group 3003
09-29 17:54:22.910     0     0 I init    : Control message: Processed ctl.start for 'mdnsd' from pid: 387 (/apex/com.android.adbd/bin/adbd --root_seclabel=u:r:su:s0)
09-29 17:54:22.748   287   287 I zygote  : option[0]=-Xzygote
09-29 17:54:22.748   287   287 I zygote  : option[1]=exit
09-29 17:54:22.748   287   287 I zygote  : option[2]=vfprintf
09-29 17:54:22.748   287   287 I zygote  : option[3]=sensitiveThread
09-29 17:54:22.748   287   287 I zygote  : option[4]=-verbose:gc
09-29 17:54:22.749   287   287 I zygote  : option[5]=-XX:PerfettoHprof=true
09-29 17:54:22.749   287   287 I zygote  : option[6]=-Xprimaryzygote
09-29 17:54:22.749   287   287 I zygote  : option[7]=-Xms8m
09-29 17:54:22.914     0     0 I init    : processing action (persist.traced.enable=1) from (/system/etc/init/perfetto.rc:50)
09-29 17:54:22.749   287   287 I zygote  : option[8]=-Xmx576m
09-29 17:54:22.749   287   287 I zygote  : option[9]=-XX:HeapGrowthLimit=192m
09-29 17:54:22.749   287   287 I zygote  : option[10]=-XX:HeapMinFree=512k
09-29 17:54:22.749   287   287 I zygote  : option[11]=-XX:HeapMaxFree=8m
09-29 17:54:22.749   287   287 I zygote  : option[12]=-XX:HeapTargetUtilization=0.75
09-29 17:54:22.749   287   287 I zygote  : option[13]=-Xusejit:true
09-29 17:54:22.749   287   287 I zygote  : option[14]=-Xjitsaveprofilinginfo
09-29 17:54:22.749   287   287 I zygote  : option[15]=-XjdwpOptions:suspend=n,server=y
09-29 17:54:22.749   287   287 I zygote  : option[16]=-XjdwpProvider:default
09-29 17:54:22.750   287   287 I zygote  : option[17]=-Xopaque-jni-ids:swapable
09-29 17:54:22.750   287   287 I zygote  : option[18]=-Xlockprofthreshold:500
09-29 17:54:22.750   287   287 I zygote  : option[19]=-Xcompiler-option
09-29 17:54:22.750   287   287 I zygote  : option[20]=--instruction-set-variant=x86
09-29 17:54:22.750   287   287 I zygote  : option[21]=-Xcompiler-option
09-29 17:54:22.750   287   287 I zygote  : option[22]=--instruction-set-features=default
09-29 17:54:22.750   287   287 I zygote  : option[23]=-Xcompiler-option
09-29 17:54:22.750   287   287 I zygote  : option[24]=--generate-mini-debug-info
09-29 17:54:22.750   287   287 I zygote  : option[25]=-Ximage-compiler-option
09-29 17:54:22.750   287   287 I zygote  : option[26]=--runtime-arg
09-29 17:54:22.750   287   287 I zygote  : option[27]=-Ximage-compiler-option
09-29 17:54:22.750   287   287 I zygote  : option[28]=-Xms64m
09-29 17:54:22.750   287   287 I zygote  : option[29]=-Ximage-compiler-option
09-29 17:54:22.750   287   287 I zygote  : option[30]=--runtime-arg
09-29 17:54:22.751   287   287 I zygote  : option[31]=-Ximage-compiler-option
09-29 17:54:22.751   287   287 I zygote  : option[32]=-Xmx64m
09-29 17:54:22.751   287   287 I zygote  : option[33]=-Ximage-compiler-option
09-29 17:54:22.751   287   287 I zygote  : option[34]=--dirty-image-objects=/system/etc/dirty-image-objects
09-29 17:54:22.751   287   287 I zygote  : option[35]=-Ximage-compiler-option
09-29 17:54:22.751   287   287 I zygote  : option[36]=--instruction-set-variant=x86
09-29 17:54:22.751   287   287 I zygote  : option[37]=-Ximage-compiler-option
09-29 17:54:22.751   287   287 I zygote  : option[38]=--instruction-set-features=default
09-29 17:54:22.752   287   287 I zygote  : option[39]=-Ximage-compiler-option
09-29 17:54:22.752   287   287 I zygote  : option[40]=--generate-mini-debug-info
09-29 17:54:22.752   287   287 I zygote  : option[41]=-Duser.locale=en-US
09-29 17:54:22.752   287   287 I zygote  : option[42]=-XX:NativeBridge=libndk_translation.so
09-29 17:54:22.752   287   287 I zygote  : option[43]=--cpu-abilist=x86,armeabi-v7a,armeabi
09-29 17:54:22.752   287   287 I zygote  : option[44]=-Xcore-platform-api-policy:just-warn
09-29 17:54:22.752   287   287 I zygote  : option[45]=-Xfingerprint:Android/sdk_phone_x86/generic_x86:11/RSR1.210210.001.A1/7193139:userdebug/dev-keys
09-29 17:54:22.754   409   409 I perfetto: probes.cc:77            Starting /system/bin/traced_probes service
09-29 17:54:22.922     0     0 I init    : starting service 'traced'...
09-29 17:54:22.763   409   409 I perfetto: probes_producer.cc:117  Disconnected from tracing service
09-29 17:54:22.924     0     0 I init    : Created socket '/dev/socket/traced_consumer', mode 666, user 0, group 0
09-29 17:54:22.930     0     0 I init    : Created socket '/dev/socket/traced_producer', mode 666, user 0, group 0
09-29 17:54:22.942     0     0 I init    : processing action (persist.traced_perf.enable= && sys.init.perf_lsm_hooks=1 && traced.lazy.traced_perf=) from (/system/etc/init/traced_perf.rc:43)
09-29 17:54:22.785   285   285 I ServiceManager: Waiting for service 'statscompanion' on '/dev/binder'...
09-29 17:54:22.789   287   287 W zygote  : Could not reserve sentinel fault page
09-29 17:54:22.794   287   287 I zygote  : Core platform API reporting enabled, enforcing=false
09-29 17:54:22.963     0     0 I init    : processing action (nonencrypted) from (/system/etc/init/hw/init.rc:953)
09-29 17:54:22.966     0     0 I init    : starting service 'cameraserver'...
09-29 17:54:22.813   421   421 W perfetto: service.cc:97           Started traced, listening on /dev/socket/traced_producer /dev/socket/traced_consumer
09-29 17:54:22.972     0     0 W libprocessgroup: Failed to open /dev/cpuset/camera-daemon/tasks: No such file or directory: No such file or directory
09-29 17:54:22.976     0     0 I init    : starting service 'drm'...
09-29 17:54:22.977     0     0 W libprocessgroup: Failed to apply CameraServiceCapacity task profile: No such file or directory
09-29 17:54:22.988     0     0 I         : ip (422) used greatest stack depth: 10872 bytes left
09-29 17:54:22.993     0     0 I init    : starting service 'idmap2d'...
09-29 17:54:22.829   380   380 I ServiceManager: Waiting for service 'media.metrics' on '/dev/binder'...
09-29 17:54:23.014     0     0 I IPv6    : ADDRCONF(NETDEV_CHANGE): radio0: link becomes ready
09-29 17:54:23.018     0     0 I IPv6    : ADDRCONF(NETDEV_CHANGE): radio0-peer: link becomes ready
09-29 17:54:23.024     0     0 I init    : starting service 'incidentd'...
09-29 17:54:23.043     0     0 I init    : starting service 'installd'...
09-29 17:54:22.886   285   285 I ServiceManager: Waiting for service 'statscompanion' on '/dev/binder'...
09-29 17:54:23.058     0     0 I init    : starting service 'iorapd'...
09-29 17:54:23.069     0     0 I init    : starting service 'keystore'...
09-29 17:54:23.087     0     0 I init    : starting service 'mediaextractor'...
09-29 17:54:22.931   380   380 I ServiceManager: Waiting for service 'media.metrics' on '/dev/binder'...
09-29 17:54:23.098     0     0 I init    : starting service 'mediametrics'...
09-29 17:54:23.110     0     0 I init    : starting service 'media'...
09-29 17:54:23.116     0     0 I init    : starting service 'storaged'...
09-29 17:54:23.119     0     0 I init    : Could not open file '/d/mmc0/mmc0:0001/ext_csd': Failed to open file '/d/mmc0/mmc0:0001/ext_csd': No such file or directory
09-29 17:54:22.950   432   432 I installd: installd firing up
09-29 17:54:22.966   409   409 I perfetto: probes_producer.cc:100  Connected to the service
09-29 17:54:23.135     0     0 I init    : starting service 'wificond'...
09-29 17:54:23.145     0     0 I init    : starting service 'vendor.media.omx'...
09-29 17:54:22.987   285   285 I ServiceManager: Waiting for service 'statscompanion' on '/dev/binder'...
09-29 17:54:23.158     0     0 I init    : starting service 'vendor.ril-daemon'...
09-29 17:54:23.032   380   380 I ServiceManager: Waiting for service 'media.metrics' on '/dev/binder'...
09-29 17:54:23.046   434   434 I iorapd  : iorapd (the prefetchening) firing up
09-29 17:54:23.063   444   444 I wificond: wificond is starting up...
09-29 17:54:23.216     0     0 E init    : Could not start service 'vendor_flash_recovery' as part of class 'main': Cannot find '/vendor/bin/install-recovery.sh': No such file or directory
09-29 17:54:23.074   439   439 V MediaUtils: physMem: 2076872704
09-29 17:54:23.074   439   439 V MediaUtils: requested limit: 134217728
09-29 17:54:23.081   444   444 I HidlServiceManagement: Registered android.system.wifi.keystore@1.0::IKeystore/default (start delay of 110ms)
09-29 17:54:23.081   434   434 I iorapd  : Opened existing database at '/data/misc/iorapd/sqlite.db'
09-29 17:54:23.084   439   439 I libc    : malloc_limit: Allocation limit enabled, max size 134217728 bytes
09-29 17:54:23.244     0     0 I init    : starting service 'media.swcodec'...
09-29 17:54:23.086   439   439 D AudioPowerUsage: AudioPowerUsage
09-29 17:54:23.087   439   439 D AudioAnalytics: AudioAnalytics
09-29 17:54:23.087   439   439 D MediaMetricsService: MediaMetricsService
09-29 17:54:23.090   285   285 I ServiceManager: Waiting for service 'statscompanion' on '/dev/binder'...
09-29 17:54:23.094   434   434 W iorapd  : Reconnect to package manager service: 1 times
09-29 17:54:23.099   434   434 I ServiceManager: Waiting for service 'package_native' on '/dev/binder'...
09-29 17:54:23.105   435   435 I keystore: found android.hardware.keymaster@4.0::IKeymasterDevice with interface name default and seclevel SOFTWARE
09-29 17:54:23.105   174   174 I hwservicemanager: getTransport: Cannot find entry android.hardware.keymaster@3.0::IKeymasterDevice/default in either framework or device manifest.
09-29 17:54:23.105   435   435 W keystore: No secure Keymaster implementation found, but device offers insecure Keymaster HAL. Using as default.
09-29 17:54:23.271     0     0 I init    : Command 'class_start main' action=nonencrypted (/system/etc/init/hw/init.rc:954) took 304ms and succeeded
09-29 17:54:23.282     0     0 I init    : starting service 'netmgr'...
09-29 17:54:23.133   380   380 I AudioFlinger: Using default 3000 mSec as standby time.
09-29 17:54:23.141   439   451 I ServiceManager: Waiting for service 'package_native' on '/dev/binder'...
09-29 17:54:23.307     0     0 I init    : Control message: Processed ctl.start for 'netmgr' from pid: 447 (setprop ctl.start netmgr)
09-29 17:54:23.166   380   380 E APM::Serializer: deserialize: Could not parse /odm/etc/audio_policy_configuration.xml document.
09-29 17:54:23.324     0     0 I init    : starting service 'gatekeeperd'...
09-29 17:54:23.192   285   285 I ServiceManager: Waiting for service 'statscompanion' on '/dev/binder'...
09-29 17:54:23.354     0     0 I init    : starting service 'usbd'...
09-29 17:54:23.201   434   434 I ServiceManager: Waiting for service 'package_native' on '/dev/binder'...
09-29 17:54:23.204   380   380 D APM_EngineLoader: Loaded engine from libaudiopolicyenginedefault.so
09-29 17:54:23.204   380   380 E APM::AudioPolicyEngine/Config: parse: Could not parse document /vendor/etc/audio_policy_engine_configuration.xml
09-29 17:54:23.205   380   380 E libxml2 : I/O warning : failed to load external entity "/vendor/etc/audio_policy_engine_configuration.xml"
09-29 17:54:23.205   380   380 W APM::AudioPolicyEngine/Base: loadAudioPolicyEngineConfig: No configuration found, using default matching phone experience.
09-29 17:54:23.205   380   380 E APM::AudioPolicyEngine/Config: parseLegacyVolumeFile: Could not parse document /odm/etc/audio_policy_configuration.xml
09-29 17:54:23.390     0     0 I init    : starting service 'vendor.face-hal-1-0-default'...
09-29 17:54:23.227   380   380 E libxml2 : I/O warning : failed to load external entity "/odm/etc/audio_policy_configuration.xml"
09-29 17:54:23.241   439   451 I ServiceManager: Waiting for service 'package_native' on '/dev/binder'...
09-29 17:54:23.245   438   438 V MediaUtils: physMem: 2076872704
09-29 17:54:23.245   438   438 V MediaUtils: requested limit: 415374540
09-29 17:54:23.245   438   438 I libc    : malloc_limit: Allocation limit enabled, max size 415374540 bytes
09-29 17:54:23.416     0     0 I init    : starting service 'vendor.fps_hal'...
09-29 17:54:23.251   174   174 I hwservicemanager: getTransport: Cannot find entry android.hardware.usb.gadget@1.0::IUsbGadget/default in either framework or device manifest.
09-29 17:54:23.260   380   380 W APM::AudioPolicyEngine/Base: loadAudioPolicyEngineConfig: No configuration of AUDIO_STREAM_CALL_ASSISTANT found, using default volume configuration
09-29 17:54:23.263   457   457 I usbd    : Usb HAL not found
09-29 17:54:23.264   438   438 W mediaextractor: Could not read additional policy file '/vendor/etc/seccomp_policy/mediaextractor.policy'
09-29 17:54:23.264   438   438 W mediaextractor: libminijail[438]: failed to get path of fd 4: No such file or directory
09-29 17:54:23.264   438   438 W mediaextractor: libminijail[438]: allowing syscall: socketcall
09-29 17:54:23.265   438   438 W mediaextractor: libminijail[438]: allowing syscall: writev
09-29 17:54:23.265   438   438 W mediaextractor: libminijail[438]: allowing syscall: fcntl64
09-29 17:54:23.265   438   438 W mediaextractor: libminijail[438]: allowing syscall: clock_gettime
09-29 17:54:23.279   438   438 W mediaextractor: libminijail[438]: logging seccomp filter failures
09-29 17:54:23.296   380   380 I AudioFlinger: loadHwModule() Loaded primary audio interface, handle 10
09-29 17:54:23.296   380   380 I AudioFlinger: openOutput() this 0xef885fb0, module 10 Device type:0x2,@:, SamplingRate 44100, Format 0x000001, Channels 0x3, flags 0x2
09-29 17:54:23.297   440   440 I mediaserver: ServiceManager: 0xf4e40970
09-29 17:54:23.300   285   285 I ServiceManager: Waiting for service 'statscompanion' on '/dev/binder'...
09-29 17:54:23.307   440   440 D mediaserver: Time zone APEX ICU file found: /apex/com.android.tzdata/etc/icu/icu_tzdata.dat
09-29 17:54:23.310   434   434 I ServiceManager: Waiting for service 'package_native' on '/dev/binder'...
09-29 17:54:23.339   380   380 I AudioFlinger: HAL output buffer size 976 frames, normal sink buffer size 976 frames
09-29 17:54:23.342   439   451 I ServiceManager: Waiting for service 'package_native' on '/dev/binder'...
09-29 17:54:23.438     0     0 I init    : Command 'class_start late_start' action=nonencrypted (/system/etc/init/hw/init.rc:955) took 113ms and succeeded
09-29 17:54:23.452     0     0 I init    : Service 'usbd' (pid 457) exited with status 0 oneshot service took 0.090000 seconds in background
09-29 17:54:23.459     0     0 I init    : Sending signal 9 to service 'usbd' (pid 457) process group...
09-29 17:54:23.467     0     0 I br0     : port 1(eth0) entered blocking state
09-29 17:54:23.482     0     0 I br0     : port 1(eth0) entered disabled state
09-29 17:54:23.487     0     0 I         : device eth0 entered promiscuous mode
09-29 17:54:23.489     0     0 I br0     : port 1(eth0) entered blocking state
09-29 17:54:23.490     0     0 I libprocessgroup: Successfully killed process cgroup uid 0 pid 457 in 0ms
09-29 17:54:23.491     0     0 I br0     : port 1(eth0) entered forwarding state
09-29 17:54:23.499     0     0 I br0     : port 2(radio0-peer) entered blocking state
09-29 17:54:23.506     0     0 I br0     : port 2(radio0-peer) entered disabled state
09-29 17:54:23.349   458   458 I android.hardware.biometrics.face@1.0-service: BiometricsFace HAL is being started.
09-29 17:54:23.355   458   458 I HidlServiceManagement: Registered android.hardware.biometrics.face@1.0::IBiometricsFace/default (start delay of 134ms)
09-29 17:54:23.355   458   458 I HidlServiceManagement: Removing namespace from process name android.hardware.biometrics.face@1.0-service.example to face@1.0-service.example.
09-29 17:54:23.355   458   458 I android.hardware.biometrics.face@1.0-service: BiometricsFace HAL has started successfully.
09-29 17:54:23.512     0     0 I         : device radio0-peer entered promiscuous mode
09-29 17:54:23.358   440   440 D mediaserver: I18n APEX ICU file found: /apex/com.android.i18n/etc/icu/icudt66l.dat
09-29 17:54:23.368   380   380 I BufferProvider: found effect "Multichannel Downmix To Stereo" from The Android Open Source Project
09-29 17:54:23.518     0     0 I br0     : port 2(radio0-peer) entered blocking state
09-29 17:54:23.376   452   452 E netmgr  : qemu_pipe_open_ns:62: Could not connect to the 'pipe:qemud:network' service: Invalid argument
09-29 17:54:23.376   452   452 E netmgr  : Failed to open QEMU pipe 'qemud:network': Invalid argument
09-29 17:54:23.377   292   292 E android.hardware.audio.service.ranchu: device/generic/goldfish/audio/stream_out.cpp:setEventCallback:457 failure: Result::NOT_SUPPORTED
09-29 17:54:23.378   380   380 E AudioFlinger: Failed to add event callback
09-29 17:54:23.383   292   292 E android.hardware.audio.service.ranchu: device/generic/goldfish/audio/primary_device.cpp:getParameters:234 failure: Result::NOT_SUPPORTED
09-29 17:54:23.387   380   462 I AudioFlinger: AudioFlinger's thread 0xf1b24030 tid=462 ready to run
09-29 17:54:23.390   380   462 W AudioFlinger: no wake lock to update, system not ready yet
09-29 17:54:23.390   380   462 D AudioFlinger: ro.audio.silent is ignored since no output device is set
09-29 17:54:23.391   292   292 E android.hardware.audio.service.ranchu: device/generic/goldfish/audio/stream_out.cpp:getPresentationPosition:487 failure: Result::NOT_SUPPORTED
09-29 17:54:23.395   380   462 W AudioFlinger: no wake lock to update, system not ready yet
09-29 17:54:23.395   380   462 D AudioFlinger: ro.audio.silent is ignored since no output device is set
09-29 17:54:23.401   380   380 V APM_AudioPolicyManager: checkAndSetVolume cannot set volume group 4 volume with force use = 0 for comm
09-29 17:54:23.402   285   285 I ServiceManager: Waiting for service 'statscompanion' on '/dev/binder'...
09-29 17:54:23.411   459   459 D android.hardware.biometrics.fingerprint@2.1-service: Opening fingerprint hal library...
09-29 17:54:23.413   434   434 I ServiceManager: Waiting for service 'package_native' on '/dev/binder'...
09-29 17:54:23.418   445   445 I android.hardware.media.omx@1.0-service: mediacodecservice starting
09-29 17:54:23.424   440   440 W BatteryNotifier: batterystats service unavailable!
09-29 17:54:23.425   445   445 W android.hardware.media.omx@1.0-service: Could not read additional policy file '/vendor/etc/seccomp_policy/mediacodec.policy'
09-29 17:54:23.425   445   445 W android.hardware.media.omx@1.0-service: libminijail[445]: failed to get path of fd 4: No such file or directory
09-29 17:54:23.426   445   445 W android.hardware.media.omx@1.0-service: libminijail[445]: allowing syscall: socketcall
09-29 17:54:23.426   445   445 W android.hardware.media.omx@1.0-service: libminijail[445]: allowing syscall: writev
09-29 17:54:23.426   445   445 W android.hardware.media.omx@1.0-service: libminijail[445]: allowing syscall: fcntl64
09-29 17:54:23.426   445   445 W android.hardware.media.omx@1.0-service: libminijail[445]: allowing syscall: clock_gettime
09-29 17:54:23.431   440   440 W BatteryNotifier: batterystats service unavailable!
09-29 17:54:23.521     0     0 I br0     : port 2(radio0-peer) entered forwarding state
09-29 17:54:23.553     0     0 I init    : starting service 'wifi_forwarder'...
09-29 17:54:23.436   459   459 D FingerprintHal: ----------------> fingerprint_open ----------------->
09-29 17:54:23.436   459   459 D FingerprintHal: ----------------> set_notify_callback ----------------->
09-29 17:54:23.436   459   459 D FingerprintHal: fingerprint callback notification set
09-29 17:54:23.437   445   445 W android.hardware.media.omx@1.0-service: libminijail[445]: compile_file: <fd>(34): nonexistent syscall 'newfstatat'
09-29 17:54:23.441   459   459 I HidlServiceManagement: Registered android.hardware.biometrics.fingerprint@2.1::IBiometricsFingerprint/default (start delay of 191ms)
09-29 17:54:23.443   439   451 I ServiceManager: Waiting for service 'package_native' on '/dev/binder'...
09-29 17:54:23.446   380   380 W AudioFlinger: moveEffects() bad srcOutput 0
09-29 17:54:23.446   380   380 V APM_AudioPolicyManager: selectOutputForMusicEffects selected output 13
09-29 17:54:23.446   380   380 V APM_AudioPolicyManager: setOutputDevices device {type:0x2,@:} delayMs 0
09-29 17:54:23.446   380   380 V APM_AudioPolicyManager: setOutputDevices() prevDevice {type:0x2,@:}
09-29 17:54:23.446   459   459 I HidlServiceManagement: Removing namespace from process name android.hardware.biometrics.fingerprint@2.1-service to fingerprint@2.1-service.
09-29 17:54:23.446   380   380 V APM_AudioPolicyManager: setOutputDevices changing device to {type:0x2,@:}
09-29 17:54:23.608     0     0 I init    : Control message: Processed ctl.start for 'wifi_forwarder' from pid: 455 (setprop ctl.start wifi_forwarder)
09-29 17:54:23.613     0     0 I init    : processing action (nonencrypted) from (/system/etc/init/hw/init.rc:953)
09-29 17:54:23.453   445   445 W android.hardware.media.omx@1.0-service: libminijail[445]: logging seccomp filter failures
09-29 17:54:23.453   456   456 I gatekeeperd: Starting gatekeeperd...
09-29 17:54:23.458   459   465 D FingerprintHal: ----------------> listenerFunction ----------------->
09-29 17:54:23.464   380   380 V APM_AudioPolicyManager: setOutputDevices() AF::createAudioPatch returned 0 patchHandle 12 num_sources 1 num_sinks 1
09-29 17:54:23.464   387   470 I adbd    : host-14: write thread spawning
09-29 17:54:23.636     0     0 I init    : processing action (llk.enable=1) from (/system/etc/init/llkd.rc:9)
09-29 17:54:23.469   445   445 D GoldfishOMXPlugin: called createOMXPlugin for Goldfish
09-29 17:54:23.469   445   445 D GoldfishOMXPlugin: useAndroidGoldfishComponentInstance 73 found prop ro.kernel.qemu.hwcodec.vpxdec val 2
09-29 17:54:23.469   445   445 D GoldfishOMXPlugin: found and use kComponents[i].name OMX.android.goldfish.vp8.decoder
09-29 17:54:23.470   445   445 D GoldfishOMXPlugin: useAndroidGoldfishComponentInstance 73 found prop ro.kernel.qemu.hwcodec.vpxdec val 2
09-29 17:54:23.470   445   445 D GoldfishOMXPlugin: found and use kComponents[i].name OMX.android.goldfish.vp9.decoder
09-29 17:54:23.470   445   445 D GoldfishOMXPlugin: useAndroidGoldfishComponentInstance 73 found prop ro.kernel.qemu.hwcodec.avcdec val 2
09-29 17:54:23.471   387   469 I adbd    : host-14: read thread spawning
09-29 17:54:23.474   387   387 I adbd    : host-14: already offline
09-29 17:54:23.474   387   387 I adbd    : authentication not required
09-29 17:54:23.476   380   380 V APM_AudioPolicyManager: checkAndSetVolume cannot set volume group 4 volume with force use = 0 for comm
09-29 17:54:23.478   445   445 D GoldfishOMXPlugin: found and use kComponents[i].name OMX.android.goldfish.h264.decoder
09-29 17:54:23.478   445   445 D GoldfishOMXPlugin: enumerate OMX.android.goldfish.vp8.decoder component
09-29 17:54:23.479   445   445 D GoldfishOMXPlugin: enumerate OMX.android.goldfish.vp9.decoder component
09-29 17:54:23.479   445   445 D GoldfishOMXPlugin: enumerate OMX.android.goldfish.h264.decoder component
09-29 17:54:23.642     0     0 I init    : starting service 'emu_hostapd'...
09-29 17:54:23.494   380   380 I AudioFlinger: openOutput() this 0xef885fb0, module 10 Device type:0x10000,@:, SamplingRate 44100, Format 0x000001, Channels 0x3, flags 0
09-29 17:54:23.500   445   445 I SoftOMXPlugin: createOMXPlugin
09-29 17:54:23.501   445   445 D MediaCodecsXmlParser: parsing /vendor/etc/media_codecs.xml...
09-29 17:54:23.505   445   445 D MediaCodecsXmlParser: Ignoring unrecognized tag <MediaCodec> at line 85 of /vendor/etc/media_codecs.xml
09-29 17:54:23.505   445   445 D MediaCodecsXmlParser: Ignoring unrecognized tag <MediaCodec> at line 88 of /vendor/etc/media_codecs.xml
09-29 17:54:23.505   445   445 D MediaCodecsXmlParser: Ignoring unrecognized tag <MediaCodec> at line 91 of /vendor/etc/media_codecs.xml
09-29 17:54:23.505   445   445 D MediaCodecsXmlParser: parsing /vendor/etc/media_codecs_google_audio.xml...
09-29 17:54:23.506   285   285 I ServiceManager: Waiting for service 'statscompanion' on '/dev/binder'...
09-29 17:54:23.508   380   380 I AudioFlinger: HAL output buffer size 976 frames, normal sink buffer size 976 frames
09-29 17:54:23.509   445   445 D MediaCodecsXmlParser: parsing /vendor/etc/media_codecs_google_telephony.xml...
09-29 17:54:23.510   442   442 I ServiceManager: Waiting for service 'package_native' on '/dev/binder'...
09-29 17:54:23.669     0     0 I init    : Control message: Processed ctl.start for 'emu_hostapd' from pid: 466 (setprop ctl.start emu_hostapd)
09-29 17:54:23.673     0     0 I init    : processing action (khungtask.enable=1) from (/system/etc/init/llkd.rc:18)
09-29 17:54:23.511   292   292 E android.hardware.audio.service.ranchu: device/generic/goldfish/audio/stream_out.cpp:setEventCallback:457 failure: Result::NOT_SUPPORTED
09-29 17:54:23.515   445   445 D MediaCodecsXmlParser: parsing /vendor/etc/media_codecs_google_video.xml...
09-29 17:54:23.516   434   434 I ServiceManager: Waiting for service 'package_native' on '/dev/binder'...
09-29 17:54:23.511   423   423 I cameraserver: ServiceManager: 0xef4c0890
09-29 17:54:23.517   380   380 E AudioFlinger: Failed to add event callback
09-29 17:54:23.518   445   445 D MediaCodecsXmlParser: parsing /vendor/etc/media_codecs_performance.xml...
09-29 17:54:23.521   423   423 I CameraService: CameraService started (pid=423)
09-29 17:54:23.521   292   336 E android.hardware.audio.service.ranchu: device/generic/goldfish/audio/primary_device.cpp:getParameters:234 failure: Result::NOT_SUPPORTED
09-29 17:54:23.524   423   423 I CameraService: CameraService process starting
09-29 17:54:23.525   423   423 W BatteryNotifier: batterystats service unavailable!
09-29 17:54:23.525   423   423 W BatteryNotifier: batterystats service unavailable!
09-29 17:54:23.525   445   445 D MediaCodecsXmlParser: Cannot find /data/misc/media/media_codecs_profiling_results.xml
09-29 17:54:23.691     0     0 I init    : processing action (llk.enable=0) from (/system/etc/init/llkd.rc:12)
09-29 17:54:23.528   445   445 I HidlServiceManagement: Registered android.hardware.media.omx@1.0::IOmx/default (start delay of 547ms)
09-29 17:54:23.528   445   445 I HidlServiceManagement: Removing namespace from process name android.hardware.media.omx@1.0-service to omx@1.0-service.
09-29 17:54:23.528   445   445 I android.hardware.media.omx@1.0-service: IOmx HAL service created.
09-29 17:54:23.529   445   445 D MediaCodecsXmlParser: parsing /vendor/etc/media_codecs.xml...
09-29 17:54:23.529   445   445 D MediaCodecsXmlParser: Ignoring unrecognized tag <MediaCodec> at line 85 of /vendor/etc/media_codecs.xml
09-29 17:54:23.530   445   445 D MediaCodecsXmlParser: Ignoring unrecognized tag <MediaCodec> at line 88 of /vendor/etc/media_codecs.xml
09-29 17:54:23.530   445   445 D MediaCodecsXmlParser: Ignoring unrecognized tag <MediaCodec> at line 91 of /vendor/etc/media_codecs.xml
09-29 17:54:23.530   445   445 D MediaCodecsXmlParser: parsing /vendor/etc/media_codecs_google_audio.xml...
09-29 17:54:23.530   445   445 D MediaCodecsXmlParser: parsing /vendor/etc/media_codecs_google_telephony.xml...
09-29 17:54:23.531   445   445 D MediaCodecsXmlParser: parsing /vendor/etc/media_codecs_google_video.xml...
09-29 17:54:23.531   445   445 D MediaCodecsXmlParser: parsing /vendor/etc/media_codecs_performance.xml...
09-29 17:54:23.534   445   445 D MediaCodecsXmlParser: Cannot find /data/misc/media/media_codecs_profiling_results.xml
09-29 17:54:23.537   380   380 V APM_AudioPolicyManager: checkAndSetVolume cannot set volume group 4 volume with force use = 0 for comm
09-29 17:54:23.538   423   423 I CameraProviderManager: Connecting to new camera provider: internal/0, isRemote? 1
09-29 17:54:23.541   445   445 I HidlServiceManagement: Registered android.hardware.media.omx@1.0::IOmxStore/default (start delay of 560ms)
09-29 17:54:23.541   445   445 I HidlServiceManagement: Removing namespace from process name android.hardware.media.omx@1.0-service to omx@1.0-service.
09-29 17:54:23.543   439   451 I ServiceManager: Waiting for service 'package_native' on '/dev/binder'...
09-29 17:54:23.701     0     0 I init    : processing action (khungtask.enable=0) from (/system/etc/init/llkd.rc:21)
09-29 17:54:23.549   446   446 I HidlServiceManagement: Registered android.hardware.radio@1.1::IRadio/slot1 (start delay of 558ms)
09-29 17:54:23.555   380   475 I AudioFlinger: AudioFlinger's thread 0xf1925030 tid=475 ready to run
09-29 17:54:23.556   380   475 W AudioFlinger: no wake lock to update, system not ready yet
09-29 17:54:23.556   380   475 D AudioFlinger: ro.audio.silent is ignored since no output device is set
09-29 17:54:23.556   292   336 E android.hardware.audio.service.ranchu: device/generic/goldfish/audio/stream_out.cpp:getPresentationPosition:487 failure: Result::NOT_SUPPORTED
09-29 17:54:23.560   380   475 W AudioFlinger: no wake lock to update, system not ready yet
09-29 17:54:23.560   380   475 D AudioFlinger: ro.audio.silent is ignored since no output device is set
09-29 17:54:23.562   423   423 I CameraProviderManager: Enumerating new camera device: device@3.5/internal/1
09-29 17:54:23.563   296   363 I EmulatedCameraDeviceHwlImpl: Create: Created EmulatedCameraDeviceHwlImpl for camera 1
09-29 17:54:23.551   463   463 E wifi_forwarder: qemu_pipe_open_ns:62: Could not connect to the 'pipe:qemud:wififorward' service: Invalid argument
09-29 17:54:23.563   296   363 I GCH_CameraDevice: Create: Created a camera device for public(1)
09-29 17:54:23.563   463   463 E wifi_forwarder: RemoteConnection failed to initialize: RemoteConnection failed to open pipe
09-29 17:54:23.566   296   363 W GCH_HalVendorTags: ModifyCharacteristicsKeys: failed to get ANDROID_REQUEST_AVAILABLE_SESSION_KEYS
09-29 17:54:23.567   423   423 E CameraProviderManager: addDynamicDepthTags: Advertised depth exclusive tag but value is not present!
09-29 17:54:23.568   423   423 E CameraProviderManager: DeviceInfo3: Failed appending dynamic depth tags: Invalid argument (-22)
09-29 17:54:23.726     0     0 I init    : processing action (init.svc.media=*) from (/system/etc/init/mediaserver.rc:1)
09-29 17:54:23.732     0     0 I init    : processing action (vendor.network.bridged=1) from (/vendor/etc/init/hw/init.ranchu.rc:150)
09-29 17:54:23.573   296   363 W GCH_HalVendorTags: ModifyCharacteristicsKeys: failed to get ANDROID_REQUEST_AVAILABLE_SESSION_KEYS
09-29 17:54:23.574   438   438 E MediaExtractorFactory: couldn't opendir(/system/lib/extractors)
09-29 17:54:23.574   438   438 E MediaExtractorFactory: couldn't opendir(/system_ext/lib/extractors)
09-29 17:54:23.576   296   363 W GCH_HalVendorTags: ModifyCharacteristicsKeys: failed to get ANDROID_REQUEST_AVAILABLE_SESSION_KEYS
09-29 17:54:23.576   296   363 W GCH_HalVendorTags: ModifyCharacteristicsKeys: failed to get ANDROID_REQUEST_AVAILABLE_SESSION_KEYS
09-29 17:54:23.576   423   423 I CameraProviderManager: Camera provider internal/0 ready with 1 camera devices
09-29 17:54:23.740     0     0 I capability: warning: `hostapd_nohidl' uses 32-bit capabilities (legacy support in use)
09-29 17:54:23.577   423   423 I CameraProviderManager: Connecting to new camera provider: legacy/0, isRemote? 1
09-29 17:54:23.577   423   423 I CameraProviderManager: Enumerating new camera device: device@3.3/legacy/0
09-29 17:54:23.577   423   423 E CameraProviderManager: DeviceInfo3: Converted ICameraDevice instance to nullptr
09-29 17:54:23.578   423   423 I CameraProviderManager: Camera provider legacy/0 ready with 1 camera devices
09-29 17:54:23.579   423   423 I CameraService: onDeviceStatusChanged: Status changed for cameraId=1, newStatus=1
09-29 17:54:23.579   423   423 I CameraService: onDeviceStatusChanged: Unknown camera ID 1, a new camera is added
09-29 17:54:23.579   423   476 W CameraProviderManager: addProviderLocked: Camera provider HAL with name 'internal/0' already registered
09-29 17:54:23.579   423   476 I CameraService: onDeviceStatusChanged: Status changed for cameraId=0, newStatus=1
09-29 17:54:23.579   423   423 I CameraService: onDeviceStatusChanged: Status changed for cameraId=0, newStatus=1
09-29 17:54:23.579   423   423 I CameraService: onDeviceStatusChanged: Unknown camera ID 0, a new camera is added
09-29 17:54:23.579   423   476 I CameraService: onDeviceStatusChanged: Unknown camera ID 0, a new camera is added
09-29 17:54:23.579   423   476 W CameraProviderManager: addProviderLocked: Camera provider HAL with name 'legacy/0' already registered
09-29 17:54:23.580   423   423 I cameraserver: Waiting for activity service
09-29 17:54:23.745     0     0 I init    : starting service 'dhcpclient_rtr'...
09-29 17:54:23.585   380   380 V APM_AudioPolicyManager: selectOutputForMusicEffects selected output 13
09-29 17:54:23.586   380   380 V APM_AudioPolicyManager: setOutputDevices device {type:0x10000,@:} delayMs 0
09-29 17:54:23.586   380   380 V APM_AudioPolicyManager: setOutputDevices() prevDevice {type:0x10000,@:}
09-29 17:54:23.586   423   480 I CameraProviderManager: Camera device device@3.5/internal/1 physical device 14 status is now NOT_PRESENT, was NOT_PRESENT
09-29 17:54:23.586   423   480 I CameraService: onDeviceStatusChanged: Status changed for cameraId=1, physicalCameraId=14, newStatus=0
09-29 17:54:23.586   380   380 V APM_AudioPolicyManager: setOutputDevices changing device to {type:0x10000,@:}
09-29 17:54:23.602   380   380 V APM_AudioPolicyManager: setOutputDevices() AF::createAudioPatch returned 0 patchHandle 20 num_sources 1 num_sinks 1
09-29 17:54:23.761     0     0 I init    : processing action (llk.enable=true) from (/system/etc/init/llkd.rc:34)
09-29 17:54:23.765     0     0 I init    : starting service 'llkd-1'...
09-29 17:54:23.604   380   380 V APM_AudioPolicyManager: checkAndSetVolume cannot set volume group 4 volume with force use = 0 for comm
09-29 17:54:23.607   471   471 I hostapd : rfkill: Cannot get wiphy information
09-29 17:54:23.608   471   471 I hostapd : wlan1: interface state UNINITIALIZED->COUNTRY_UPDATE
09-29 17:54:23.774     0     0 I br0     : port 3(wlan1) entered blocking state
09-29 17:54:23.776     0     0 I br0     : port 3(wlan1) entered disabled state
09-29 17:54:23.777     0     0 I init    : Opened file '/dev/kmsg', flags 1
09-29 17:54:23.778     0     0 I         : device wlan1 entered promiscuous mode
09-29 17:54:23.780     0     0 I init    : Opened file '/proc/sysrq-trigger', flags 1
09-29 17:54:23.617   434   434 I ServiceManager: Waiting for service 'package_native' on '/dev/binder'...
09-29 17:54:23.617   442   442 I ServiceManager: Waiting for service 'package_native' on '/dev/binder'...
09-29 17:54:23.618   285   285 I ServiceManager: Waiting for service 'statscompanion' on '/dev/binder'...
09-29 17:54:23.785     0     0 I br0     : port 3(wlan1) entered blocking state
09-29 17:54:23.788     0     0 I br0     : port 3(wlan1) entered forwarding state
09-29 17:54:23.623   380   494 I AudioFlinger: AudioFlinger's thread 0xf11d3030 tid=494 ready to run
09-29 17:54:23.625   380   494 W AudioFlinger: no wake lock to update, system not ready yet
09-29 17:54:23.632   380   494 W AudioFlinger: no wake lock to update, system not ready yet
09-29 17:54:23.637   380   498 I AudioFlinger: AudioFlinger's thread 0xf07d7030 tid=498 ready to run
09-29 17:54:23.640   380   498 W AudioFlinger: no wake lock to update, system not ready yet
09-29 17:54:23.799     0     0 I init    : Service 'ranchu-net' (pid 388) exited with status 0 oneshot service took 1.049000 seconds in background
09-29 17:54:23.803     0     0 I init    : Sending signal 9 to service 'ranchu-net' (pid 388) process group...
09-29 17:54:23.644   380   500 I AudioFlinger: AudioFlinger's thread 0xf11d3030 tid=500 ready to run
09-29 17:54:23.645   380   500 W AudioFlinger: no wake lock to update, system not ready yet
09-29 17:54:23.646   439   451 I ServiceManager: Waiting for service 'package_native' on '/dev/binder'...
09-29 17:54:23.808     0     0 I libprocessgroup: Successfully killed process cgroup uid 0 pid 388 in 0ms
09-29 17:54:23.653   493   493 I livelock: started
09-29 17:54:23.655   493   493 W livelock: [khungtaskd] not configurable
09-29 17:54:23.656   493   493 I livelock: ro.config.low_ram=false
09-29 17:54:23.656   493   493 I livelock: ro.llk.sysrq_t=true
09-29 17:54:23.656   493   493 I livelock: ro.llk.enable=true
09-29 17:54:23.656   493   493 I livelock: ro.khungtask.enable=true
09-29 17:54:23.656   493   493 I livelock: ro.llk.mlockall=true
09-29 17:54:23.656   493   493 I livelock: ro.llk.killtest=true
09-29 17:54:23.656   493   493 I livelock: ro.khungtask.timeout=720s
09-29 17:54:23.656   493   493 I livelock: ro.llk.timeout_ms=600.000s
09-29 17:54:23.656   493   493 I livelock: ro.llk.D.timeout_ms=600.000s
09-29 17:54:23.656   493   493 I livelock: ro.llk.Z.timeout_ms=600.000s
09-29 17:54:23.656   493   493 I livelock: ro.llk.stack.timeout_ms=600.000s
09-29 17:54:23.656   493   493 I livelock: ro.llk.check_ms=120.000s
09-29 17:54:23.656   493   493 I livelock: ro.llk.stack=wait_on_page_bit_killable,bit_wait_io,__get_user_pages,cma_alloc
09-29 17:54:23.656   493   493 I livelock: ro.llk.ignorelist.process.stack=apexd,ueventd,init,keystore,lmkd.llkd,llkd
09-29 17:54:23.656   493   493 I livelock: ro.llk.ignorelist.process=[watchdog/3],[watchdogd/0],[watchdog/1],493,watchdogd,[khungtaskd],lmkd,[watchdogd],[kthreadd],[watchdog/2],2,0,1,init,llkd
09-29 17:54:23.656   493   493 I livelock: ro.llk.ignorelist.parent=[kthreadd],2,0,adbd&[setsid]
09-29 17:54:23.656   493   493 I livelock: ro.llk.ignorelist.uid=
09-29 17:54:23.661   380   500 W AudioFlinger: no wake lock to update, system not ready yet
09-29 17:54:23.824     0     0 I init    : processing action (khungtask.enable=true) from (/system/etc/init/llkd.rc:25)
09-29 17:54:23.667   371   405 W SurfaceFlinger: Faking VSYNC due to driver stall for thread sf
09-29 17:54:23.667   371   405 W SurfaceFlinger: VsyncSource debug info:
09-29 17:54:23.668   371   405 W SurfaceFlinger: DispSyncSource: sf(enabled)
09-29 17:54:23.668   371   405 W SurfaceFlinger: present fences are used
09-29 17:54:23.668   371   405 W SurfaceFlinger: mPeriod: 0 ns (inf fps)
09-29 17:54:23.668   371   405 W SurfaceFlinger: mPhase: 0 ns
09-29 17:54:23.668   371   405 W SurfaceFlinger: mError: 0 ns (sqrt=0.0)
09-29 17:54:23.668   371   405 W SurfaceFlinger: mNumResyncSamplesSincePresent: 0 (limit 4)
09-29 17:54:23.668   371   405 W SurfaceFlinger: mNumResyncSamples: 0 (max 32)
09-29 17:54:23.668   371   405 W SurfaceFlinger: mResyncSamples:
09-29 17:54:23.668   371   405 W SurfaceFlinger: mPresentFences [8]:
09-29 17:54:23.668   371   405 W SurfaceFlinger:   [invalid fence]
09-29 17:54:23.668   371   405 I chatty  : uid=1000(system) sf identical 6 lines
09-29 17:54:23.668   371   405 W SurfaceFlinger:   [invalid fence]
09-29 17:54:23.668   371   405 W SurfaceFlinger: current monotonic time: 20577262647
09-29 17:54:23.670   292   336 I r_submix: adev_open(name=audio_hw_if)
09-29 17:54:23.671   292   336 I r_submix: adev_init_check()
09-29 17:54:23.671   380   380 I AudioFlinger: loadHwModule() Loaded r_submix audio interface, handle 18
09-29 17:54:23.671   292   336 D r_submix: adev_open_input_stream(addr=0)
09-29 17:54:23.671   292   336 D r_submix: submix_audio_device_create_pipe_l(addr=0, idx=9)
09-29 17:54:23.671   292   336 D r_submix:   now using address 0 for route 9
09-29 17:54:23.830     0     0 I init    : processing action (khungtask.enable=false) from (/system/etc/init/llkd.rc:31)
09-29 17:54:23.834     0     0 I init    : processing action (init.svc.mediadrm=running) from (/vendor/etc/init/android.hardware.drm@1.3-service.widevine.rc:1)
09-29 17:54:23.674   380   504 I AudioFlinger: AudioFlinger's thread 0xf11d3030 tid=504 ready to run
09-29 17:54:23.675   292   336 I r_submix: in_standby()
09-29 17:54:23.676   380   504 W AudioFlinger: no wake lock to update, system not ready yet
09-29 17:54:23.677   292   336 I r_submix: in_standby()
09-29 17:54:23.680   371   371 D RenderEngine: shader cache generated - 48 shaders in 1013.722900 ms
09-29 17:54:23.846     0     0 D logd    : logdr: UID=2000 GID=2000 PID=502 b tail=0 logMask=99 pid=0 start=0ns timeout=0ns
09-29 17:54:23.687   371   371 I HidlServiceManagement: Registered android.frameworks.displayservice@1.0::IDisplayService/default (start delay of 1436ms)
09-29 17:54:23.687   371   371 D SurfaceFlinger: Setting power mode 2 on display 8141603649153536
09-29 17:54:23.689   371   371 D SurfaceFlinger: Finished setting power mode 2 on display 8141603649153536
09-29 17:54:23.856     0     0 I init    : starting service 'bootanim'...
09-29 17:54:23.862     0     0 I init    : Control message: Processed ctl.start for 'bootanim' from pid: 371 (/system/bin/surfaceflinger)
09-29 17:54:23.698   449   449 I mediaswcodec: media swcodec service starting
09-29 17:54:23.703   449   449 W mediaswcodec: Could not read additional policy file '/vendor/etc/seccomp_policy/mediaswcodec.policy'
09-29 17:54:23.704   449   449 W mediaswcodec: libminijail[449]: failed to get path of fd 4: No such file or directory
09-29 17:54:23.705   449   449 W mediaswcodec: libminijail[449]: allowing syscall: socketcall
09-29 17:54:23.705   449   449 W mediaswcodec: libminijail[449]: allowing syscall: writev
09-29 17:54:23.705   449   449 W mediaswcodec: libminijail[449]: allowing syscall: fcntl64
09-29 17:54:23.705   449   449 W mediaswcodec: libminijail[449]: allowing syscall: clock_gettime
