09-29 17:54:28.310   524   548 D SystemConfig: readAllPermissions took to complete: 263ms
09-29 17:54:28.310   524   548 D SystemServerInitThreadPool: Finished executing ReadingSystemConfig
09-29 17:54:28.310   524   548 D SystemServerTimingAsync: InitThreadPoolExec:ReadingSystemConfig took to complete: 264ms
09-29 17:54:28.318   524   524 I ApexManagerTiming: getActiveApexInfos_noCache
09-29 17:54:28.326   524   524 D ApexManagerTiming: getActiveApexInfos_noCache took to complete: 8ms
09-29 17:54:28.327   524   524 D CompatConfig: No directory /apex/com.android.sdkext/etc/compatconfig, skipping
09-29 17:54:28.327   524   524 D CompatConfig: No directory /apex/com.android.media/etc/compatconfig, skipping
09-29 17:54:28.327   524   524 D CompatConfig: No directory /apex/com.android.apex.cts.shim/etc/compatconfig, skipping
09-29 17:54:28.328   524   524 D CompatConfig: No directory /apex/com.android.extservices/etc/compatconfig, skipping
09-29 17:54:28.328   524   524 D CompatConfig: No directory /apex/com.android.tethering/etc/compatconfig, skipping
09-29 17:54:28.328   524   524 D CompatConfig: No directory /apex/com.android.ipsec/etc/compatconfig, skipping
09-29 17:54:28.328   524   524 D CompatConfig: No directory /apex/com.android.neuralnetworks/etc/compatconfig, skipping
09-29 17:54:28.329   524   524 D CompatConfig: No directory /apex/com.android.vndk.v30/etc/compatconfig, skipping
09-29 17:54:28.329   524   524 D CompatConfig: No directory /apex/com.android.resolv/etc/compatconfig, skipping
09-29 17:54:28.329   524   524 D CompatConfig: No directory /apex/com.android.adbd/etc/compatconfig, skipping
09-29 17:54:28.329   524   524 D CompatConfig: No directory /apex/com.android.wifi/etc/compatconfig, skipping
09-29 17:54:28.330   524   524 D CompatConfig: No directory /apex/com.android.tzdata/etc/compatconfig, skipping
09-29 17:54:28.330   524   524 D CompatConfig: No directory /apex/com.android.os.statsd/etc/compatconfig, skipping
09-29 17:54:28.330   524   524 D CompatConfig: No directory /apex/com.android.art/etc/compatconfig, skipping
09-29 17:54:28.331   524   524 D CompatConfig: No directory /apex/com.android.cellbroadcast/etc/compatconfig, skipping
09-29 17:54:28.331   524   524 D CompatConfig: No directory /apex/com.android.i18n/etc/compatconfig, skipping
09-29 17:54:28.334   524   524 D CompatConfig: Found a config file: /apex/com.android.mediaprovider/etc/compatconfig/media-provider-platform-compat-config.xml
09-29 17:54:28.336   524   524 D CompatConfig: No directory /apex/com.android.permission/etc/compatconfig, skipping
09-29 17:54:28.336   524   524 D CompatConfig: No directory /apex/com.android.media.swcodec/etc/compatconfig, skipping
09-29 17:54:28.336   524   524 D CompatConfig: No directory /apex/com.android.conscrypt/etc/compatconfig, skipping
09-29 17:54:28.336   524   524 D CompatConfig: No directory /apex/com.android.runtime/etc/compatconfig, skipping
09-29 17:54:28.342   524   524 D SystemServerTiming: PlatformCompat took to complete: 301ms
09-29 17:54:28.343   524   524 I SystemServerTiming: StartFileIntegrityService
09-29 17:54:28.343   524   524 I SystemServiceManager: Starting com.android.server.security.FileIntegrityService
09-29 17:54:28.364   524   524 D SystemServerTiming: StartFileIntegrityService took to complete: 22ms
09-29 17:54:28.364   524   524 I SystemServerTiming: StartInstaller
09-29 17:54:28.364   524   524 I SystemServiceManager: Starting com.android.server.pm.Installer
09-29 17:54:28.368   432   443 D installd: Found quota mount /dev/block/dm-5 at /data
09-29 17:54:28.368   432   443 D installd: Found quota mount /dev/block/dm-5 at /data/user/0
09-29 17:54:28.369   524   524 D SystemServerTiming: StartInstaller took to complete: 5ms
09-29 17:54:28.369   524   524 I SystemServerTiming: DeviceIdentifiersPolicyService
09-29 17:54:28.369   524   524 I SystemServiceManager: Starting com.android.server.os.DeviceIdentifiersPolicyService
09-29 17:54:28.371   524   524 D SystemServerTiming: DeviceIdentifiersPolicyService took to complete: 2ms
09-29 17:54:28.371   524   524 I SystemServerTiming: UriGrantsManagerService
09-29 17:54:28.373   524   524 I SystemServiceManager: Starting com.android.server.uri.UriGrantsManagerService$Lifecycle
09-29 17:54:28.389   442   442 I ServiceManager: Waiting for service 'package_native' on '/dev/binder'...
09-29 17:54:28.398   524   524 D SystemServerTiming: UriGrantsManagerService took to complete: 26ms
09-29 17:54:28.398   524   524 I SystemServerTiming: StartActivityManager
09-29 17:54:28.398   524   524 I SystemServiceManager: Starting com.android.server.wm.ActivityTaskManagerService$Lifecycle
09-29 17:54:28.482   524   524 I SystemServiceManager: Starting com.android.server.am.ActivityManagerService$Lifecycle
09-29 17:54:28.531   524   524 I ActivityManager: Memory class: 192
09-29 17:54:28.491   442   442 I ServiceManager: Waiting for service 'package_native' on '/dev/binder'...
09-29 17:54:28.595   442   442 W ServiceManager: Service package_native didn't start. Returning NULL
09-29 17:54:28.595   442   442 E storaged: getService package_native failed
09-29 17:54:28.598   442   560 I storaged: storaged: Start
09-29 17:54:28.599   442   560 I ServiceManager: Waiting for service 'package_native' on '/dev/binder'...
09-29 17:54:28.609   471   471 I hostapd : wlan1: interface state COUNTRY_UPDATE->HT_SCAN
09-29 17:54:28.625   524   524 D BatteryStatsImpl: Reading daily items from /data/system/batterystats-daily.xml
09-29 17:54:28.663   524   562 I BatteryStatsService: Using power.stats HAL
09-29 17:54:28.669   524   562 W BatteryStatsService: Rail information is not available
09-29 17:54:28.669   524   562 W BatteryStatsService: Rail energy data is not available
09-29 17:54:28.670   524   562 E BluetoothAdapter: Bluetooth binder is null
09-29 17:54:28.680   524   562 I KernelCpuUidFreqTimeReader: mPerClusterTimesAvailable=false
09-29 17:54:28.701   208   211 E android.system.suspend@1.0-service: Error opening kernel wakelock stats for: wakeup34: Permission denied
09-29 17:54:28.705   442   560 I ServiceManager: Waiting for service 'package_native' on '/dev/binder'...
09-29 17:54:28.705   208   211 E android.system.suspend@1.0-service: Error opening kernel wakelock stats for: wakeup35: Permission denied
09-29 17:54:28.709   174   174 I hwservicemanager: getTransport: Cannot find entry android.hardware.memtrack@1.0::IMemtrack/default in either framework or device manifest.
09-29 17:54:28.710   524   524 E memtrack: Couldn't load memtrack module
09-29 17:54:28.710   524   562 W KernelMemoryBandwidthStats: No kernel memory bandwidth stats available
09-29 17:54:28.696   208   208 W Binder:208_2: type=1400 audit(0.0:6): avc: denied { read } for name="wakeup34" dev="sysfs" ino=18950 scontext=u:r:system_suspend:s0 tcontext=u:object_r:sysfs:s0 tclass=dir permissive=0
09-29 17:54:28.700   208   208 W Binder:208_2: type=1400 audit(0.0:7): avc: denied { read } for name="wakeup35" dev="sysfs" ino=19013 scontext=u:r:system_suspend:s0 tcontext=u:object_r:sysfs:s0 tclass=dir permissive=0
09-29 17:54:28.806   442   560 I ServiceManager: Waiting for service 'package_native' on '/dev/binder'...
09-29 17:54:28.892   524   524 I IntentFirewall: Read new rules (A:0 B:0 S:0)
09-29 17:54:28.969   524   524 D AppOps  : AppOpsService published
09-29 17:54:28.980   524   524 D SystemServerTiming: StartActivityManager took to complete: 581ms
09-29 17:54:28.980   524   524 I SystemServerTiming: StartDataLoaderManagerService
09-29 17:54:28.980   524   524 I SystemServiceManager: Starting com.android.server.pm.DataLoaderManagerService
09-29 17:54:28.981   524   524 D SystemServerTiming: StartDataLoaderManagerService took to complete: 1ms
09-29 17:54:28.981   524   524 I SystemServerTiming: StartIncrementalService
09-29 17:54:28.908   442   560 I ServiceManager: Waiting for service 'package_native' on '/dev/binder'...
09-29 17:54:28.997   524   524 I incfs-mounts: [incfs] Loaded incremental-fs mount info: 0 instances, 0 mount points
09-29 17:54:29.001   524   524 D SystemServerTiming: StartIncrementalService took to complete: 19ms
09-29 17:54:29.001   524   524 I SystemServerTiming: StartPowerManager
09-29 17:54:29.002   524   524 I SystemServiceManager: Starting com.android.server.power.PowerManagerService
09-29 17:54:29.013   442   560 I ServiceManager: Waiting for service 'package_native' on '/dev/binder'...
09-29 17:54:29.036   173   173 I servicemanager: Found android.hardware.power.IPower/default in device VINTF manifest.
09-29 17:54:29.038   174   174 I hw-BpHwBinder: onLastStrongRef automatically unlinking death recipients
09-29 17:54:29.041   356   356 I android.hardware.power-service.example: Power isModeSupported: 7
09-29 17:54:29.049   356   356 I android.hardware.power-service.example: Power isModeSupported: 0
09-29 17:54:29.055   524   524 D SystemServerTiming: StartPowerManager took to complete: 53ms
09-29 17:54:29.055   524   524 I SystemServerTiming: StartThermalManager
09-29 17:54:29.055   524   524 I SystemServiceManager: Starting com.android.server.power.ThermalManagerService
09-29 17:54:29.060   524   524 D SystemServerTiming: StartThermalManager took to complete: 5ms
09-29 17:54:29.060   524   524 I SystemServerTiming: InitPowerManagement
09-29 17:54:29.069   524   524 D SystemServerTiming: InitPowerManagement took to complete: 8ms
09-29 17:54:29.069   524   524 I SystemServerTiming: StartRecoverySystemService
09-29 17:54:29.069   524   524 I SystemServiceManager: Starting com.android.server.recoverysystem.RecoverySystemService$Lifecycle
09-29 17:54:29.078   524   524 D SystemServerTiming: StartRecoverySystemService took to complete: 9ms
09-29 17:54:29.089   524   524 I PackageWatchdog: Syncing state, reason: added new observer
09-29 17:54:29.090   524   524 I PackageWatchdog: Not pruning observers, elapsed time: 0ms
09-29 17:54:29.090   524   524 I PackageWatchdog: Cancelling state sync, nothing to sync
09-29 17:54:29.091   524   552 I PackageWatchdog: Saving observer state to file
09-29 17:54:29.092   524   524 I SystemServerTiming: StartLightsService
09-29 17:54:29.092   524   524 I SystemServiceManager: Starting com.android.server.lights.LightsService
09-29 17:54:29.116   442   560 I ServiceManager: Waiting for service 'package_native' on '/dev/binder'...
09-29 17:54:29.126   173   173 I servicemanager: Found android.hardware.light.ILights/default in device VINTF manifest.
09-29 17:54:29.140   355   355 I android.hardware.lights-service.example: Lights reporting supported lights
09-29 17:54:29.148   524   524 D SystemServerTiming: StartLightsService took to complete: 57ms
09-29 17:54:29.149   524   524 I SystemServerTiming: StartSidekickService
09-29 17:54:29.149   524   524 D SystemServerTiming: StartSidekickService took to complete: 0ms
09-29 17:54:29.149   524   524 I SystemServerTiming: StartDisplayManager
09-29 17:54:29.150   524   524 I SystemServiceManager: Starting com.android.server.display.DisplayManagerService
09-29 17:54:29.186   434   434 W iorapd  : Reconnect to package manager service: 2 times
09-29 17:54:29.188   434   434 I ServiceManager: Waiting for service 'package_native' on '/dev/binder'...
09-29 17:54:29.187   524   524 D SystemServerTiming: StartDisplayManager took to complete: 38ms
09-29 17:54:29.188   524   524 I SystemServerTiming: WaitForDisplay
09-29 17:54:29.190   524   524 I SystemServiceManager: Starting phase 100
09-29 17:54:29.190   524   524 I SystemServerTiming: OnBootPhase_100
09-29 17:54:29.190   524   524 I SystemServerTiming: OnBootPhase_100_com.android.server.security.FileIntegrityService
09-29 17:54:29.190   524   524 D SystemServerTiming: OnBootPhase_100_com.android.server.security.FileIntegrityService took to complete: 0ms
09-29 17:54:29.191   524   524 I SystemServerTiming: OnBootPhase_100_com.android.server.pm.Installer
09-29 17:54:29.191   524   524 D SystemServerTiming: OnBootPhase_100_com.android.server.pm.Installer took to complete: 0ms
09-29 17:54:29.191   524   524 I SystemServerTiming: OnBootPhase_100_com.android.server.os.DeviceIdentifiersPolicyService
09-29 17:54:29.192   524   524 D SystemServerTiming: OnBootPhase_100_com.android.server.os.DeviceIdentifiersPolicyService took to complete: 1ms
09-29 17:54:29.192   524   524 I SystemServerTiming: OnBootPhase_100_com.android.server.uri.UriGrantsManagerService$Lifecycle
09-29 17:54:29.192   524   524 D SystemServerTiming: OnBootPhase_100_com.android.server.uri.UriGrantsManagerService$Lifecycle took to complete: 0ms
09-29 17:54:29.192   524   524 I SystemServerTiming: OnBootPhase_100_com.android.server.wm.ActivityTaskManagerService$Lifecycle
09-29 17:54:29.193   524   524 D SystemServerTiming: OnBootPhase_100_com.android.server.wm.ActivityTaskManagerService$Lifecycle took to complete: 0ms
09-29 17:54:29.193   524   524 I SystemServerTiming: OnBootPhase_100_com.android.server.am.ActivityManagerService$Lifecycle
09-29 17:54:29.193   524   524 D SystemServerTiming: OnBootPhase_100_com.android.server.am.ActivityManagerService$Lifecycle took to complete: 0ms
09-29 17:54:29.193   524   524 I SystemServerTiming: OnBootPhase_100_com.android.server.pm.DataLoaderManagerService
09-29 17:54:29.193   524   524 D SystemServerTiming: OnBootPhase_100_com.android.server.pm.DataLoaderManagerService took to complete: 0ms
09-29 17:54:29.193   524   524 I SystemServerTiming: OnBootPhase_100_com.android.server.power.PowerManagerService
09-29 17:54:29.194   524   524 D SystemServerTiming: OnBootPhase_100_com.android.server.power.PowerManagerService took to complete: 0ms
09-29 17:54:29.194   524   524 I SystemServerTiming: OnBootPhase_100_com.android.server.power.ThermalManagerService
09-29 17:54:29.195   371   384 E HWComposer: getSupportedContentTypes: getSupportedContentTypes failed for display 8141603649153536: Unsupported (8)
09-29 17:54:29.199   524   524 D SystemServerTiming: OnBootPhase_100_com.android.server.power.ThermalManagerService took to complete: 2ms
09-29 17:54:29.201   524   524 I SystemServerTiming: OnBootPhase_100_com.android.server.recoverysystem.RecoverySystemService$Lifecycle
09-29 17:54:29.201   524   524 D SystemServerTiming: OnBootPhase_100_com.android.server.recoverysystem.RecoverySystemService$Lifecycle took to complete: 1ms
09-29 17:54:29.201   524   524 I SystemServerTiming: OnBootPhase_100_com.android.server.lights.LightsService
09-29 17:54:29.202   524   524 D SystemServerTiming: OnBootPhase_100_com.android.server.lights.LightsService took to complete: 0ms
09-29 17:54:29.202   524   524 I SystemServerTiming: OnBootPhase_100_com.android.server.display.DisplayManagerService
09-29 17:54:29.215   524   544 I DisplayManagerService: Display device added: DisplayDeviceInfo{"Built-in Screen": uniqueId="local:8141603649153536", 1440 x 3040, modeId 1, defaultModeId 1, supportedModes [{id=1, width=1440, height=3040, fps=60.000004}], colorMode 0, supportedColorModes [0], HdrCapabilities HdrCapabilities{mSupportedHdrTypes=[], mMaxLuminance=500.0, mMaxAverageLuminance=500.0, mMinLuminance=0.0}, allmSupported false, gameContentTypeSupported false, density 560, 560.0 x 560.0 dpi, appVsyncOff 1000000, presDeadline 16666666, touch INTERNAL, rotation 0, type INTERNAL, address {port=0, model=0x1cecbed168ea}, deviceProductInfo DeviceProductInfo{name=EMU_display_0, manufacturerPnpId=GGL, productId=1, modelYear=null, manufactureDate=ManufactureDate{week=27, year=2006}, relativeAddress=null}, state UNKNOWN, FLAG_DEFAULT_DISPLAY, FLAG_ROTATES_WITH_CONTENT, FLAG_SECURE, FLAG_SUPPORTS_PROTECTED_BUFFERS}
09-29 17:54:29.218   442   560 I ServiceManager: Waiting for service 'package_native' on '/dev/binder'...
09-29 17:54:29.224   371   371 D SurfaceFlinger: Setting power mode 2 on display 8141603649153536
09-29 17:54:29.225   524   524 D SystemServerTiming: OnBootPhase_100_com.android.server.display.DisplayManagerService took to complete: 23ms
09-29 17:54:29.225   524   524 D SystemServerTiming: OnBootPhase_100 took to complete: 35ms
09-29 17:54:29.226   524   524 D SystemServerTiming: WaitForDisplay took to complete: 36ms
09-29 17:54:29.226   524   524 I SystemServerTiming: StartPackageManagerService
09-29 17:54:29.226   524   524 I Watchdog: Pausing HandlerChecker: main thread for reason: packagemanagermain. Pause count: 1
09-29 17:54:29.228   524   544 I DisplayManagerService: Display device changed state: "Built-in Screen", ON
09-29 17:54:29.282   524   524 I PackageManagerTiming: create package manager
09-29 17:54:29.289   434   434 I ServiceManager: Waiting for service 'package_native' on '/dev/binder'...
09-29 17:54:29.300   524   524 I PackageManagerTiming: createSubComponents
09-29 17:54:29.320   442   560 I ServiceManager: Waiting for service 'package_native' on '/dev/binder'...
09-29 17:54:29.394   434   434 I ServiceManager: Waiting for service 'package_native' on '/dev/binder'...
09-29 17:54:29.422   442   560 I ServiceManager: Waiting for service 'package_native' on '/dev/binder'...
09-29 17:54:29.447   524   524 D PackageManagerTiming: createSubComponents took to complete: 147ms
09-29 17:54:29.447   524   524 I PackageManagerTiming: addSharedUsers
09-29 17:54:29.452   524   524 D PackageManagerTiming: addSharedUsers took to complete: 5ms
09-29 17:54:29.454   524   524 I PackageManagerTiming: get system config
09-29 17:54:29.462   524   524 D PackageManagerTiming: get system config took to complete: 8ms
09-29 17:54:29.470   524   524 D PackageManager: Directories scanned as system partitions: [/system:0, /vendor:524288, /odm:4194304, /oem:262144, /product:1048576, /system_ext:2097152, /apex/com.android.sdkext:8388608, /apex/com.android.media:8388608, /apex/com.android.apex.cts.shim:8388608, /apex/com.android.extservices:8388608, /apex/com.android.tethering:8388608, /apex/com.android.ipsec:8388608, /apex/com.android.neuralnetworks:8388608, /apex/com.android.vndk.v30:8388608, /apex/com.android.resolv:8388608, /apex/com.android.adbd:8388608, /apex/com.android.wifi:8388608, /apex/com.android.tzdata:8388608, /apex/com.android.os.statsd:8388608, /apex/com.android.art:8388608, /apex/com.android.cellbroadcast:8388608, /apex/com.android.i18n:8388608, /apex/com.android.mediaprovider:8388608, /apex/com.android.permission:8388608, /apex/com.android.media.swcodec:8388608, /apex/com.android.conscrypt:8388608, /apex/com.android.runtime:8388608]
09-29 17:54:29.472   524   524 D SELinuxMMAC: Using policy file /system/etc/selinux/plat_mac_permissions.xml
09-29 17:54:29.480   524   524 D SELinuxMMAC: Using policy file /vendor/etc/selinux/vendor_mac_permissions.xml
09-29 17:54:29.484   524   524 I PackageManagerTiming: loadFallbacks
09-29 17:54:29.488   524   524 D FallbackCategoryProvider: Found 1 fallback categories
09-29 17:54:29.488   524   524 D PackageManagerTiming: loadFallbacks took to complete: 3ms
09-29 17:54:29.488   524   524 I PackageManagerTiming: read user settings
09-29 17:54:29.495   434   434 I ServiceManager: Waiting for service 'package_native' on '/dev/binder'...
09-29 17:54:29.523   442   560 I ServiceManager: Waiting for service 'package_native' on '/dev/binder'...
09-29 17:54:29.596   434   434 I ServiceManager: Waiting for service 'package_native' on '/dev/binder'...
09-29 17:54:29.624   442   560 I ServiceManager: Waiting for service 'package_native' on '/dev/binder'...
09-29 17:54:29.687   524   524 W PackageManager: Unknown element under <package>: uses-static-lib
09-29 17:54:29.699   434   434 I ServiceManager: Waiting for service 'package_native' on '/dev/binder'...
09-29 17:54:29.729   442   560 I ServiceManager: Waiting for service 'package_native' on '/dev/binder'...
09-29 17:54:29.800   434   434 I ServiceManager: Waiting for service 'package_native' on '/dev/binder'...
09-29 17:54:29.832   442   560 I ServiceManager: Waiting for service 'package_native' on '/dev/binder'...
09-29 17:54:29.902   434   434 I ServiceManager: Waiting for service 'package_native' on '/dev/binder'...
09-29 17:54:29.933   442   560 I ServiceManager: Waiting for service 'package_native' on '/dev/binder'...
09-29 17:54:29.973   471   471 I hostapd : wlan1: interface state HT_SCAN->ENABLED
09-29 17:54:29.973   471   471 I hostapd : wlan1: AP-ENABLED 
09-29 17:54:30.139     0     0 I IPv6    : ADDRCONF(NETDEV_CHANGE): wlan1: link becomes ready
09-29 17:54:30.143     0     0 I br0     : port 3(wlan1) entered blocking state
09-29 17:54:30.147     0     0 I br0     : port 3(wlan1) entered forwarding state
09-29 17:54:30.004   434   434 I ServiceManager: Waiting for service 'package_native' on '/dev/binder'...
09-29 17:54:30.033   442   560 I ServiceManager: Waiting for service 'package_native' on '/dev/binder'...
09-29 17:54:30.079   524   524 W PackageSettings: Missing permission state for shared user: android.uid.log
09-29 17:54:30.090   524   524 D PackageManagerTiming: read user settings took to complete: 601ms
09-29 17:54:30.106   434   434 I ServiceManager: Waiting for service 'package_native' on '/dev/binder'...
09-29 17:54:30.135   442   560 I ServiceManager: Waiting for service 'package_native' on '/dev/binder'...
09-29 17:54:30.147   524   524 D PackageManager: Keeping known cache c25870878addc871c04e6910de8e60da60245796
09-29 17:54:30.326     0     0 E apexd   : Can't open /system_ext/apex for reading : No such file or directory
09-29 17:54:30.329     0     0 E apexd   : Can't open /product/apex for reading : No such file or directory
09-29 17:54:30.332     0     0 E apexd   : Can't open /vendor/apex for reading : No such file or directory
09-29 17:54:30.207   434   434 I ServiceManager: Waiting for service 'package_native' on '/dev/binder'...
09-29 17:54:30.236   524   524 D PackageManager: No files in app dir /system_ext/overlay
09-29 17:54:30.238   442   560 I ServiceManager: Waiting for service 'package_native' on '/dev/binder'...
09-29 17:54:30.245   524   524 I PackageBackwardCompatibility: Loaded android.content.pm.AndroidTestBaseUpdater
09-29 17:54:30.246   524   524 D CompatibilityChangeReporter: Compat change id reported: 143539591; UID -1; state: ENABLED
09-29 17:54:30.257   524   524 D CompatibilityChangeReporter: Compat change id reported: 135549675; UID 10000; state: ENABLED
09-29 17:54:30.258   524   524 D CompatibilityChangeReporter: Compat change id reported: 135549675; UID 10001; state: ENABLED
09-29 17:54:30.261   524   524 D CompatibilityChangeReporter: Compat change id reported: 135549675; UID 10004; state: ENABLED
09-29 17:54:30.266   524   524 D CompatibilityChangeReporter: Compat change id reported: 135549675; UID 10002; state: ENABLED
09-29 17:54:30.267   524   524 D CompatibilityChangeReporter: Compat change id reported: 135549675; UID 10005; state: ENABLED
09-29 17:54:30.269   524   524 D CompatibilityChangeReporter: Compat change id reported: 135549675; UID 10006; state: ENABLED
09-29 17:54:30.273   524   524 D CompatibilityChangeReporter: Compat change id reported: 135549675; UID 10003; state: ENABLED
09-29 17:54:30.277   524   524 D CompatibilityChangeReporter: Compat change id reported: 135549675; UID 10007; state: ENABLED
09-29 17:54:30.285   524   524 D CompatibilityChangeReporter: Compat change id reported: 135549675; UID 10010; state: ENABLED
09-29 17:54:30.290   524   524 D CompatibilityChangeReporter: Compat change id reported: 135549675; UID 10009; state: ENABLED
09-29 17:54:30.299   524   524 D CompatibilityChangeReporter: Compat change id reported: 135549675; UID 10008; state: ENABLED
09-29 17:54:30.301   524   524 D CompatibilityChangeReporter: Compat change id reported: 135549675; UID 10012; state: ENABLED
09-29 17:54:30.305   524   524 D CompatibilityChangeReporter: Compat change id reported: 135549675; UID 10011; state: ENABLED
09-29 17:54:30.309   434   434 I ServiceManager: Waiting for service 'package_native' on '/dev/binder'...
09-29 17:54:30.312   524   524 D CompatibilityChangeReporter: Compat change id reported: 135549675; UID 10013; state: ENABLED
09-29 17:54:30.316   524   524 D CompatibilityChangeReporter: Compat change id reported: 135549675; UID 10014; state: ENABLED
09-29 17:54:30.320   524   524 D CompatibilityChangeReporter: Compat change id reported: 135549675; UID 10017; state: ENABLED
09-29 17:54:30.324   524   524 D CompatibilityChangeReporter: Compat change id reported: 135549675; UID 10015; state: ENABLED
09-29 17:54:30.327   524   524 D CompatibilityChangeReporter: Compat change id reported: 135549675; UID 10019; state: ENABLED
09-29 17:54:30.329   524   524 D CompatibilityChangeReporter: Compat change id reported: 135549675; UID 10018; state: ENABLED
09-29 17:54:30.330   524   524 D CompatibilityChangeReporter: Compat change id reported: 135549675; UID 10016; state: ENABLED
09-29 17:54:30.332   524   524 D CompatibilityChangeReporter: Compat change id reported: 135549675; UID 10020; state: ENABLED
09-29 17:54:30.335   524   524 D CompatibilityChangeReporter: Compat change id reported: 135549675; UID 10021; state: ENABLED
09-29 17:54:30.339   524   524 D CompatibilityChangeReporter: Compat change id reported: 135549675; UID 10025; state: ENABLED
09-29 17:54:30.340   442   560 I ServiceManager: Waiting for service 'package_native' on '/dev/binder'...
09-29 17:54:30.340   524   524 D CompatibilityChangeReporter: Compat change id reported: 135549675; UID 10022; state: ENABLED
09-29 17:54:30.341   524   524 D CompatibilityChangeReporter: Compat change id reported: 135549675; UID 10026; state: ENABLED
09-29 17:54:30.343   524   524 D CompatibilityChangeReporter: Compat change id reported: 135549675; UID 10024; state: ENABLED
09-29 17:54:30.346   524   524 D CompatibilityChangeReporter: Compat change id reported: 135549675; UID 10027; state: ENABLED
09-29 17:54:30.347   524   524 D CompatibilityChangeReporter: Compat change id reported: 135549675; UID 10023; state: ENABLED
09-29 17:54:30.348   524   524 D CompatibilityChangeReporter: Compat change id reported: 135549675; UID 10028; state: ENABLED
09-29 17:54:30.349   524   524 D CompatibilityChangeReporter: Compat change id reported: 135549675; UID 10029; state: ENABLED
09-29 17:54:30.351   524   524 D CompatibilityChangeReporter: Compat change id reported: 135549675; UID 10030; state: ENABLED
09-29 17:54:30.356   524   524 D CompatibilityChangeReporter: Compat change id reported: 135549675; UID 10033; state: ENABLED
09-29 17:54:30.358   524   524 D CompatibilityChangeReporter: Compat change id reported: 135549675; UID 10035; state: ENABLED
09-29 17:54:30.362   524   524 D CompatibilityChangeReporter: Compat change id reported: 135549675; UID 10032; state: ENABLED
09-29 17:54:30.365   524   524 D CompatibilityChangeReporter: Compat change id reported: 135549675; UID 10031; state: ENABLED
09-29 17:54:30.367   524   524 D CompatibilityChangeReporter: Compat change id reported: 135549675; UID 10036; state: ENABLED
09-29 17:54:30.368   524   524 D CompatibilityChangeReporter: Compat change id reported: 135549675; UID 10034; state: ENABLED
09-29 17:54:30.372   524   524 D CompatibilityChangeReporter: Compat change id reported: 135549675; UID 10037; state: ENABLED
09-29 17:54:30.372   524   524 D CompatibilityChangeReporter: Compat change id reported: 135549675; UID 10039; state: ENABLED
09-29 17:54:30.373   524   524 D CompatibilityChangeReporter: Compat change id reported: 135549675; UID 10038; state: ENABLED
09-29 17:54:30.374   524   524 D CompatibilityChangeReporter: Compat change id reported: 135549675; UID 10043; state: ENABLED
09-29 17:54:30.378   524   524 D CompatibilityChangeReporter: Compat change id reported: 135549675; UID 10042; state: ENABLED
09-29 17:54:30.380   524   524 D CompatibilityChangeReporter: Compat change id reported: 135549675; UID 10045; state: ENABLED
09-29 17:54:30.381   524   524 D CompatibilityChangeReporter: Compat change id reported: 135549675; UID 10041; state: ENABLED
09-29 17:54:30.381   524   524 D CompatibilityChangeReporter: Compat change id reported: 135549675; UID 10047; state: ENABLED
09-29 17:54:30.383   524   524 D CompatibilityChangeReporter: Compat change id reported: 135549675; UID 10040; state: ENABLED
09-29 17:54:30.384   524   524 D CompatibilityChangeReporter: Compat change id reported: 135549675; UID 10046; state: ENABLED
09-29 17:54:30.385   524   524 D CompatibilityChangeReporter: Compat change id reported: 135549675; UID 10044; state: ENABLED
09-29 17:54:30.386   524   524 D PackageManager: No files in app dir /oem/overlay
09-29 17:54:30.386   524   524 D PackageManager: No files in app dir /odm/overlay
09-29 17:54:30.387   524   524 D PackageManager: No files in app dir /vendor/overlay
09-29 17:54:30.403   524   524 W PackageManager: Failed to parse /system/framework/x86: Missing base APK in /system/framework/x86
09-29 17:54:30.404   524   524 W PackageManager: Failed to parse /system/framework/oat: Missing base APK in /system/framework/oat/x86
09-29 17:54:30.412   434   434 I ServiceManager: Waiting for service 'package_native' on '/dev/binder'...
09-29 17:54:30.425   524   524 D CompatibilityChangeReporter: Compat change id reported: 135549675; UID 1000; state: ENABLED
09-29 17:54:30.445   442   560 I ServiceManager: Waiting for service 'package_native' on '/dev/binder'...
09-29 17:54:30.454   524   524 D CompatibilityChangeReporter: Compat change id reported: 135549675; UID 10049; state: ENABLED
09-29 17:54:30.461   524   524 D CompatibilityChangeReporter: Compat change id reported: 135549675; UID 10048; state: ENABLED
09-29 17:54:30.470   524   524 D CompatibilityChangeReporter: Compat change id reported: 135549675; UID 10050; state: ENABLED
09-29 17:54:30.495   524   524 D CompatibilityChangeReporter: Compat change id reported: 135549675; UID 1073; state: ENABLED
09-29 17:54:30.508   524   524 D CompatibilityChangeReporter: Compat change id reported: 135549675; UID 10051; state: ENABLED
09-29 17:54:30.513   524   524 D CompatibilityChangeReporter: Compat change id reported: 135549675; UID 1001; state: ENABLED
09-29 17:54:30.514   434   434 I ServiceManager: Waiting for service 'package_native' on '/dev/binder'...
09-29 17:54:30.525   524   524 D CompatibilityChangeReporter: Compat change id reported: 135549675; UID 10052; state: ENABLED
09-29 17:54:30.534   524   524 D CompatibilityChangeReporter: Compat change id reported: 135549675; UID 10053; state: ENABLED
09-29 17:54:30.543   524   524 D CompatibilityChangeReporter: Compat change id reported: 135549675; UID 10054; state: ENABLED
09-29 17:54:30.547   442   560 I ServiceManager: Waiting for service 'package_native' on '/dev/binder'...
09-29 17:54:30.550   524   524 D CompatibilityChangeReporter: Compat change id reported: 135549675; UID 2000; state: ENABLED
09-29 17:54:30.557   524   524 D CompatibilityChangeReporter: Compat change id reported: 135549675; UID 10056; state: ENABLED
09-29 17:54:30.561   524   524 D CompatibilityChangeReporter: Compat change id reported: 135549675; UID 10055; state: ENABLED
09-29 17:54:30.565   524   524 D CompatibilityChangeReporter: Compat change id reported: 135549675; UID 10059; state: ENABLED
09-29 17:54:30.584   524   524 D CompatibilityChangeReporter: Compat change id reported: 135549675; UID 10057; state: ENABLED
09-29 17:54:30.587   524   524 D CompatibilityChangeReporter: Compat change id reported: 135549675; UID 10058; state: ENABLED
09-29 17:54:30.602   524   524 D CompatibilityChangeReporter: Compat change id reported: 135549675; UID 10060; state: ENABLED
09-29 17:54:30.604   524   524 D CompatibilityChangeReporter: Compat change id reported: 135549675; UID 10061; state: ENABLED
09-29 17:54:30.607   524   524 D CompatibilityChangeReporter: Compat change id reported: 135549675; UID 10062; state: ENABLED
09-29 17:54:30.617   434   434 I ServiceManager: Waiting for service 'package_native' on '/dev/binder'...
09-29 17:54:30.617   524   524 D CompatibilityChangeReporter: Compat change id reported: 135549675; UID 10063; state: ENABLED
09-29 17:54:30.621   524   524 D CompatibilityChangeReporter: Compat change id reported: 135549675; UID 10064; state: ENABLED
09-29 17:54:30.643   524   524 D CompatibilityChangeReporter: Compat change id reported: 135549675; UID 10066; state: ENABLED
09-29 17:54:30.648   442   560 I ServiceManager: Waiting for service 'package_native' on '/dev/binder'...
09-29 17:54:30.660   524   524 D CompatibilityChangeReporter: Compat change id reported: 143539591; UID -1; state: DISABLED
09-29 17:54:30.664   524   524 D CompatibilityChangeReporter: Compat change id reported: 135549675; UID 10065; state: DISABLED
09-29 17:54:30.670   524   524 D CompatibilityChangeReporter: Compat change id reported: 135549675; UID 10069; state: ENABLED
09-29 17:54:30.673   524   524 D CompatibilityChangeReporter: Compat change id reported: 135549675; UID 10067; state: ENABLED
09-29 17:54:30.678   524   524 D CompatibilityChangeReporter: Compat change id reported: 135549675; UID 10068; state: DISABLED
09-29 17:54:30.681   524   524 D CompatibilityChangeReporter: Compat change id reported: 135549675; UID 10071; state: ENABLED
09-29 17:54:30.685   524   524 D CompatibilityChangeReporter: Compat change id reported: 135549675; UID 10070; state: ENABLED
09-29 17:54:30.690   524   524 D CompatibilityChangeReporter: Compat change id reported: 135549675; UID 1068; state: ENABLED
09-29 17:54:30.695   524   524 D CompatibilityChangeReporter: Compat change id reported: 135549675; UID 1027; state: ENABLED
09-29 17:54:30.697   524   524 D CompatibilityChangeReporter: Compat change id reported: 135549675; UID 10073; state: ENABLED
09-29 17:54:30.702   524   524 D CompatibilityChangeReporter: Compat change id reported: 135549675; UID 10072; state: ENABLED
09-29 17:54:30.709   524   524 D CompatibilityChangeReporter: Compat change id reported: 135549675; UID 1002; state: ENABLED
09-29 17:54:30.716   524   524 D CompatibilityChangeReporter: Compat change id reported: 135549675; UID 10076; state: ENABLED
09-29 17:54:30.718   524   524 D CompatibilityChangeReporter: Compat change id reported: 135549675; UID 10081; state: DISABLED
09-29 17:54:30.719   434   434 I ServiceManager: Waiting for service 'package_native' on '/dev/binder'...
09-29 17:54:30.727   524   524 D CompatibilityChangeReporter: Compat change id reported: 135549675; UID 10074; state: ENABLED
09-29 17:54:30.731   524   524 D CompatibilityChangeReporter: Compat change id reported: 135549675; UID 10075; state: ENABLED
09-29 17:54:30.734   524   524 D CompatibilityChangeReporter: Compat change id reported: 135549675; UID 10078; state: ENABLED
09-29 17:54:30.736   524   524 D CompatibilityChangeReporter: Compat change id reported: 135549675; UID 10080; state: ENABLED
09-29 17:54:30.742   524   524 D CompatibilityChangeReporter: Compat change id reported: 135549675; UID 10077; state: ENABLED
09-29 17:54:30.749   524   524 D CompatibilityChangeReporter: Compat change id reported: 135549675; UID 10079; state: ENABLED
09-29 17:54:30.749   442   560 I ServiceManager: Waiting for service 'package_native' on '/dev/binder'...
09-29 17:54:30.755   524   524 D CompatibilityChangeReporter: Compat change id reported: 135549675; UID 10082; state: ENABLED
09-29 17:54:30.758   524   524 D PackageManager: No files in app dir /vendor/priv-app
09-29 17:54:30.758   524   524 D PackageManager: No files in app dir /vendor/app
09-29 17:54:30.758   524   524 D PackageManager: No files in app dir /odm/priv-app
09-29 17:54:30.759   524   524 D PackageManager: No files in app dir /odm/app
09-29 17:54:30.759   524   524 D PackageManager: No files in app dir /oem/app
09-29 17:54:30.769   524   524 D CompatibilityChangeReporter: Compat change id reported: 135549675; UID 10083; state: DISABLED
09-29 17:54:30.772   524   524 D CompatibilityChangeReporter: Compat change id reported: 135549675; UID 10085; state: DISABLED
09-29 17:54:30.779   524   524 D CompatibilityChangeReporter: Compat change id reported: 135549675; UID 10084; state: ENABLED
09-29 17:54:30.784   524   524 D CompatibilityChangeReporter: Compat change id reported: 135549675; UID 10086; state: DISABLED
09-29 17:54:30.801   524   524 D CompatibilityChangeReporter: Compat change id reported: 135549675; UID 10087; state: ENABLED
09-29 17:54:30.815   524   524 D CompatibilityChangeReporter: Compat change id reported: 135549675; UID 10088; state: DISABLED
09-29 17:54:30.822   434   434 I ServiceManager: Waiting for service 'package_native' on '/dev/binder'...
09-29 17:54:30.830   524   524 D CompatibilityChangeReporter: Compat change id reported: 135549675; UID 10090; state: DISABLED
09-29 17:54:30.838   524   524 D CompatibilityChangeReporter: Compat change id reported: 135549675; UID 10092; state: DISABLED
09-29 17:54:30.841   524   524 D CompatibilityChangeReporter: Compat change id reported: 135549675; UID 10089; state: DISABLED
09-29 17:54:30.846   524   524 D CompatibilityChangeReporter: Compat change id reported: 135549675; UID 10094; state: DISABLED
09-29 17:54:30.848   524   524 D CompatibilityChangeReporter: Compat change id reported: 135549675; UID 10091; state: DISABLED
09-29 17:54:30.853   442   560 I ServiceManager: Waiting for service 'package_native' on '/dev/binder'...
09-29 17:54:30.857   524   524 D CompatibilityChangeReporter: Compat change id reported: 135549675; UID 10103; state: ENABLED
09-29 17:54:30.861   524   524 D CompatibilityChangeReporter: Compat change id reported: 135549675; UID 10096; state: DISABLED
09-29 17:54:30.864   524   524 D CompatibilityChangeReporter: Compat change id reported: 135549675; UID 10095; state: DISABLED
09-29 17:54:30.864   524   524 I PackageManager: getCompressedFiles[/product/app/TrichromeLibrary-Stub]: [/product/app/TrichromeLibrary/TrichromeLibrary.apk.gz]
09-29 17:54:30.867   524   524 W PackageManager: Failed to scan /product/app/TrichromeLibrary-Stub: Package com.google.android.trichromelibrary_410410681 at /product/app/TrichromeLibrary-Stub ignored: updated version 410410681 better than this 410410681
09-29 17:54:30.867   524   524 W PackageManager: Failed to parse /product/app/WebViewGoogle: Missing base APK in /product/app/WebViewGoogle
09-29 17:54:30.873   524   524 D CompatibilityChangeReporter: Compat change id reported: 135549675; UID 10099; state: ENABLED
09-29 17:54:30.877   524   524 D CompatibilityChangeReporter: Compat change id reported: 135549675; UID 10098; state: DISABLED
09-29 17:54:30.878   524   524 W PackageManager: Failed to parse /product/app/TrichromeLibrary: Missing base APK in /product/app/TrichromeLibrary
09-29 17:54:30.881   524   524 D CompatibilityChangeReporter: Compat change id reported: 135549675; UID 10102; state: DISABLED
09-29 17:54:30.883   524   524 D CompatibilityChangeReporter: Compat change id reported: 135549675; UID 10097; state: DISABLED
09-29 17:54:30.883   524   524 I PackageManager: getCompressedFiles[/product/app/WebViewGoogle-Stub]: [/product/app/WebViewGoogle/WebViewGoogle.apk.gz]
09-29 17:54:30.885   524   524 W PackageManager: Failed to scan /product/app/WebViewGoogle-Stub: Package com.google.android.webview at /product/app/WebViewGoogle-Stub ignored: updated version 410410681 better than this 410410681
09-29 17:54:30.891   524   524 D CompatibilityChangeReporter: Compat change id reported: 135549675; UID 10100; state: DISABLED
09-29 17:54:30.903   524   524 D CompatibilityChangeReporter: Compat change id reported: 135549675; UID 10112; state: ENABLED
09-29 17:54:30.911   524   524 D CompatibilityChangeReporter: Compat change id reported: 135549675; UID 10105; state: ENABLED
09-29 17:54:30.915   524   524 D CompatibilityChangeReporter: Compat change id reported: 135549675; UID 10104; state: ENABLED
09-29 17:54:30.917   524   524 D CompatibilityChangeReporter: Compat change id reported: 135549675; UID 10106; state: ENABLED
09-29 17:54:30.920   524   524 D CompatibilityChangeReporter: Compat change id reported: 135549675; UID 10107; state: ENABLED
09-29 17:54:30.924   524   524 D CompatibilityChangeReporter: Compat change id reported: 135549675; UID 10108; state: ENABLED
09-29 17:54:30.925   434   434 I ServiceManager: Waiting for service 'package_native' on '/dev/binder'...
09-29 17:54:30.927   524   524 D CompatibilityChangeReporter: Compat change id reported: 135549675; UID 10109; state: ENABLED
09-29 17:54:30.929   524   524 D CompatibilityChangeReporter: Compat change id reported: 135549675; UID 10111; state: ENABLED
09-29 17:54:30.932   524   524 W PackageManager: Skipping provider name com.android.car.ui.CarUiInstaller (in package com.google.android.gsf): name already used by com.android.managedprovisioning
09-29 17:54:30.934   524   524 D CompatibilityChangeReporter: Compat change id reported: 135549675; UID 10110; state: ENABLED
09-29 17:54:30.938   524   524 D PackageManager: No files in app dir /system_ext/app
09-29 17:54:30.938   524   524 D PackageManager: No files in app dir /apex/com.android.sdkext/priv-app
09-29 17:54:30.938   524   524 D PackageManager: No files in app dir /apex/com.android.sdkext/app
09-29 17:54:30.939   524   524 D PackageManager: No files in app dir /apex/com.android.media/priv-app
09-29 17:54:30.939   524   524 D PackageManager: No files in app dir /apex/com.android.media/app
09-29 17:54:30.946   524   524 D CompatibilityChangeReporter: Compat change id reported: 135549675; UID 10115; state: DISABLED
09-29 17:54:30.950   524   524 D CompatibilityChangeReporter: Compat change id reported: 135549675; UID 10116; state: DISABLED
09-29 17:54:30.954   442   560 I ServiceManager: Waiting for service 'package_native' on '/dev/binder'...
09-29 17:54:30.955   524   524 D CompatibilityChangeReporter: Compat change id reported: 135549675; UID 10117; state: ENABLED
09-29 17:54:30.956   524   524 D PackageManager: No files in app dir /apex/com.android.extservices/app
09-29 17:54:30.962   524   524 D CompatibilityChangeReporter: Compat change id reported: 135549675; UID 1073; state: DISABLED
09-29 17:54:30.962   524   524 D PackageManager: No files in app dir /apex/com.android.tethering/app
09-29 17:54:30.963   524   524 D PackageManager: No files in app dir /apex/com.android.ipsec/priv-app
09-29 17:54:30.966   524   524 D PackageManager: No files in app dir /apex/com.android.ipsec/app
09-29 17:54:30.966   524   524 D PackageManager: No files in app dir /apex/com.android.neuralnetworks/priv-app
09-29 17:54:30.966   524   524 D PackageManager: No files in app dir /apex/com.android.neuralnetworks/app
09-29 17:54:30.966   524   524 D PackageManager: No files in app dir /apex/com.android.vndk.v30/priv-app
09-29 17:54:30.966   524   524 D PackageManager: No files in app dir /apex/com.android.vndk.v30/app
09-29 17:54:30.967   524   524 D PackageManager: No files in app dir /apex/com.android.resolv/priv-app
09-29 17:54:30.967   524   524 D PackageManager: No files in app dir /apex/com.android.resolv/app
09-29 17:54:30.967   524   524 D PackageManager: No files in app dir /apex/com.android.adbd/priv-app
09-29 17:54:30.967   524   524 D PackageManager: No files in app dir /apex/com.android.adbd/app
09-29 17:54:30.977   524   524 D CompatibilityChangeReporter: Compat change id reported: 135549675; UID 10113; state: ENABLED
09-29 17:54:30.984   524   524 D CompatibilityChangeReporter: Compat change id reported: 135549675; UID 10114; state: ENABLED
09-29 17:54:30.984   524   524 D PackageManager: No files in app dir /apex/com.android.tzdata/priv-app
09-29 17:54:30.984   524   524 D PackageManager: No files in app dir /apex/com.android.tzdata/app
09-29 17:54:30.985   524   524 D PackageManager: No files in app dir /apex/com.android.os.statsd/priv-app
09-29 17:54:30.985   524   524 D PackageManager: No files in app dir /apex/com.android.os.statsd/app
09-29 17:54:30.985   524   524 D PackageManager: No files in app dir /apex/com.android.art/priv-app
09-29 17:54:30.985   524   524 D PackageManager: No files in app dir /apex/com.android.art/app
09-29 17:54:30.995   524   524 W PackageManager: Unable to update from com.android.cellbroadcastreceiver to com.android.cellbroadcastreceiver.module: old package still exists
09-29 17:54:30.998   524   524 W PackageManager: Unable to update from com.android.cellbroadcastreceiver to com.android.cellbroadcastreceiver.module: old package still exists
09-29 17:54:31.000   524   524 D CompatibilityChangeReporter: Compat change id reported: 135549675; UID 10118; state: ENABLED
09-29 17:54:31.000   524   524 D PackageManager: No files in app dir /apex/com.android.cellbroadcast/app
09-29 17:54:31.001   524   524 D PackageManager: No files in app dir /apex/com.android.i18n/priv-app
09-29 17:54:31.001   524   524 D PackageManager: No files in app dir /apex/com.android.i18n/app
09-29 17:54:31.010   524   524 D CompatibilityChangeReporter: Compat change id reported: 135549675; UID 10119; state: ENABLED
09-29 17:54:31.010   524   524 D PackageManager: No files in app dir /apex/com.android.mediaprovider/app
09-29 17:54:31.019   524   524 D CompatibilityChangeReporter: Compat change id reported: 135549675; UID 10120; state: DISABLED
09-29 17:54:31.019   524   524 D PackageManager: No files in app dir /apex/com.android.permission/app
09-29 17:54:31.019   524   524 D PackageManager: No files in app dir /apex/com.android.media.swcodec/priv-app
09-29 17:54:31.019   524   524 D PackageManager: No files in app dir /apex/com.android.media.swcodec/app
09-29 17:54:31.019   524   524 D PackageManager: No files in app dir /apex/com.android.conscrypt/priv-app
09-29 17:54:31.020   524   524 D PackageManager: No files in app dir /apex/com.android.conscrypt/app
09-29 17:54:31.020   524   524 D PackageManager: No files in app dir /apex/com.android.runtime/priv-app
09-29 17:54:31.020   524   524 D PackageManager: No files in app dir /apex/com.android.runtime/app
09-29 17:54:31.028   434   434 I ServiceManager: Waiting for service 'package_native' on '/dev/binder'...
09-29 17:54:31.034   524   524 I PackageManager: Finished scanning system apps. Time: 890 ms, packageCount: 153 , timePerPackage: 5 , cached: 176
09-29 17:54:31.043   524   524 W PackageManager: Relax SCAN_REQUIRE_KNOWN requirement for package com.google.android.trichromelibrary_410410681
09-29 17:54:31.050   524   524 D CompatibilityChangeReporter: Compat change id reported: 135549675; UID 10093; state: ENABLED
09-29 17:54:31.058   442   560 I ServiceManager: Waiting for service 'package_native' on '/dev/binder'...
09-29 17:54:31.058   524   524 W android.permission.PermissionManager: Missing ActivityManager; assuming 1000 holds android.permission.READ_COMPAT_CHANGE_CONFIG
09-29 17:54:31.062   524   524 W android.permission.PermissionManager: Missing ActivityManager; assuming 1000 holds android.permission.LOG_COMPAT_CHANGE
09-29 17:54:31.063   524   524 D CompatibilityChangeReporter: Compat change id reported: 133396946; UID -1; state: ENABLED
09-29 17:54:31.067   524   524 D CompatibilityChangeReporter: Compat change id reported: 135549675; UID 10121; state: ENABLED
09-29 17:54:31.072   524   524 W PackageManager: Relax SCAN_REQUIRE_KNOWN requirement for package com.google.android.webview
09-29 17:54:31.080   524   524 D CompatibilityChangeReporter: Compat change id reported: 135549675; UID 10101; state: ENABLED
09-29 17:54:31.085   524   524 W android.permission.PermissionManager: Missing ActivityManager; assuming 1000 holds android.permission.READ_COMPAT_CHANGE_CONFIG
09-29 17:54:31.088   524   524 W android.permission.PermissionManager: Missing ActivityManager; assuming 1000 holds android.permission.LOG_COMPAT_CHANGE
09-29 17:54:31.091   524   524 D CompatibilityChangeReporter: Compat change id reported: 135549675; UID 10122; state: ENABLED
09-29 17:54:31.094   524   524 W android.permission.PermissionManager: Missing ActivityManager; assuming 1000 holds android.permission.READ_COMPAT_CHANGE_CONFIG
09-29 17:54:31.096   524   524 W android.permission.PermissionManager: Missing ActivityManager; assuming 1000 holds android.permission.LOG_COMPAT_CHANGE
09-29 17:54:31.098   524   524 D CompatibilityChangeReporter: Compat change id reported: 135549675; UID 10124; state: ENABLED
09-29 17:54:31.099   173   173 I servicemanager: Notifying apexservice they have clients: 1
09-29 17:54:31.104   524   524 W android.permission.PermissionManager: Missing ActivityManager; assuming 1000 holds android.permission.READ_COMPAT_CHANGE_CONFIG
09-29 17:54:31.107   524   524 W android.permission.PermissionManager: Missing ActivityManager; assuming 1000 holds android.permission.LOG_COMPAT_CHANGE
09-29 17:54:31.109   524   524 D CompatibilityChangeReporter: Compat change id reported: 135549675; UID 10126; state: ENABLED
09-29 17:54:31.267     0     0 I AidlLazyServiceRegistrar: Process has 1 (of 1 available) client(s) in use after notification android.apex.IApexService has clients: 1
09-29 17:54:31.111   524   524 W android.permission.PermissionManager: Missing ActivityManager; assuming 1000 holds android.permission.READ_COMPAT_CHANGE_CONFIG
09-29 17:54:31.112   524   524 W android.permission.PermissionManager: Missing ActivityManager; assuming 1000 holds android.permission.LOG_COMPAT_CHANGE
09-29 17:54:31.113   524   524 D CompatibilityChangeReporter: Compat change id reported: 135549675; UID 10123; state: ENABLED
09-29 17:54:31.114   524   524 W android.permission.PermissionManager: Missing ActivityManager; assuming 1000 holds android.permission.READ_COMPAT_CHANGE_CONFIG
09-29 17:54:31.115   524   524 W android.permission.PermissionManager: Missing ActivityManager; assuming 1000 holds android.permission.LOG_COMPAT_CHANGE
09-29 17:54:31.116   524   524 D CompatibilityChangeReporter: Compat change id reported: 135549675; UID 10125; state: ENABLED
09-29 17:54:31.118   524   524 I PackageManager: Finished scanning non-system apps. Time: 83 ms, packageCount: 8 , timePerPackage: 10 , cached: 5
09-29 17:54:31.124   524   524 E PackageManager: Shared lib without setting: SharedLibraryInfo{name:com.google.android.trichromelibrary, type:static, version:410410681}
09-29 17:54:31.130   434   434 I ServiceManager: Waiting for service 'package_native' on '/dev/binder'...
