09-29 17:54:23.708   449   449 W mediaswcodec: libminijail[449]: compile_file: <fd>(34): nonexistent syscall 'newfstatat'
09-29 17:54:23.712   449   449 W mediaswcodec: libminijail[449]: logging seccomp filter failures
09-29 17:54:23.714   449   449 I CodecServiceRegistrant: Creating software Codec2 service...
09-29 17:54:23.719   434   434 I ServiceManager: Waiting for service 'package_native' on '/dev/binder'...
09-29 17:54:23.719   285   285 I ServiceManager: Waiting for service 'statscompanion' on '/dev/binder'...
09-29 17:54:23.719   442   442 I ServiceManager: Waiting for service 'package_native' on '/dev/binder'...
09-29 17:54:23.721   449   449 D C2Store : Default ION heapmask = -1
09-29 17:54:23.721   449   449 D C2Store : Default ION flags = 0
09-29 17:54:23.721   449   449 D C2Store : Default ION align = 0
09-29 17:54:23.723   449   449 I HidlServiceManagement: Registered android.hardware.media.c2@1.1::IComponentStore/software (start delay of 633ms)
09-29 17:54:23.724   174   174 I hwservicemanager: getTransport: Cannot find entry android.hardware.media.c2@1.0::IComponentStore/default in either framework or device manifest.
09-29 17:54:23.724   449   449 I CodecServiceRegistrant: Preferred Codec2 store is defaulted to "software".
09-29 17:54:23.724   449   449 I CodecServiceRegistrant: Software Codec2 service created and registered.
09-29 17:54:23.746   439   451 I ServiceManager: Waiting for service 'package_native' on '/dev/binder'...
09-29 17:54:23.750   387   413 I adbd    : adbd mDNS service _adb._tcp registered: 1
09-29 17:54:23.914     0     0 I br0     : port 3(wlan1) entered disabled state
09-29 17:54:23.787   287   287 D zygote  : Time zone APEX ICU file found: /apex/com.android.tzdata/etc/icu/icu_tzdata.dat
09-29 17:54:23.787   287   287 D zygote  : I18n APEX ICU file found: /apex/com.android.i18n/etc/icu/icudt66l.dat
09-29 17:54:23.820   434   434 I ServiceManager: Waiting for service 'package_native' on '/dev/binder'...
09-29 17:54:23.822   285   285 I ServiceManager: Waiting for service 'statscompanion' on '/dev/binder'...
09-29 17:54:23.822   442   442 I ServiceManager: Waiting for service 'package_native' on '/dev/binder'...
09-29 17:54:23.822   508   508 D BootAnimation: BootAnimationStartTiming start time: 20731ms
09-29 17:54:23.822   508   508 D BootAnimation: BootAnimationPreloadTiming start time: 20732ms
09-29 17:54:23.847   439   451 I ServiceManager: Waiting for service 'package_native' on '/dev/binder'...
09-29 17:54:23.881   380   504 W AudioFlinger: no wake lock to update, system not ready yet
09-29 17:54:23.883   292   336 D r_submix: adev_close_input_stream()
09-29 17:54:23.883   292   336 D r_submix: submix_audio_device_release_pipe_l(idx=9) addr=0
09-29 17:54:23.883   292   336 D r_submix: submix_audio_device_destroy_pipe_l(): pipe destroyed
09-29 17:54:23.888   380   380 W APM::AudioPolicyEngine: getDevicesForStrategy() unknown strategy: -1
09-29 17:54:23.888   380   380 W APM::AudioPolicyEngine: getDevicesForStrategy() unknown strategy: -1
09-29 17:54:23.890   380   380 I audioserver: Waiting for activity service
09-29 17:54:23.921   434   434 I ServiceManager: Waiting for service 'package_native' on '/dev/binder'...
09-29 17:54:23.923   285   285 I ServiceManager: Waiting for service 'statscompanion' on '/dev/binder'...
09-29 17:54:23.923   442   442 I ServiceManager: Waiting for service 'package_native' on '/dev/binder'...
09-29 17:54:23.931   287   287 I zygote  : Using memfd for future sealing
09-29 17:54:23.938   287   287 W zygote  : Unexpected CPU variant for X86 using defaults: x86
09-29 17:54:23.948   439   451 I ServiceManager: Waiting for service 'package_native' on '/dev/binder'...
09-29 17:54:24.022   434   434 I ServiceManager: Waiting for service 'package_native' on '/dev/binder'...
09-29 17:54:24.024   285   285 I ServiceManager: Waiting for service 'statscompanion' on '/dev/binder'...
09-29 17:54:24.025   442   442 I ServiceManager: Waiting for service 'package_native' on '/dev/binder'...
09-29 17:54:24.049   439   451 I ServiceManager: Waiting for service 'package_native' on '/dev/binder'...
09-29 17:54:24.081   508   508 D BootAnimation: BootAnimationPreloadStopTiming start time: 20991ms
09-29 17:54:24.090   174   174 I hwservicemanager: getTransport: Cannot find entry android.hardware.graphics.mapper@4.0::IMapper/default in either framework or device manifest.
09-29 17:54:24.090   371   385 I Gralloc4: mapper 4.x is not supported
09-29 17:54:24.092   371   385 D HostConnection: createUnique: call
09-29 17:54:24.094   371   385 D HostConnection: HostConnection::get() New Host Connection established 0xee300550, tid 385
09-29 17:54:24.095   371   385 D goldfish-address-space: allocate: Ask for block of size 0x100
09-29 17:54:24.095   371   385 D goldfish-address-space: allocate: ioctl allocate returned offset 0x3ebffe000 size 0x2000
09-29 17:54:24.103   508   519 D libEGL  : loaded /vendor/lib/egl/libEGL_emulation.so
09-29 17:54:24.104   508   519 D libEGL  : loaded /vendor/lib/egl/libGLESv1_CM_emulation.so
09-29 17:54:24.107   508   519 D libEGL  : loaded /vendor/lib/egl/libGLESv2_emulation.so
09-29 17:54:24.123   434   434 I ServiceManager: Waiting for service 'package_native' on '/dev/binder'...
09-29 17:54:24.125   285   285 I ServiceManager: Waiting for service 'statscompanion' on '/dev/binder'...
09-29 17:54:24.127   442   442 I ServiceManager: Waiting for service 'package_native' on '/dev/binder'...
09-29 17:54:24.132   508   519 D HostConnection: HostConnection::get() New Host Connection established 0xf56402b0, tid 519
09-29 17:54:24.137   508   519 D HostConnection: HostComposition ext ANDROID_EMU_CHECKSUM_HELPER_v1 ANDROID_EMU_native_sync_v2 ANDROID_EMU_native_sync_v3 ANDROID_EMU_native_sync_v4 ANDROID_EMU_dma_v1 ANDROID_EMU_direct_mem ANDROID_EMU_host_composition_v1 ANDROID_EMU_host_composition_v2 ANDROID_EMU_vulkan ANDROID_EMU_deferred_vulkan_commands ANDROID_EMU_vulkan_null_optional_strings ANDROID_EMU_vulkan_create_resources_with_requirements ANDROID_EMU_YUV_Cache ANDROID_EMU_vulkan_ignored_handles ANDROID_EMU_has_shared_slots_host_memory_allocator ANDROID_EMU_vulkan_free_memory_sync ANDROID_EMU_vulkan_shader_float16_int8 ANDROID_EMU_vulkan_async_queue_submit ANDROID_EMU_sync_buffer_data ANDROID_EMU_read_color_buffer_dma GL_OES_vertex_array_object GL_KHR_texture_compression_astc_ldr ANDROID_EMU_host_side_tracing ANDROID_EMU_gles_max_version_2 
09-29 17:54:24.139   174   174 I hwservicemanager: getTransport: Cannot find entry android.hardware.configstore@1.0::ISurfaceFlingerConfigs/default in either framework or device manifest.
09-29 17:54:24.142   174   174 I hwservicemanager: getTransport: Cannot find entry android.hardware.graphics.allocator@4.0::IAllocator/default in either framework or device manifest.
09-29 17:54:24.142   371   385 W Gralloc4: allocator 3.x is not supported
09-29 17:54:24.144   306   354 D goldfish-address-space: claimShared: Ask to claim region [0x3ed0b3000 0x3ee166000]
09-29 17:54:24.151   439   451 I ServiceManager: Waiting for service 'package_native' on '/dev/binder'...
09-29 17:54:24.163   371   385 D HostConnection: HostComposition ext ANDROID_EMU_CHECKSUM_HELPER_v1 ANDROID_EMU_native_sync_v2 ANDROID_EMU_native_sync_v3 ANDROID_EMU_native_sync_v4 ANDROID_EMU_dma_v1 ANDROID_EMU_direct_mem ANDROID_EMU_host_composition_v1 ANDROID_EMU_host_composition_v2 ANDROID_EMU_vulkan ANDROID_EMU_deferred_vulkan_commands ANDROID_EMU_vulkan_null_optional_strings ANDROID_EMU_vulkan_create_resources_with_requirements ANDROID_EMU_YUV_Cache ANDROID_EMU_vulkan_ignored_handles ANDROID_EMU_has_shared_slots_host_memory_allocator ANDROID_EMU_vulkan_free_memory_sync ANDROID_EMU_vulkan_shader_float16_int8 ANDROID_EMU_vulkan_async_queue_submit ANDROID_EMU_sync_buffer_data ANDROID_EMU_read_color_buffer_dma GL_OES_vertex_array_object GL_KHR_texture_compression_astc_ldr ANDROID_EMU_host_side_tracing ANDROID_EMU_gles_max_version_2 
09-29 17:54:24.165   174   174 I hwservicemanager: getTransport: Cannot find entry android.hardware.graphics.mapper@4.0::IMapper/default in either framework or device manifest.
09-29 17:54:24.165   508   519 I Gralloc4: mapper 4.x is not supported
09-29 17:54:24.167   508   519 D HostConnection: createUnique: call
09-29 17:54:24.168   508   519 D HostConnection: HostConnection::get() New Host Connection established 0xf5640a90, tid 519
09-29 17:54:24.169   508   519 D goldfish-address-space: allocate: Ask for block of size 0x100
09-29 17:54:24.169   508   519 D goldfish-address-space: allocate: ioctl allocate returned offset 0x3ebffe000 size 0x2000
09-29 17:54:24.174   508   519 D HostConnection: HostComposition ext ANDROID_EMU_CHECKSUM_HELPER_v1 ANDROID_EMU_native_sync_v2 ANDROID_EMU_native_sync_v3 ANDROID_EMU_native_sync_v4 ANDROID_EMU_dma_v1 ANDROID_EMU_direct_mem ANDROID_EMU_host_composition_v1 ANDROID_EMU_host_composition_v2 ANDROID_EMU_vulkan ANDROID_EMU_deferred_vulkan_commands ANDROID_EMU_vulkan_null_optional_strings ANDROID_EMU_vulkan_create_resources_with_requirements ANDROID_EMU_YUV_Cache ANDROID_EMU_vulkan_ignored_handles ANDROID_EMU_has_shared_slots_host_memory_allocator ANDROID_EMU_vulkan_free_memory_sync ANDROID_EMU_vulkan_shader_float16_int8 ANDROID_EMU_vulkan_async_queue_submit ANDROID_EMU_sync_buffer_data ANDROID_EMU_read_color_buffer_dma GL_OES_vertex_array_object GL_KHR_texture_compression_astc_ldr ANDROID_EMU_host_side_tracing ANDROID_EMU_gles_max_version_2 
09-29 17:54:24.188   508   519 D EGL_emulation: eglCreateContext: 0xf5641120: maj 1 min 0 rcv 1
09-29 17:54:24.225   434   434 I ServiceManager: Waiting for service 'package_native' on '/dev/binder'...
09-29 17:54:24.227   285   285 I ServiceManager: Waiting for service 'statscompanion' on '/dev/binder'...
09-29 17:54:24.228   442   442 I ServiceManager: Waiting for service 'package_native' on '/dev/binder'...
09-29 17:54:24.252   287   287 W zygote  : JNI RegisterNativeMethods: attempt to register 0 native methods for android.media.AudioAttributes
09-29 17:54:24.253   439   451 I ServiceManager: Waiting for service 'package_native' on '/dev/binder'...
09-29 17:54:24.299   287   287 D Zygote  : begin preload
09-29 17:54:24.299   287   287 I Zygote  : Calling ZygoteHooks.beginPreload()
09-29 17:54:24.327   434   434 I ServiceManager: Waiting for service 'package_native' on '/dev/binder'...
09-29 17:54:24.327   285   285 I ServiceManager: Waiting for service 'statscompanion' on '/dev/binder'...
09-29 17:54:24.331   442   442 I ServiceManager: Waiting for service 'package_native' on '/dev/binder'...
09-29 17:54:24.355   439   451 I ServiceManager: Waiting for service 'package_native' on '/dev/binder'...
09-29 17:54:24.381   287   287 D Zygote32Timing: BeginPreload took to complete: 81ms
09-29 17:54:24.381   287   287 I Zygote  : Preloading classes...
09-29 17:54:24.385   287   287 W Zygote  : Class not found for preloading: android.app.-$$Lambda$ResourcesManager$QJ7UiVk_XS90KuXAsIjIEym1DnM
09-29 17:54:24.428   434   434 I ServiceManager: Waiting for service 'package_native' on '/dev/binder'...
09-29 17:54:24.428   285   285 I ServiceManager: Waiting for service 'statscompanion' on '/dev/binder'...
09-29 17:54:24.432   442   442 I ServiceManager: Waiting for service 'package_native' on '/dev/binder'...
09-29 17:54:24.457   439   451 I ServiceManager: Waiting for service 'package_native' on '/dev/binder'...
09-29 17:54:24.520   508   519 D EGL_emulation: eglMakeCurrent: 0xf5641120: ver 1 0 (tinfo 0xf56d3590) (first time)
09-29 17:54:24.520   508   519 D EGL_emulation: eglMakeCurrent: 0xf5641120: ver 1 0 (tinfo 0xf56d3590) (first time)
09-29 17:54:24.529   285   285 I ServiceManager: Waiting for service 'statscompanion' on '/dev/binder'...
09-29 17:54:24.529   434   434 I ServiceManager: Waiting for service 'package_native' on '/dev/binder'...
09-29 17:54:24.533   442   442 I ServiceManager: Waiting for service 'package_native' on '/dev/binder'...
09-29 17:54:24.558   439   451 I ServiceManager: Waiting for service 'package_native' on '/dev/binder'...
09-29 17:54:24.571   508   519 D BootAnimation: BootAnimationShownTiming start time: 21481ms
09-29 17:54:24.575   508   520 E BootAnimation: Could not add watch for /data/system: Permission denied
09-29 17:54:24.604   371   393 D HostConnection: HostConnection::get() New Host Connection established 0xee300a20, tid 393
09-29 17:54:24.604   306   354 D goldfish-address-space: claimShared: Ask to claim region [0x3ee166000 0x3ef219000]
09-29 17:54:24.605   371   371 I SurfaceFlinger: Enter boot animation
09-29 17:54:24.607   371   371 E FMQ     : grantorIdx must be less than 3
09-29 17:54:24.608   307   307 E FMQ     : grantorIdx must be less than 3
09-29 17:54:24.613   371   393 D HostConnection: HostComposition ext ANDROID_EMU_CHECKSUM_HELPER_v1 ANDROID_EMU_native_sync_v2 ANDROID_EMU_native_sync_v3 ANDROID_EMU_native_sync_v4 ANDROID_EMU_dma_v1 ANDROID_EMU_direct_mem ANDROID_EMU_host_composition_v1 ANDROID_EMU_host_composition_v2 ANDROID_EMU_vulkan ANDROID_EMU_deferred_vulkan_commands ANDROID_EMU_vulkan_null_optional_strings ANDROID_EMU_vulkan_create_resources_with_requirements ANDROID_EMU_YUV_Cache ANDROID_EMU_vulkan_ignored_handles ANDROID_EMU_has_shared_slots_host_memory_allocator ANDROID_EMU_vulkan_free_memory_sync ANDROID_EMU_vulkan_shader_float16_int8 ANDROID_EMU_vulkan_async_queue_submit ANDROID_EMU_sync_buffer_data ANDROID_EMU_read_color_buffer_dma GL_OES_vertex_array_object GL_KHR_texture_compression_astc_ldr ANDROID_EMU_host_side_tracing ANDROID_EMU_gles_max_version_2 
09-29 17:54:24.617   307   307 D HostConnection: HostComposition ext ANDROID_EMU_CHECKSUM_HELPER_v1 ANDROID_EMU_native_sync_v2 ANDROID_EMU_native_sync_v3 ANDROID_EMU_native_sync_v4 ANDROID_EMU_dma_v1 ANDROID_EMU_direct_mem ANDROID_EMU_host_composition_v1 ANDROID_EMU_host_composition_v2 ANDROID_EMU_vulkan ANDROID_EMU_deferred_vulkan_commands ANDROID_EMU_vulkan_null_optional_strings ANDROID_EMU_vulkan_create_resources_with_requirements ANDROID_EMU_YUV_Cache ANDROID_EMU_vulkan_ignored_handles ANDROID_EMU_has_shared_slots_host_memory_allocator ANDROID_EMU_vulkan_free_memory_sync ANDROID_EMU_vulkan_shader_float16_int8 ANDROID_EMU_vulkan_async_queue_submit ANDROID_EMU_sync_buffer_data ANDROID_EMU_read_color_buffer_dma GL_OES_vertex_array_object GL_KHR_texture_compression_astc_ldr ANDROID_EMU_host_side_tracing ANDROID_EMU_gles_max_version_2 
09-29 17:54:24.618   307   307 E FMQ     : grantorIdx must be less than 3
09-29 17:54:24.620   371   371 E FMQ     : grantorIdx must be less than 3
09-29 17:54:24.630   285   285 I ServiceManager: Waiting for service 'statscompanion' on '/dev/binder'...
09-29 17:54:24.632   434   434 I ServiceManager: Waiting for service 'package_native' on '/dev/binder'...
09-29 17:54:24.633   442   442 I ServiceManager: Waiting for service 'package_native' on '/dev/binder'...
09-29 17:54:24.660   439   451 I ServiceManager: Waiting for service 'package_native' on '/dev/binder'...
09-29 17:54:24.730   285   285 I ServiceManager: Waiting for service 'statscompanion' on '/dev/binder'...
09-29 17:54:24.734   442   442 I ServiceManager: Waiting for service 'package_native' on '/dev/binder'...
09-29 17:54:24.734   434   434 I ServiceManager: Waiting for service 'package_native' on '/dev/binder'...
09-29 17:54:24.754   287   514 I zygote  : Verified 1359 classes from mainline modules in 747.026ms
09-29 17:54:24.760   439   451 I ServiceManager: Waiting for service 'package_native' on '/dev/binder'...
09-29 17:54:24.831   285   285 I ServiceManager: Waiting for service 'statscompanion' on '/dev/binder'...
09-29 17:54:24.835   434   434 I ServiceManager: Waiting for service 'package_native' on '/dev/binder'...
09-29 17:54:24.835   442   442 I ServiceManager: Waiting for service 'package_native' on '/dev/binder'...
09-29 17:54:24.862   439   451 I ServiceManager: Waiting for service 'package_native' on '/dev/binder'...
09-29 17:54:24.932   285   285 I ServiceManager: Waiting for service 'statscompanion' on '/dev/binder'...
09-29 17:54:24.935   434   434 I ServiceManager: Waiting for service 'package_native' on '/dev/binder'...
09-29 17:54:24.936   442   442 I ServiceManager: Waiting for service 'package_native' on '/dev/binder'...
09-29 17:54:24.963   439   451 I ServiceManager: Waiting for service 'package_native' on '/dev/binder'...
09-29 17:54:25.033   285   285 I ServiceManager: Waiting for service 'statscompanion' on '/dev/binder'...
09-29 17:54:25.036   434   434 I ServiceManager: Waiting for service 'package_native' on '/dev/binder'...
09-29 17:54:25.038   442   442 I ServiceManager: Waiting for service 'package_native' on '/dev/binder'...
09-29 17:54:25.065   439   451 I ServiceManager: Waiting for service 'package_native' on '/dev/binder'...
09-29 17:54:25.134   285   285 I ServiceManager: Waiting for service 'statscompanion' on '/dev/binder'...
09-29 17:54:25.136   434   434 I ServiceManager: Waiting for service 'package_native' on '/dev/binder'...
09-29 17:54:25.138   442   442 I ServiceManager: Waiting for service 'package_native' on '/dev/binder'...
09-29 17:54:25.166   439   451 I ServiceManager: Waiting for service 'package_native' on '/dev/binder'...
09-29 17:54:25.180   287   287 E ActivityRecognitionHardware: activity_recognition HAL is deprecated. class_init is effectively a no-op
09-29 17:54:25.235   285   285 I ServiceManager: Waiting for service 'statscompanion' on '/dev/binder'...
09-29 17:54:25.237   434   434 I ServiceManager: Waiting for service 'package_native' on '/dev/binder'...
09-29 17:54:25.240   442   442 I ServiceManager: Waiting for service 'package_native' on '/dev/binder'...
09-29 17:54:25.267   439   451 I ServiceManager: Waiting for service 'package_native' on '/dev/binder'...
09-29 17:54:25.338   285   285 I ServiceManager: Waiting for service 'statscompanion' on '/dev/binder'...
09-29 17:54:25.339   434   434 I ServiceManager: Waiting for service 'package_native' on '/dev/binder'...
09-29 17:54:25.341   442   442 I ServiceManager: Waiting for service 'package_native' on '/dev/binder'...
09-29 17:54:25.367   439   451 I ServiceManager: Waiting for service 'package_native' on '/dev/binder'...
09-29 17:54:25.439   285   285 I ServiceManager: Waiting for service 'statscompanion' on '/dev/binder'...
09-29 17:54:25.440   434   434 I ServiceManager: Waiting for service 'package_native' on '/dev/binder'...
09-29 17:54:25.442   442   442 I ServiceManager: Waiting for service 'package_native' on '/dev/binder'...
09-29 17:54:25.468   439   451 I ServiceManager: Waiting for service 'package_native' on '/dev/binder'...
09-29 17:54:25.472   287   287 I zygote  : Thread[1,tid=287,Native,Thread*=0xe2602a10,peer=0x13200260,"main"] recursive attempt to load library "libmedia_jni.so"
09-29 17:54:25.475   287   287 I zygote  : Thread[1,tid=287,Native,Thread*=0xe2602a10,peer=0x13200260,"main"] recursive attempt to load library "libmedia_jni.so"
09-29 17:54:25.475   287   287 D MtpDeviceJNI: register_android_mtp_MtpDevice
09-29 17:54:25.475   287   287 I zygote  : Thread[1,tid=287,Native,Thread*=0xe2602a10,peer=0x13200260,"main"] recursive attempt to load library "libmedia_jni.so"
09-29 17:54:25.475   287   287 I zygote  : Thread[1,tid=287,Native,Thread*=0xe2602a10,peer=0x13200260,"main"] recursive attempt to load library "libmedia_jni.so"
09-29 17:54:25.485   287   287 W Zygote  : Class not found for preloading: android.media.MediaRouter$Static$Client$1
09-29 17:54:25.485   287   287 W Zygote  : Class not found for preloading: android.media.MediaRouter$Static$Client$2
09-29 17:54:25.515   287   287 W Zygote  : Class not found for preloading: android.net.shared.Inet4AddressUtils
09-29 17:54:25.515   287   287 W Zygote  : Class not found for preloading: android.net.shared.InetAddressUtils
09-29 17:54:25.540   285   285 I ServiceManager: Waiting for service 'statscompanion' on '/dev/binder'...
09-29 17:54:25.541   434   434 I ServiceManager: Waiting for service 'package_native' on '/dev/binder'...
09-29 17:54:25.544   442   442 I ServiceManager: Waiting for service 'package_native' on '/dev/binder'...
09-29 17:54:25.569   439   451 I ServiceManager: Waiting for service 'package_native' on '/dev/binder'...
09-29 17:54:25.593   287   287 W Zygote  : Class not found for preloading: android.view.-$$Lambda$cZhmLzK8aetUdx4VlP9w5jR7En0
09-29 17:54:25.614   287   287 W Zygote  : Class not found for preloading: android.view.autofill.-$$Lambda$AutofillManager$AutofillManagerClient$vxNm6RuuD-r5pkiSxNSBBd1w_Qc
09-29 17:54:25.616   287   287 W Zygote  : Class not found for preloading: android.view.contentcapture.-$$Lambda$MainContentCaptureSession$1$JPRO-nNGZpgXrKr4QC_iQiTbQx0
09-29 17:54:25.616   287   287 W Zygote  : Class not found for preloading: android.view.contentcapture.-$$Lambda$MainContentCaptureSession$1$Xhq3WJibbalS1G_W3PRC2m7muhM
09-29 17:54:25.617   287   287 W Zygote  : Class not found for preloading: android.view.contentcapture.MainContentCaptureSession$1
09-29 17:54:25.641   434   434 I ServiceManager: Waiting for service 'package_native' on '/dev/binder'...
09-29 17:54:25.642   285   285 I ServiceManager: Waiting for service 'statscompanion' on '/dev/binder'...
09-29 17:54:25.645   442   442 I ServiceManager: Waiting for service 'package_native' on '/dev/binder'...
09-29 17:54:25.670   439   451 I ServiceManager: Waiting for service 'package_native' on '/dev/binder'...
09-29 17:54:25.743   434   434 I ServiceManager: Waiting for service 'package_native' on '/dev/binder'...
09-29 17:54:25.743   285   285 I ServiceManager: Waiting for service 'statscompanion' on '/dev/binder'...
09-29 17:54:25.745   442   442 I ServiceManager: Waiting for service 'package_native' on '/dev/binder'...
09-29 17:54:25.770   439   451 I ServiceManager: Waiting for service 'package_native' on '/dev/binder'...
09-29 17:54:25.844   434   434 I ServiceManager: Waiting for service 'package_native' on '/dev/binder'...
09-29 17:54:25.844   285   285 I ServiceManager: Waiting for service 'statscompanion' on '/dev/binder'...
09-29 17:54:25.847   442   442 I ServiceManager: Waiting for service 'package_native' on '/dev/binder'...
09-29 17:54:25.871   439   451 I ServiceManager: Waiting for service 'package_native' on '/dev/binder'...
09-29 17:54:25.945   434   434 I ServiceManager: Waiting for service 'package_native' on '/dev/binder'...
09-29 17:54:25.945   285   285 I ServiceManager: Waiting for service 'statscompanion' on '/dev/binder'...
09-29 17:54:25.948   442   442 I ServiceManager: Waiting for service 'package_native' on '/dev/binder'...
09-29 17:54:25.972   439   451 I ServiceManager: Waiting for service 'package_native' on '/dev/binder'...
09-29 17:54:26.046   434   434 I ServiceManager: Waiting for service 'package_native' on '/dev/binder'...
09-29 17:54:26.046   285   285 I ServiceManager: Waiting for service 'statscompanion' on '/dev/binder'...
09-29 17:54:26.049   442   442 I ServiceManager: Waiting for service 'package_native' on '/dev/binder'...
09-29 17:54:26.072   439   451 I ServiceManager: Waiting for service 'package_native' on '/dev/binder'...
09-29 17:54:26.120   306   354 D goldfish-address-space: claimShared: Ask to claim region [0x3f0000000 0x3f10b3000]
09-29 17:54:26.147   434   434 I ServiceManager: Waiting for service 'package_native' on '/dev/binder'...
09-29 17:54:26.148   285   285 I ServiceManager: Waiting for service 'statscompanion' on '/dev/binder'...
09-29 17:54:26.150   442   442 I ServiceManager: Waiting for service 'package_native' on '/dev/binder'...
09-29 17:54:26.173   439   451 I ServiceManager: Waiting for service 'package_native' on '/dev/binder'...
09-29 17:54:26.250   285   285 I ServiceManager: Waiting for service 'statscompanion' on '/dev/binder'...
09-29 17:54:26.251   434   434 I ServiceManager: Waiting for service 'package_native' on '/dev/binder'...
09-29 17:54:26.251   442   442 I ServiceManager: Waiting for service 'package_native' on '/dev/binder'...
09-29 17:54:26.275   439   451 I ServiceManager: Waiting for service 'package_native' on '/dev/binder'...
09-29 17:54:26.351   285   285 I ServiceManager: Waiting for service 'statscompanion' on '/dev/binder'...
09-29 17:54:26.352   434   434 I ServiceManager: Waiting for service 'package_native' on '/dev/binder'...
09-29 17:54:26.352   442   442 I ServiceManager: Waiting for service 'package_native' on '/dev/binder'...
09-29 17:54:26.376   439   451 I ServiceManager: Waiting for service 'package_native' on '/dev/binder'...
09-29 17:54:26.453   285   285 I ServiceManager: Waiting for service 'statscompanion' on '/dev/binder'...
09-29 17:54:26.454   434   434 I ServiceManager: Waiting for service 'package_native' on '/dev/binder'...
09-29 17:54:26.454   442   442 I ServiceManager: Waiting for service 'package_native' on '/dev/binder'...
09-29 17:54:26.478   439   451 I ServiceManager: Waiting for service 'package_native' on '/dev/binder'...
09-29 17:54:26.554   285   285 I ServiceManager: Waiting for service 'statscompanion' on '/dev/binder'...
09-29 17:54:26.554   442   442 I ServiceManager: Waiting for service 'package_native' on '/dev/binder'...
09-29 17:54:26.555   434   434 I ServiceManager: Waiting for service 'package_native' on '/dev/binder'...
09-29 17:54:26.580   439   451 I ServiceManager: Waiting for service 'package_native' on '/dev/binder'...
09-29 17:54:26.653   287   287 W Zygote  : Class not found for preloading: com.android.internal.telephony.IccSmsInterfaceManager$2
09-29 17:54:26.655   285   285 W ServiceManager: Service statscompanion didn't start. Returning NULL
09-29 17:54:26.656   434   434 I ServiceManager: Waiting for service 'package_native' on '/dev/binder'...
09-29 17:54:26.656   442   442 I ServiceManager: Waiting for service 'package_native' on '/dev/binder'...
09-29 17:54:26.662   285   285 I statsd  : Statsd starts to listen to socket.
09-29 17:54:26.682   439   451 I ServiceManager: Waiting for service 'package_native' on '/dev/binder'...
09-29 17:54:26.693   287   287 W Zygote  : Class not found for preloading: com.android.internal.widget.-$$Lambda$gPQuiuEDuOmrh2MixBcV6a5gu5s
09-29 17:54:26.695   287   287 W Zygote  : Class not found for preloading: com.android.internal.widget.LockPatternUtils$2
09-29 17:54:26.758   442   442 I ServiceManager: Waiting for service 'package_native' on '/dev/binder'...
09-29 17:54:26.760   434   434 I ServiceManager: Waiting for service 'package_native' on '/dev/binder'...
09-29 17:54:26.764   287   287 I Zygote  : ...preloaded 12112 classes in 2383ms.
09-29 17:54:26.765   287   287 I zygote  : VMRuntime.preloadDexCaches starting
09-29 17:54:26.784   439   451 I ServiceManager: Waiting for service 'package_native' on '/dev/binder'...
09-29 17:54:26.803   287   287 I zygote  : VMRuntime.preloadDexCaches strings total=417993 before=11371 after=11371
09-29 17:54:26.804   287   287 I zygote  : VMRuntime.preloadDexCaches types total=40945 before=11206 after=11380
09-29 17:54:26.804   287   287 I zygote  : VMRuntime.preloadDexCaches fields total=173612 before=14202 after=15086
09-29 17:54:26.804   287   287 I zygote  : VMRuntime.preloadDexCaches methods total=315774 before=18080 after=18080
09-29 17:54:26.804   287   287 I zygote  : VMRuntime.preloadDexCaches finished
09-29 17:54:26.804   287   287 D Zygote32Timing: PreloadClasses took to complete: 2423ms
09-29 17:54:26.817   287   287 I zygote  : The ClassLoaderContext is a special shared library.
09-29 17:54:26.819   287   287 D ApplicationLoaders: Created zygote-cached class loader: /system/framework/android.hidl.base-V1.0-java.jar
09-29 17:54:26.832   287   287 I zygote  : The ClassLoaderContext is a special shared library.
09-29 17:54:26.833   287   287 D ApplicationLoaders: Created zygote-cached class loader: /system/framework/android.hidl.manager-V1.0-java.jar
09-29 17:54:26.846   287   287 I zygote  : The ClassLoaderContext is a special shared library.
09-29 17:54:26.847   287   287 D ApplicationLoaders: Created zygote-cached class loader: /system/framework/android.test.base.jar
09-29 17:54:26.847   287   287 D Zygote32Timing: CacheNonBootClasspathClassLoaders took to complete: 43ms
09-29 17:54:26.847   287   287 I Zygote  : Preloading resources...
09-29 17:54:26.862   442   442 I ServiceManager: Waiting for service 'package_native' on '/dev/binder'...
09-29 17:54:26.862   434   434 I ServiceManager: Waiting for service 'package_native' on '/dev/binder'...
09-29 17:54:26.877   287   287 W Resources: Preloaded drawable resource #0x108028b (android:drawable/dialog_background_material) that varies with configuration!!
09-29 17:54:26.887   439   451 I ServiceManager: Waiting for service 'package_native' on '/dev/binder'...
09-29 17:54:26.900   287   287 I Zygote  : ...preloaded 64 resources in 53ms.
09-29 17:54:26.905   287   287 I Zygote  : ...preloaded 41 resources in 4ms.
09-29 17:54:26.905   287   287 D Zygote32Timing: PreloadResources took to complete: 57ms
09-29 17:54:26.918   287   287 I Zygote  : Preloading shared libraries...
09-29 17:54:26.948   287   287 I Zygote  : Called ZygoteHooks.endPreload()
09-29 17:54:26.949   287   287 I Zygote  : Installed AndroidKeyStoreProvider in 0ms.
09-29 17:54:26.952   287   287 I Zygote  : Warmed up JCA providers in 3ms.
09-29 17:54:26.952   287   287 D Zygote  : end preload
09-29 17:54:26.952   287   287 D Zygote32Timing: ZygotePreload took to complete: 2653ms
09-29 17:54:26.962   434   434 I ServiceManager: Waiting for service 'package_native' on '/dev/binder'...
09-29 17:54:26.962   442   442 I ServiceManager: Waiting for service 'package_native' on '/dev/binder'...
09-29 17:54:26.986   287   287 I zygote  : Explicit concurrent copying GC freed 28936(1529KB) AllocSpace objects, 0(0B) LOS objects, 49% free, 4796KB/9592KB, paused 1.684ms total 33.906ms
09-29 17:54:26.990   439   451 I ServiceManager: Waiting for service 'package_native' on '/dev/binder'...
09-29 17:54:27.017   287   287 I zygote  : Explicit concurrent copying GC freed 3185(151KB) AllocSpace objects, 0(0B) LOS objects, 49% free, 4676KB/9352KB, paused 765us total 28.674ms
09-29 17:54:27.017   287   287 D Zygote32Timing: PostZygoteInitGC took to complete: 65ms
09-29 17:54:27.017   287   287 D Zygote32Timing: ZygoteInit took to complete: 2735ms
09-29 17:54:27.064   434   434 I ServiceManager: Waiting for service 'package_native' on '/dev/binder'...
09-29 17:54:27.064   442   442 I ServiceManager: Waiting for service 'package_native' on '/dev/binder'...
09-29 17:54:27.091   439   451 I ServiceManager: Waiting for service 'package_native' on '/dev/binder'...
09-29 17:54:27.100   287   287 D Zygote  : Forked child process 524
09-29 17:54:27.100   287   287 I Zygote  : System server process 524 has been created
09-29 17:54:27.105   287   287 I Zygote  : Accepting command socket connections
09-29 17:54:27.108   524   524 W system_server: Unexpected CPU variant for X86 using defaults: x86
09-29 17:54:27.130   387   416 I adbd    : jdwp connection from 524
09-29 17:54:27.166   434   434 I ServiceManager: Waiting for service 'package_native' on '/dev/binder'...
09-29 17:54:27.166   442   442 I ServiceManager: Waiting for service 'package_native' on '/dev/binder'...
09-29 17:54:27.195   439   451 I ServiceManager: Waiting for service 'package_native' on '/dev/binder'...
09-29 17:54:27.267   442   442 I ServiceManager: Waiting for service 'package_native' on '/dev/binder'...
09-29 17:54:27.268   434   434 I ServiceManager: Waiting for service 'package_native' on '/dev/binder'...
09-29 17:54:27.296   439   451 I ServiceManager: Waiting for service 'package_native' on '/dev/binder'...
09-29 17:54:27.369   442   442 I ServiceManager: Waiting for service 'package_native' on '/dev/binder'...
09-29 17:54:27.369   434   434 I ServiceManager: Waiting for service 'package_native' on '/dev/binder'...
09-29 17:54:27.397   439   451 I ServiceManager: Waiting for service 'package_native' on '/dev/binder'...
09-29 17:54:27.470   434   434 I ServiceManager: Waiting for service 'package_native' on '/dev/binder'...
09-29 17:54:27.470   442   442 I ServiceManager: Waiting for service 'package_native' on '/dev/binder'...
09-29 17:54:27.483   524   524 I SystemServerTiming: InitBeforeStartServices
09-29 17:54:27.488   524   524 I SystemServer: Entered the Android system server!
09-29 17:54:27.499   439   451 I ServiceManager: Waiting for service 'package_native' on '/dev/binder'...
09-29 17:54:27.571   434   434 I ServiceManager: Waiting for service 'package_native' on '/dev/binder'...
09-29 17:54:27.571   442   442 I ServiceManager: Waiting for service 'package_native' on '/dev/binder'...
09-29 17:54:27.599   439   451 I ServiceManager: Waiting for service 'package_native' on '/dev/binder'...
09-29 17:54:27.673   434   434 I ServiceManager: Waiting for service 'package_native' on '/dev/binder'...
09-29 17:54:27.676   442   442 I ServiceManager: Waiting for service 'package_native' on '/dev/binder'...
09-29 17:54:27.700   439   451 I ServiceManager: Waiting for service 'package_native' on '/dev/binder'...
09-29 17:54:27.776   434   434 I ServiceManager: Waiting for service 'package_native' on '/dev/binder'...
09-29 17:54:27.778   442   442 I ServiceManager: Waiting for service 'package_native' on '/dev/binder'...
09-29 17:54:27.801   439   451 I ServiceManager: Waiting for service 'package_native' on '/dev/binder'...
09-29 17:54:27.878   434   434 I ServiceManager: Waiting for service 'package_native' on '/dev/binder'...
09-29 17:54:27.880   442   442 I ServiceManager: Waiting for service 'package_native' on '/dev/binder'...
09-29 17:54:27.902   439   451 I ServiceManager: Waiting for service 'package_native' on '/dev/binder'...
09-29 17:54:27.933   524   524 E UsbAlsaJackDetectorJNI: Can't register UsbAlsaJackDetector native methods
09-29 17:54:27.980   434   434 I ServiceManager: Waiting for service 'package_native' on '/dev/binder'...
09-29 17:54:27.982   442   442 I ServiceManager: Waiting for service 'package_native' on '/dev/binder'...
09-29 17:54:27.992   524   524 I SystemServerInitThreadPool: Creating instance with 4 threads
09-29 17:54:27.993   524   524 D SystemServerTiming: InitBeforeStartServices took to complete: 510ms
09-29 17:54:27.997   524   524 I SystemServerTiming: StartServices
09-29 17:54:27.997   524   524 I SystemServerTiming: startBootstrapServices
09-29 17:54:27.997   524   524 I SystemServerTiming: StartWatchdog
09-29 17:54:28.004   439   451 I ServiceManager: Waiting for service 'package_native' on '/dev/binder'...
09-29 17:54:28.040   524   524 D SystemServerTiming: StartWatchdog took to complete: 43ms
09-29 17:54:28.041   524   524 I SystemServer: Reading configuration...
09-29 17:54:28.041   524   524 I SystemServerTiming: ReadingSystemConfig
09-29 17:54:28.041   524   524 D SystemServerTiming: ReadingSystemConfig took to complete: 1ms
09-29 17:54:28.042   524   524 I SystemServerTiming: PlatformCompat
09-29 17:54:28.045   524   548 I SystemServerTimingAsync: InitThreadPoolExec:ReadingSystemConfig
09-29 17:54:28.046   524   548 D SystemServerInitThreadPool: Started executing ReadingSystemConfig
09-29 17:54:28.050   524   548 I SystemConfig: Reading permissions from /system/etc/sysconfig/framework-sysconfig.xml
09-29 17:54:28.053   524   548 I SystemConfig: Reading permissions from /system/etc/sysconfig/hiddenapi-package-whitelist.xml
09-29 17:54:28.060   524   548 I SystemConfig: Reading permissions from /system/etc/sysconfig/preinstalled-packages-platform.xml
09-29 17:54:28.063   524   524 D CompatConfig: Found a config file: /system/etc/compatconfig/framework-platform-compat-config.xml
09-29 17:54:28.067   524   548 I SystemConfig: Reading permissions from /system/etc/permissions/android.test.runner.xml
09-29 17:54:28.071   524   548 I SystemConfig: Reading permissions from /system/etc/permissions/com.android.location.provider.xml
09-29 17:54:28.072   524   524 D CompatConfig: Adding: com.android.server.compat.config.Change@bc66dc4
09-29 17:54:28.078   524   548 I SystemConfig: Reading permissions from /system/etc/permissions/privapp-permissions-platform.xml
09-29 17:54:28.081   434   434 I ServiceManager: Waiting for service 'package_native' on '/dev/binder'...
09-29 17:54:28.081   524   524 D CompatConfig: Adding: com.android.server.compat.config.Change@44f03e2
09-29 17:54:28.083   442   442 I ServiceManager: Waiting for service 'package_native' on '/dev/binder'...
09-29 17:54:28.084   524   524 D CompatConfig: Adding: com.android.server.compat.config.Change@b9fb373
09-29 17:54:28.087   524   548 I SystemConfig: Reading permissions from /system/etc/permissions/com.android.documentsui.xml
09-29 17:54:28.088   524   524 D CompatConfig: Adding: com.android.server.compat.config.Change@f15dea9
09-29 17:54:28.091   524   548 I SystemConfig: Reading permissions from /system/etc/permissions/com.android.media.remotedisplay.xml
09-29 17:54:28.096   524   524 D CompatConfig: Adding: com.android.server.compat.config.Change@983b15c
09-29 17:54:28.097   524   548 I SystemConfig: Reading permissions from /system/etc/permissions/com.android.timezone.updater.xml
09-29 17:54:28.098   524   524 D CompatConfig: Adding: com.android.server.compat.config.Change@644bc65
09-29 17:54:28.100   524   548 I SystemConfig: Reading permissions from /system/etc/permissions/javax.obex.xml
09-29 17:54:28.101   524   548 I SystemConfig: Reading permissions from /system/etc/permissions/android.software.live_wallpaper.xml
09-29 17:54:28.103   524   548 I SystemConfig: Reading permissions from /system/etc/permissions/android.test.base.xml
09-29 17:54:28.107   439   451 I ServiceManager: Waiting for service 'package_native' on '/dev/binder'...
09-29 17:54:28.107   524   548 I SystemConfig: Reading permissions from /system/etc/permissions/com.android.future.usb.accessory.xml
09-29 17:54:28.109   524   524 D CompatConfig: Adding: com.android.server.compat.config.Change@38ce306
09-29 17:54:28.113   524   548 I SystemConfig: Reading permissions from /system/etc/permissions/com.android.mediadrm.signer.xml
09-29 17:54:28.116   524   548 I SystemConfig: Reading permissions from /system/etc/permissions/android.test.mock.xml
09-29 17:54:28.116   524   524 D CompatConfig: Adding: com.android.server.compat.config.Change@a47131d
09-29 17:54:28.121   524   548 I SystemConfig: Reading permissions from /system/etc/permissions/org.apache.http.legacy.xml
09-29 17:54:28.121   524   524 D CompatConfig: Adding: com.android.server.compat.config.Change@edc5f63
09-29 17:54:28.122   524   548 I SystemConfig: Reading permissions from /system/etc/permissions/com.android.nfc_extras.xml
09-29 17:54:28.123   524   548 I SystemConfig: Reading permissions from /system/etc/permissions/android.software.webview.xml
09-29 17:54:28.125   524   524 D CompatConfig: Adding: com.android.server.compat.config.Change@2374cde
09-29 17:54:28.125   524   548 I SystemConfig: Reading permissions from /system/etc/permissions/platform.xml
09-29 17:54:28.130   524   524 D CompatConfig: Adding: com.android.server.compat.config.Change@144298c
09-29 17:54:28.134   524   524 D CompatConfig: Adding: com.android.server.compat.config.Change@cf688d5
09-29 17:54:28.136   524   548 I SystemConfig: Reading permissions from /vendor/etc/permissions/android.hardware.wifi.direct.xml
09-29 17:54:28.139   524   548 I SystemConfig: Reading permissions from /vendor/etc/permissions/android.hardware.vulkan.version.xml
09-29 17:54:28.141   524   524 D CompatConfig: Adding: com.android.server.compat.config.Change@ba3dd51
09-29 17:54:28.141   524   548 I SystemConfig: Reading permissions from /vendor/etc/permissions/android.hardware.bluetooth_le.xml
09-29 17:54:28.144   524   548 I SystemConfig: Reading permissions from /vendor/etc/permissions/android.hardware.camera.concurrent.xml
09-29 17:54:28.149   524   548 I SystemConfig: Reading permissions from /vendor/etc/permissions/android.software.vulkan.deqp.level.xml
09-29 17:54:28.149   524   524 D CompatConfig: Adding: com.android.server.compat.config.Change@8f41e24
09-29 17:54:28.151   524   548 I SystemConfig: Reading permissions from /vendor/etc/permissions/android.hardware.vulkan.compute.xml
09-29 17:54:28.153   524   548 I SystemConfig: Reading permissions from /vendor/etc/permissions/android.hardware.camera.raw.xml
09-29 17:54:28.155   524   524 D CompatConfig: Adding: com.android.server.compat.config.Change@953e753
09-29 17:54:28.157   524   548 I SystemConfig: Reading permissions from /vendor/etc/permissions/android.hardware.fingerprint.xml
09-29 17:54:28.160   524   548 I SystemConfig: Reading permissions from /vendor/etc/permissions/android.hardware.camera.flash-autofocus.xml
09-29 17:54:28.162   524   524 D CompatConfig: Adding: com.android.server.compat.config.Change@bea98e
09-29 17:54:28.163   524   548 I SystemConfig: Reading permissions from /vendor/etc/permissions/android.hardware.touchscreen.multitouch.jazzhand.xml
09-29 17:54:28.166   524   548 I SystemConfig: Reading permissions from /vendor/etc/permissions/android.hardware.camera.full.xml
09-29 17:54:28.167   524   524 D CompatConfig: Adding: com.android.server.compat.config.Change@cac5145
09-29 17:54:28.169   524   548 I SystemConfig: Reading permissions from /vendor/etc/permissions/android.hardware.wifi.passpoint.xml
09-29 17:54:28.169   524   524 D CompatConfig: Adding: com.android.server.compat.config.Change@716edcb
09-29 17:54:28.172   524   548 I SystemConfig: Reading permissions from /vendor/etc/permissions/android.hardware.camera.ar.xml
09-29 17:54:28.174   524   548 I SystemConfig: Reading permissions from /vendor/etc/permissions/android.hardware.bluetooth.xml
09-29 17:54:28.176   524   524 D CompatConfig: Adding: com.android.server.compat.config.Change@7c5bcc1
09-29 17:54:28.179   524   548 I SystemConfig: Reading permissions from /vendor/etc/permissions/android.hardware.wifi.xml
09-29 17:54:28.183   524   548 I SystemConfig: Reading permissions from /vendor/etc/permissions/android.hardware.camera.front.xml
09-29 17:54:28.184   434   434 W ServiceManager: Service package_native didn't start. Returning NULL
09-29 17:54:28.184   524   524 D CompatConfig: Adding: com.android.server.compat.config.Change@db063fd
09-29 17:54:28.184   434   434 E iorapd  : Cannot get package manager service!
09-29 17:54:28.185   442   442 I ServiceManager: Waiting for service 'package_native' on '/dev/binder'...
09-29 17:54:28.185   524   548 I SystemConfig: Reading permissions from /vendor/etc/permissions/android.software.autofill.xml
09-29 17:54:28.187   524   524 D CompatConfig: Adding: com.android.server.compat.config.Change@d754b43
09-29 17:54:28.188   524   548 I SystemConfig: Reading permissions from /vendor/etc/permissions/android.hardware.vulkan.level.xml
09-29 17:54:28.191   524   524 D CompatConfig: Adding: com.android.server.compat.config.Change@ea442f9
09-29 17:54:28.193   524   548 I SystemConfig: Reading permissions from /vendor/etc/permissions/handheld_core_hardware.xml
09-29 17:54:28.201   524   548 I SystemConfig: Reading permissions from /product/etc/sysconfig/google-hiddenapi-package-whitelist.xml
09-29 17:54:28.201   524   524 D CompatConfig: Adding: com.android.server.compat.config.Change@5eb5dec
09-29 17:54:28.203   524   548 I SystemConfig: Reading permissions from /product/etc/sysconfig/preinstalled-packages-platform-handheld-product.xml
09-29 17:54:28.205   524   524 D CompatConfig: Found a config file: /system/etc/compatconfig/documents-ui-compat-config.xml
09-29 17:54:28.205   524   548 I SystemConfig: Reading permissions from /product/etc/sysconfig/google.xml
09-29 17:54:28.207   524   548 I SystemConfig: Adding association: com.google.android.as <- com.android.bluetooth
09-29 17:54:28.207   524   548 I SystemConfig: Adding association: com.google.android.as <- com.android.providers.contacts
09-29 17:54:28.207   524   548 I SystemConfig: Adding association: com.google.android.as <- com.android.providers.media
09-29 17:54:28.208   524   548 I SystemConfig: Adding association: com.google.android.as <- com.android.providers.telephony
09-29 17:54:28.209   524   548 I SystemConfig: Adding association: com.google.android.as <- com.android.systemui
09-29 17:54:28.209   524   548 I SystemConfig: Adding association: com.google.android.as <- com.google.android.providers.media.module
09-29 17:54:28.211   524   524 D CompatConfig: Adding: com.android.server.compat.config.Change@e965831
09-29 17:54:28.212   524   548 I SystemConfig: Reading permissions from /product/etc/sysconfig/preinstalled-packages-platform-aosp-product.xml
09-29 17:54:28.212   439   451 W ServiceManager: Service package_native didn't start. Returning NULL
09-29 17:54:28.212   439   451 E ServiceUtilities: getInfo: Cannot find package_native
09-29 17:54:28.212   439   451 W AudioAnalytics: (key=audio.flinger) Audioflinger constructor event detected
09-29 17:54:28.215   524   524 D CompatConfig: Found a config file: /system/etc/compatconfig/libcore-platform-compat-config.xml
09-29 17:54:28.215   524   548 I SystemConfig: Reading permissions from /product/etc/sysconfig/preinstalled-packages-platform-overlays.xml
09-29 17:54:28.220   524   524 D CompatConfig: Adding: com.android.server.compat.config.Change@17e84
09-29 17:54:28.224   524   524 D CompatConfig: Adding: com.android.server.compat.config.Change@347466d
09-29 17:54:28.224   524   548 I SystemConfig: Reading permissions from /product/etc/permissions/com.android.settings.intelligence.xml
09-29 17:54:28.228   524   548 I SystemConfig: Reading permissions from /product/etc/permissions/privapp-permissions-google-p.xml
09-29 17:54:28.228   524   524 D CompatConfig: Adding: com.android.server.compat.config.Change@359fef0
09-29 17:54:28.231   524   524 D CompatConfig: Adding: com.android.server.compat.config.Change@69edc69
09-29 17:54:28.236   524   524 D CompatConfig: Found a config file: /system/etc/compatconfig/services-platform-compat-config.xml
09-29 17:54:28.237   524   548 I SystemConfig: Reading permissions from /product/etc/permissions/privapp-permissions-goldfish.xml
09-29 17:54:28.241   524   548 I SystemConfig: Reading permissions from /product/etc/permissions/privapp-permissions-sdk-google.xml
09-29 17:54:28.243   524   548 I SystemConfig: Reading permissions from /product/etc/permissions/split-permissions-google.xml
09-29 17:54:28.244   524   524 D CompatConfig: Adding: com.android.server.compat.config.Change@8ba3fa
09-29 17:54:28.245   524   548 I SystemConfig: Reading permissions from /product/etc/permissions/com.android.dialer.xml
09-29 17:54:28.246   524   524 D CompatConfig: Adding: com.android.server.compat.config.Change@5fabc08
09-29 17:54:28.248   524   524 D CompatConfig: Adding: com.android.server.compat.config.Change@73cafa1
09-29 17:54:28.248   524   548 I SystemConfig: Reading permissions from /product/etc/permissions/android.software.verified_boot.xml
09-29 17:54:28.250   524   524 D CompatConfig: Adding: com.android.server.compat.config.Change@348f987
09-29 17:54:28.253   524   548 I SystemConfig: Reading permissions from /product/etc/permissions/com.android.contacts.xml
09-29 17:54:28.254   524   524 D CompatConfig: Adding: com.android.server.compat.config.Change@853a4dd
09-29 17:54:28.256   524   524 D CompatConfig: Adding: com.android.server.compat.config.Change@7c6b852
09-29 17:54:28.257   524   548 W SystemConfig: No directory /system_ext/etc/sysconfig, skipping
09-29 17:54:28.258   524   524 D CompatConfig: Adding: com.android.server.compat.config.Change@d31a723
09-29 17:54:28.261   524   548 I SystemConfig: Reading permissions from /system_ext/etc/permissions/androidx.window.sidecar.xml
09-29 17:54:28.261   524   524 D CompatConfig: Adding: com.android.server.compat.config.Change@5eab1d9
09-29 17:54:28.264   524   548 I SystemConfig: Reading permissions from /system_ext/etc/permissions/com.android.settings.xml
09-29 17:54:28.265   524   524 D CompatConfig: Adding: com.android.server.compat.config.Change@d6d927f
09-29 17:54:28.269   524   548 I SystemConfig: Reading permissions from /system_ext/etc/permissions/com.android.systemui.xml
09-29 17:54:28.270   524   524 D CompatConfig: Adding: com.android.server.compat.config.Change@24b9295
09-29 17:54:28.273   524   548 I SystemConfig: Reading permissions from /system_ext/etc/permissions/com.android.carrierconfig.xml
09-29 17:54:28.276   524   548 I SystemConfig: Reading permissions from /system_ext/etc/permissions/com.android.emulator.radio.config.xml
09-29 17:54:28.276   524   524 D CompatConfig: Adding: com.android.server.compat.config.Change@8d93738
09-29 17:54:28.280   524   524 D CompatConfig: Adding: com.android.server.compat.config.Change@9fc311
09-29 17:54:28.280   524   548 I SystemConfig: Reading permissions from /system_ext/etc/permissions/com.google.android.sdksetup.xml
09-29 17:54:28.283   524   548 I SystemConfig: Reading permissions from /system_ext/etc/permissions/com.android.launcher3.xml
09-29 17:54:28.284   524   524 D CompatConfig: Adding: com.android.server.compat.config.Change@a868ee4
09-29 17:54:28.284   524   548 I SystemConfig: Reading permissions from /system_ext/etc/permissions/privapp-permissions-google-se.xml
09-29 17:54:28.288   442   442 I ServiceManager: Waiting for service 'package_native' on '/dev/binder'...
09-29 17:54:28.290   524   524 D CompatConfig: Found a config file: /system/system_ext/etc/compatconfig/settings-platform-compat-config.xml
09-29 17:54:28.292   524   548 I SystemConfig: Reading permissions from /system_ext/etc/permissions/com.android.provision.xml
09-29 17:54:28.293   524   524 D CompatConfig: Adding: com.android.server.compat.config.Change@b8fb550
09-29 17:54:28.295   524   548 I SystemConfig: Reading permissions from /system_ext/etc/permissions/com.android.storagemanager.xml
09-29 17:54:28.298   524   548 I SystemConfig: Reading permissions from /system_ext/etc/permissions/com.android.emergency.xml
09-29 17:54:28.301   524   548 I SystemConfig: Reading permissions from /apex/com.android.ipsec/etc/permissions/android.net.ipsec.ike.xml
