09-29 17:54:32.642   524   599 I InputReader: Touch device 'virtio_input_multi_touch_7' could not query the properties of its associated display.  The device will be inoperable until the display size becomes available.
09-29 17:54:32.642   524   599 I InputReader: Device added: id=12, eventHubId=3, name='virtio_input_multi_touch_7', descriptor='e1c836c7be888adb29ca6646292e486f96461e97',sources=0x80005002
09-29 17:54:32.642   524   599 I InputReader: Touch device 'virtio_input_multi_touch_9' could not query the properties of its associated display.  The device will be inoperable until the display size becomes available.
09-29 17:54:32.642   524   599 I InputReader: Device added: id=13, eventHubId=2, name='virtio_input_multi_touch_9', descriptor='ac8abc2b3d95a68148a903fffc0a312b4dd19302',sources=0x80005002
09-29 17:54:32.642   524   599 I InputReader: Device added: id=14, eventHubId=1, name='Power Button', descriptor='26d13db3fa0f6bd5d05831266fb01ea6c500b88c',sources=0x00000101
09-29 17:54:32.643   524   524 D SystemServerTiming: NetworkWatchlistService took to complete: 33ms
09-29 17:54:32.643   524   524 I SystemServerTiming: PinnerService
09-29 17:54:32.643   524   524 I SystemServiceManager: Starting com.android.server.PinnerService
09-29 17:54:32.644   524   524 E HistoricalRegistry: Interaction before persistence initialized
09-29 17:54:32.644   524   606 I WatchlistLoggingHandler: Start aggregating watchlist records.
09-29 17:54:32.644   524   599 E InputClassifier: Could not add the event to the queue. Resetting
09-29 17:54:32.647   524   524 D SystemServerTiming: PinnerService took to complete: 5ms
09-29 17:54:32.648   524   524 I SystemServerTiming: IorapForwardingService
09-29 17:54:32.648   524   524 I SystemServiceManager: Starting com.google.android.startop.iorap.IorapForwardingService
09-29 17:54:32.659   524   524 E IorapForwardingService: No service published for: iorapd
09-29 17:54:32.659   524   524 E IorapForwardingService: android.os.ServiceManager$ServiceNotFoundException: No service published for: iorapd
09-29 17:54:32.659   524   524 E IorapForwardingService: 	at android.os.ServiceManager.getServiceOrThrow(ServiceManager.java:153)
09-29 17:54:32.659   524   524 E IorapForwardingService: 	at com.google.android.startop.iorap.IorapForwardingService.provideIorapRemote(IorapForwardingService.java:124)
09-29 17:54:32.659   524   524 E IorapForwardingService: 	at com.google.android.startop.iorap.IorapForwardingService.connectToRemoteAndConfigureLocked(IorapForwardingService.java:276)
09-29 17:54:32.659   524   524 E IorapForwardingService: 	at com.google.android.startop.iorap.IorapForwardingService.connectToRemoteAndConfigure(IorapForwardingService.java:258)
09-29 17:54:32.659   524   524 E IorapForwardingService: 	at com.google.android.startop.iorap.IorapForwardingService.retryConnectToRemoteAndConfigure(IorapForwardingService.java:232)
09-29 17:54:32.659   524   524 E IorapForwardingService: 	at com.google.android.startop.iorap.IorapForwardingService.onStart(IorapForwardingService.java:170)
09-29 17:54:32.659   524   524 E IorapForwardingService: 	at com.android.server.SystemServiceManager.startService(SystemServiceManager.java:178)
09-29 17:54:32.659   524   524 E IorapForwardingService: 	at com.android.server.SystemServiceManager.startService(SystemServiceManager.java:165)
09-29 17:54:32.659   524   524 E IorapForwardingService: 	at com.android.server.SystemServer.startOtherServices(SystemServer.java:1223)
09-29 17:54:32.659   524   524 E IorapForwardingService: 	at com.android.server.SystemServer.run(SystemServer.java:592)
09-29 17:54:32.659   524   524 E IorapForwardingService: 	at com.android.server.SystemServer.main(SystemServer.java:408)
09-29 17:54:32.659   524   524 E IorapForwardingService: 	at java.lang.reflect.Method.invoke(Native Method)
09-29 17:54:32.659   524   524 E IorapForwardingService: 	at com.android.internal.os.RuntimeInit$MethodAndArgsCaller.run(RuntimeInit.java:592)
09-29 17:54:32.659   524   524 E IorapForwardingService: 	at com.android.internal.os.ZygoteInit.main(ZygoteInit.java:925)
09-29 17:54:32.661   434   434 D iorapd  : iorapd.perfetto.enable = true
09-29 17:54:32.661   434   434 D iorapd  : iorapd.readahead.enable = true
09-29 17:54:32.661   524   524 E IorapForwardingService: connectToRemoteAndConfigure - null iorap remote. check for Log.wtf?
09-29 17:54:32.661   524   524 W IorapForwardingService: Failed to connect to iorapd, is it down? Delay for 1000
09-29 17:54:32.661   434   434 D iorapd  : iorapd.maintenance.min_traces = 1
09-29 17:54:32.662   524   524 D SystemServerTiming: IorapForwardingService took to complete: 14ms
09-29 17:54:32.662   524   524 I SystemServerTiming: SignedConfigService
09-29 17:54:32.663   524   524 D SystemServerTiming: SignedConfigService took to complete: 1ms
09-29 17:54:32.663   524   524 I SystemServerTiming: AppIntegrityService
09-29 17:54:32.664   524   524 I SystemServiceManager: Starting com.android.server.integrity.AppIntegrityManagerService
09-29 17:54:32.666   524   553 I DropBoxManagerService: add tag=system_server_wtf isTagEnabled=true flags=0x2
09-29 17:54:32.670   434   434 W iorapd  : Reconnect to package manager service: 1 times
09-29 17:54:32.685   524   524 E IntegrityFileManager: Error creating staging and rules directory
09-29 17:54:32.690   524   524 D SystemServerTiming: AppIntegrityService took to complete: 26ms
09-29 17:54:32.690   524   524 I WindowManager: SAFE MODE not enabled
09-29 17:54:32.691   524   524 I SystemServerTiming: StartInputMethodManagerLifecycle
09-29 17:54:32.691   524   524 I SystemServiceManager: Starting com.android.server.inputmethod.InputMethodManagerService$Lifecycle
09-29 17:54:32.707   524   524 D SystemServerTiming: StartInputMethodManagerLifecycle took to complete: 16ms
09-29 17:54:32.707   524   524 I SystemServerTiming: StartAccessibilityManagerService
09-29 17:54:32.707   524   524 I SystemServiceManager: Starting com.android.server.accessibility.AccessibilityManagerService$Lifecycle
09-29 17:54:32.718   524   524 D SystemServerTiming: StartAccessibilityManagerService took to complete: 10ms
09-29 17:54:32.718   524   524 I SystemServerTiming: MakeDisplayReady
09-29 17:54:32.720   607   607 D iorap.prefetcherd: Installing minijail
09-29 17:54:32.720   607   607 W iorap.prefetcherd: No seccomp filter defined for this architecture.
09-29 17:54:32.723   524   524 W InputReader: Device virtio_input_multi_touch_9 is associated with display ADISPLAY_ID_NONE.
09-29 17:54:32.723   524   524 W InputReader: Device virtio_input_multi_touch_7 is associated with display ADISPLAY_ID_NONE.
09-29 17:54:32.723   524   524 W InputReader: Device virtio_input_multi_touch_10 is associated with display ADISPLAY_ID_NONE.
09-29 17:54:32.723   524   524 W InputReader: Device virtio_input_multi_touch_4 is associated with display ADISPLAY_ID_NONE.
09-29 17:54:32.723   524   524 W InputReader: Device virtio_input_multi_touch_1 is associated with display ADISPLAY_ID_NONE.
09-29 17:54:32.724   524   524 W InputReader: Device virtio_input_multi_touch_11 is associated with display ADISPLAY_ID_NONE.
09-29 17:54:32.724   524   524 W InputReader: Device virtio_input_multi_touch_5 is associated with display ADISPLAY_ID_NONE.
09-29 17:54:32.724   524   524 W InputReader: Device virtio_input_multi_touch_6 is associated with display ADISPLAY_ID_NONE.
09-29 17:54:32.724   524   524 W InputReader: Device virtio_input_multi_touch_3 is associated with display ADISPLAY_ID_NONE.
09-29 17:54:32.724   524   524 W InputReader: Device virtio_input_multi_touch_2 is associated with display ADISPLAY_ID_NONE.
09-29 17:54:32.724   524   524 W InputReader: Device virtio_input_multi_touch_8 is associated with display ADISPLAY_ID_NONE.
09-29 17:54:32.725   524   524 W InputReader: Device virtio_input_multi_touch_9 is associated with display ADISPLAY_ID_NONE.
09-29 17:54:32.725   524   524 W InputReader: Device virtio_input_multi_touch_7 is associated with display ADISPLAY_ID_NONE.
09-29 17:54:32.725   524   524 W InputReader: Device virtio_input_multi_touch_10 is associated with display ADISPLAY_ID_NONE.
09-29 17:54:32.725   524   524 W InputReader: Device virtio_input_multi_touch_4 is associated with display ADISPLAY_ID_NONE.
09-29 17:54:32.725   524   524 W InputReader: Device virtio_input_multi_touch_1 is associated with display ADISPLAY_ID_NONE.
09-29 17:54:32.725   524   524 W InputReader: Device virtio_input_multi_touch_11 is associated with display ADISPLAY_ID_NONE.
09-29 17:54:32.725   524   524 W InputReader: Device virtio_input_multi_touch_5 is associated with display ADISPLAY_ID_NONE.
09-29 17:54:32.725   524   524 W InputReader: Device virtio_input_multi_touch_6 is associated with display ADISPLAY_ID_NONE.
09-29 17:54:32.725   524   524 W InputReader: Device virtio_input_multi_touch_3 is associated with display ADISPLAY_ID_NONE.
09-29 17:54:32.726   524   524 W InputReader: Device virtio_input_multi_touch_2 is associated with display ADISPLAY_ID_NONE.
09-29 17:54:32.726   524   524 W InputReader: Device virtio_input_multi_touch_8 is associated with display ADISPLAY_ID_NONE.
09-29 17:54:32.732   524   524 I ActivityTaskManager: Config changes=20005df8 {1.0 ?mcc?mnc [en_US] ldltr sw411dp w411dp h796dp 560dpi nrml long port ?uimode ?night -touch qwerty/v/v dpad/v winConfig={ mBounds=Rect(0, 0 - 1440, 3040) mAppBounds=Rect(0, 0 - 1440, 2872) mWindowingMode=fullscreen mDisplayWindowingMode=fullscreen mActivityType=undefined mAlwaysOnTop=undefined mRotation=ROTATION_0} s.2}
09-29 17:54:32.740   524   524 I WindowManager: Override config changes=60007dfc {1.0 ?mcc?mnc [en_US] ldltr sw411dp w411dp h796dp 560dpi nrml long port ?uimode ?night -touch qwerty/v/v dpad/v winConfig={ mBounds=Rect(0, 0 - 1440, 3040) mAppBounds=Rect(0, 0 - 1440, 2872) mWindowingMode=fullscreen mDisplayWindowingMode=fullscreen mActivityType=undefined mAlwaysOnTop=undefined mRotation=ROTATION_0} s.2} for displayId=0
09-29 17:54:32.746   524   524 W InputReader: Device virtio_input_multi_touch_9 is associated with display ADISPLAY_ID_NONE.
09-29 17:54:32.747   524   524 W InputReader: Device virtio_input_multi_touch_7 is associated with display ADISPLAY_ID_NONE.
09-29 17:54:32.747   524   524 W InputReader: Device virtio_input_multi_touch_10 is associated with display ADISPLAY_ID_NONE.
09-29 17:54:32.747   524   524 W InputReader: Device virtio_input_multi_touch_4 is associated with display ADISPLAY_ID_NONE.
09-29 17:54:32.747   524   524 W InputReader: Device virtio_input_multi_touch_1 is associated with display ADISPLAY_ID_NONE.
09-29 17:54:32.747   524   524 W InputReader: Device virtio_input_multi_touch_11 is associated with display ADISPLAY_ID_NONE.
09-29 17:54:32.747   524   524 W InputReader: Device virtio_input_multi_touch_5 is associated with display ADISPLAY_ID_NONE.
09-29 17:54:32.747   524   524 W InputReader: Device virtio_input_multi_touch_6 is associated with display ADISPLAY_ID_NONE.
09-29 17:54:32.747   524   524 W InputReader: Device virtio_input_multi_touch_3 is associated with display ADISPLAY_ID_NONE.
09-29 17:54:32.747   524   524 W InputReader: Device virtio_input_multi_touch_2 is associated with display ADISPLAY_ID_NONE.
09-29 17:54:32.747   524   524 W InputReader: Device virtio_input_multi_touch_8 is associated with display ADISPLAY_ID_NONE.
09-29 17:54:32.748   524   524 I ActivityTaskManager: Config changes=8 {1.0 ?mcc?mnc [en_US] ldltr sw411dp w411dp h796dp 560dpi nrml long port ?uimode ?night finger qwerty/v/v dpad/v winConfig={ mBounds=Rect(0, 0 - 1440, 3040) mAppBounds=Rect(0, 0 - 1440, 2872) mWindowingMode=fullscreen mDisplayWindowingMode=fullscreen mActivityType=undefined mAlwaysOnTop=undefined mRotation=ROTATION_0} s.4}
09-29 17:54:32.751   524   524 I WindowManager: Override config changes=8 {1.0 ?mcc?mnc [en_US] ldltr sw411dp w411dp h796dp 560dpi nrml long port ?uimode ?night finger qwerty/v/v dpad/v winConfig={ mBounds=Rect(0, 0 - 1440, 3040) mAppBounds=Rect(0, 0 - 1440, 2872) mWindowingMode=fullscreen mDisplayWindowingMode=fullscreen mActivityType=undefined mAlwaysOnTop=undefined mRotation=ROTATION_0} s.4} for displayId=0
09-29 17:54:32.759   524   524 D SystemServerTiming: MakeDisplayReady took to complete: 41ms
09-29 17:54:32.760   524   524 I SystemServerTiming: StartStorageManagerService
09-29 17:54:32.760   524   524 I SystemServiceManager: Starting com.android.server.StorageManagerService$Lifecycle
09-29 17:54:32.768   524   544 I InputManager-JNI: Viewport [0] to add: local:8141603649153536, isActive: true
09-29 17:54:32.768   524   599 I InputReader: Reconfiguring input devices, changes=DISPLAY_INFO | 
09-29 17:54:32.768   524   599 I InputReader: Touch device 'virtio_input_multi_touch_9' could not query the properties of its associated display.  The device will be inoperable until the display size becomes available.
09-29 17:54:32.768   524   599 I InputReader: Touch device 'virtio_input_multi_touch_7' could not query the properties of its associated display.  The device will be inoperable until the display size becomes available.
09-29 17:54:32.769   524   599 I InputReader: Touch device 'virtio_input_multi_touch_10' could not query the properties of its associated display.  The device will be inoperable until the display size becomes available.
09-29 17:54:32.736     0     0 I init    : Control message: Processed ctl.interface_start for 'android.hardware.input.classifier@1.0::IInputClassifier/default' from pid: 174 (/system/bin/hwservicemanager)
09-29 17:54:32.930     0     0 I init    : processing action (sys.sysctl.extra_free_kbytes=*) from (/system/etc/init/hw/init.rc:1002)
09-29 17:54:32.771   524   599 I InputReader: Touch device 'virtio_input_multi_touch_4' could not query the properties of its associated display.  The device will be inoperable until the display size becomes available.
09-29 17:54:32.771   524   599 I InputReader: Device reconfigured: id=9, name='virtio_input_multi_touch_1', size 1440x3040, orientation 0, mode 1, display id 0
09-29 17:54:32.771   524   599 I InputReader: Touch device 'virtio_input_multi_touch_11' could not query the properties of its associated display.  The device will be inoperable until the display size becomes available.
09-29 17:54:32.771   524   599 I InputReader: Touch device 'virtio_input_multi_touch_5' could not query the properties of its associated display.  The device will be inoperable until the display size becomes available.
09-29 17:54:32.771   524   599 I InputReader: Touch device 'virtio_input_multi_touch_6' could not query the properties of its associated display.  The device will be inoperable until the display size becomes available.
09-29 17:54:32.772   524   599 I InputReader: Touch device 'virtio_input_multi_touch_3' could not query the properties of its associated display.  The device will be inoperable until the display size becomes available.
09-29 17:54:32.772   524   599 I InputReader: Touch device 'virtio_input_multi_touch_2' could not query the properties of its associated display.  The device will be inoperable until the display size becomes available.
09-29 17:54:32.772   524   599 I InputReader: Touch device 'virtio_input_multi_touch_8' could not query the properties of its associated display.  The device will be inoperable until the display size becomes available.
09-29 17:54:32.783   432   578 D installd: Found quota mount /dev/block/dm-5 at /data
09-29 17:54:32.783   432   578 D installd: Found quota mount /dev/block/dm-5 at /data/user/0
09-29 17:54:32.794   524   611 D StorageManagerService: Thinking about init, mBootCompleted=false, mDaemonConnected=true
09-29 17:54:32.794   524   611 D StorageManagerService: Thinking about reset, mBootCompleted=false, mDaemonConnected=true
09-29 17:54:32.795   524   611 D StorageManagerService: Thinking about init, mBootCompleted=false, mDaemonConnected=true
09-29 17:54:32.795   524   611 D StorageManagerService: Thinking about reset, mBootCompleted=false, mDaemonConnected=true
09-29 17:54:32.796   524   524 D SystemServerTiming: StartStorageManagerService took to complete: 36ms
09-29 17:54:32.796   524   524 I SystemServerTiming: StartStorageStatsService
09-29 17:54:32.796   524   524 I SystemServiceManager: Starting com.android.server.usage.StorageStatsService$Lifecycle
09-29 17:54:32.800   432   578 D installd: Found quota mount /dev/block/dm-5 at /data
09-29 17:54:32.800   432   578 D installd: Found quota mount /dev/block/dm-5 at /data/user/0
09-29 17:54:32.801   432   578 D installd: Found quota mount /dev/block/dm-5 at /data
09-29 17:54:32.801   432   578 D installd: Found quota mount /dev/block/dm-5 at /data/user/0
09-29 17:54:32.807   524   524 D SystemServerTiming: StartStorageStatsService took to complete: 11ms
09-29 17:54:32.807   524   524 I SystemServerTiming: StartUiModeManager
09-29 17:54:32.808   524   524 I SystemServiceManager: Starting com.android.server.UiModeManagerService
09-29 17:54:32.809   524   594 I SystemServerTimingAsync: InitThreadPoolExec:UiModeManager.onStart
09-29 17:54:32.809   524   594 D SystemServerInitThreadPool: Started executing UiModeManager.onStart
09-29 17:54:32.812   524   524 D SystemServerTiming: StartUiModeManager took to complete: 4ms
09-29 17:54:32.812   524   524 I SystemServerTiming: UpdatePackagesIfNeeded
09-29 17:54:32.813   524   524 I Watchdog: Pausing HandlerChecker: main thread for reason: dexopt. Pause count: 1
09-29 17:54:32.813   524   524 I Watchdog: Resuming HandlerChecker: main thread for reason: dexopt. Pause count: 0
09-29 17:54:32.813   524   524 D SystemServerTiming: UpdatePackagesIfNeeded took to complete: 0ms
09-29 17:54:32.813   524   524 I SystemServerTiming: PerformFstrimIfNeeded
09-29 17:54:32.816   524   524 D SystemServerTiming: PerformFstrimIfNeeded took to complete: 3ms
09-29 17:54:32.816   524   524 I SystemServerTiming: StartLockSettingsService
09-29 17:54:32.816   524   524 I SystemServiceManager: Starting com.android.server.locksettings.LockSettingsService$Lifecycle
09-29 17:54:32.832   524   594 D SystemServerInitThreadPool: Finished executing UiModeManager.onStart
09-29 17:54:32.832   524   594 D SystemServerTimingAsync: InitThreadPoolExec:UiModeManager.onStart took to complete: 24ms
09-29 17:54:32.872   524   524 W SystemServiceManager: Service com.android.server.locksettings.LockSettingsService$Lifecycle took 55 ms in onStart
09-29 17:54:32.875   524   524 D SystemServerTiming: StartLockSettingsService took to complete: 58ms
09-29 17:54:32.875   524   524 I SystemServerTiming: StartTestHarnessMode
09-29 17:54:32.875   524   524 I SystemServiceManager: Starting com.android.server.testharness.TestHarnessModeService
09-29 17:54:32.878   524   524 D SystemServerTiming: StartTestHarnessMode took to complete: 2ms
09-29 17:54:32.883   174   174 I hwservicemanager: getTransport: Cannot find entry android.hardware.oemlock@1.0::IOemLock/default in either framework or device manifest.
09-29 17:54:32.884   524   524 I OemLock : OemLock HAL not present on device
09-29 17:54:32.884   524   524 I SystemServerTiming: StartDeviceIdleController
09-29 17:54:32.886   524   524 I SystemServiceManager: Starting com.android.server.DeviceIdleController
09-29 17:54:32.896   524   524 D SystemServerTiming: StartDeviceIdleController took to complete: 12ms
09-29 17:54:32.896   524   524 I SystemServerTiming: StartDevicePolicyManager
09-29 17:54:32.896   524   524 I SystemServiceManager: Starting com.android.server.devicepolicy.DevicePolicyManagerService$Lifecycle
09-29 17:54:33.044   524   524 I DevicePolicyManager: Set ro.organization_owned property to false
09-29 17:54:33.051   524   524 D SystemServerTiming: StartDevicePolicyManager took to complete: 155ms
09-29 17:54:33.051   524   524 I SystemServerTiming: StartStatusBarManagerService
09-29 17:54:33.052   524   524 D SystemServerTiming: StartStatusBarManagerService took to complete: 0ms
09-29 17:54:33.052   524   524 D SystemServer: ContentCaptureService disabled because resource is not overlaid
09-29 17:54:33.053   524   524 D SystemServer: AttentionService is not configured on this device
09-29 17:54:33.053   524   524 D SystemServer: SystemCaptionsManagerService disabled because resource is not overlaid
09-29 17:54:33.054   524   524 D SystemServer: AppPredictionService not defined by OEM
09-29 17:54:33.055   524   524 D SystemServer: ContentSuggestionsService not defined by OEM
09-29 17:54:33.055   524   524 I SystemServerTiming: InitConnectivityModuleConnector
09-29 17:54:33.055   524   524 D ConnectivityModuleConnector: Network stack init
09-29 17:54:33.066   524   524 D SystemServerTiming: InitConnectivityModuleConnector took to complete: 11ms
09-29 17:54:33.066   524   524 I SystemServerTiming: InitNetworkStackClient
09-29 17:54:33.072   524   524 D SystemServerTiming: InitNetworkStackClient took to complete: 6ms
09-29 17:54:33.072   524   524 I SystemServerTiming: StartNetworkManagementService
09-29 17:54:33.120   524   524 D SystemServerTiming: StartNetworkManagementService took to complete: 47ms
09-29 17:54:33.120   524   524 I SystemServerTiming: StartIpSecService
09-29 17:54:33.122   524   524 D SystemServerTiming: StartIpSecService took to complete: 2ms
09-29 17:54:33.122   524   524 I SystemServerTiming: StartTextServicesManager
09-29 17:54:33.122   524   524 I SystemServiceManager: Starting com.android.server.textservices.TextServicesManagerService$Lifecycle
09-29 17:54:33.128   524   524 D SystemServerTiming: StartTextServicesManager took to complete: 6ms
09-29 17:54:33.128   524   524 I SystemServerTiming: StartTextClassificationManagerService
09-29 17:54:33.128   524   524 I SystemServiceManager: Starting com.android.server.textclassifier.TextClassificationManagerService$Lifecycle
09-29 17:54:33.129   524   524 D SystemServerTiming: StartTextClassificationManagerService took to complete: 1ms
09-29 17:54:33.129   524   524 I SystemServerTiming: StartNetworkScoreService
09-29 17:54:33.129   524   524 I SystemServiceManager: Starting com.android.server.NetworkScoreService$Lifecycle
09-29 17:54:33.131   524   524 I NetworkScoreService: Registering network_score
09-29 17:54:33.132   524   524 D SystemServerTiming: StartNetworkScoreService took to complete: 2ms
09-29 17:54:33.132   524   524 I SystemServerTiming: StartNetworkStatsService
09-29 17:54:33.136   524   524 D SystemServerTiming: StartNetworkStatsService took to complete: 4ms
09-29 17:54:33.136   524   524 I SystemServerTiming: StartNetworkPolicyManagerService
09-29 17:54:33.149   524   524 D SystemServerTiming: StartNetworkPolicyManagerService took to complete: 13ms
09-29 17:54:33.149   524   524 I SystemServerTiming: StartWifi
09-29 17:54:33.205   524   524 I SystemServiceManager: Starting com.android.server.wifi.WifiService
09-29 17:54:33.238   524   524 V NetworkScoreManager: registerNetworkScoreCallback: callback=com.android.server.wifi.WifiNetworkScoreCache@583fb86, executor=com.android.wifi.x.android.os.HandlerExecutor@f791c47
09-29 17:54:33.540   524   524 D WifiCountryCode: mDefaultCountryCode null
09-29 17:54:33.552   524   524 I WifiContext: Found Wifi Resources APK at: com.android.wifi.resources
09-29 17:54:33.666   524   543 E IorapForwardingService: No service published for: iorapd
09-29 17:54:33.666   524   543 E IorapForwardingService: android.os.ServiceManager$ServiceNotFoundException: No service published for: iorapd
09-29 17:54:33.666   524   543 E IorapForwardingService: 	at android.os.ServiceManager.getServiceOrThrow(ServiceManager.java:153)
09-29 17:54:33.666   524   543 E IorapForwardingService: 	at com.google.android.startop.iorap.IorapForwardingService.provideIorapRemote(IorapForwardingService.java:124)
09-29 17:54:33.666   524   543 E IorapForwardingService: 	at com.google.android.startop.iorap.IorapForwardingService.connectToRemoteAndConfigureLocked(IorapForwardingService.java:276)
09-29 17:54:33.666   524   543 E IorapForwardingService: 	at com.google.android.startop.iorap.IorapForwardingService.connectToRemoteAndConfigure(IorapForwardingService.java:258)
09-29 17:54:33.666   524   543 E IorapForwardingService: 	at com.google.android.startop.iorap.IorapForwardingService.retryConnectToRemoteAndConfigure(IorapForwardingService.java:232)
09-29 17:54:33.666   524   543 E IorapForwardingService: 	at com.google.android.startop.iorap.IorapForwardingService.access$000(IorapForwardingService.java:58)
09-29 17:54:33.666   524   543 E IorapForwardingService: 	at com.google.android.startop.iorap.IorapForwardingService$BinderConnectionHandler.handleMessage(IorapForwardingService.java:204)
09-29 17:54:33.666   524   543 E IorapForwardingService: 	at android.os.Handler.dispatchMessage(Handler.java:106)
09-29 17:54:33.666   524   543 E IorapForwardingService: 	at android.os.Looper.loop(Looper.java:223)
09-29 17:54:33.666   524   543 E IorapForwardingService: 	at android.os.HandlerThread.run(HandlerThread.java:67)
09-29 17:54:33.666   524   543 E IorapForwardingService: 	at com.android.server.ServiceThread.run(ServiceThread.java:44)
09-29 17:54:33.666   524   543 E IorapForwardingService: connectToRemoteAndConfigure - null iorap remote. check for Log.wtf?
09-29 17:54:33.666   524   543 W IorapForwardingService: Failed to connect to iorapd, is it down? Delay for 1000
09-29 17:54:33.670   524   553 I DropBoxManagerService: add tag=system_server_wtf isTagEnabled=true flags=0x2
09-29 17:54:33.677   524   538 D PackageManager: Size of mPackageChangeObservers after registry is 1
09-29 17:54:33.681   434   434 I iorapd  : iorapd (the prefetchening) readied up
09-29 17:54:33.751   524   524 D WifiOpenNetworkNotifier: Settings toggle enabled=true
09-29 17:54:33.823   524   524 W HalDevMgr: isWifiStarted called but mWifi is null!?
09-29 17:54:33.823   524   524 W HalDevMgr: isWifiStarted called but mWifi is null!?
09-29 17:54:33.833   524   524 D WakeupController: WifiWake enabled
09-29 17:54:33.837   524   524 E HistoricalRegistry: Interaction before persistence initialized
09-29 17:54:33.840   524   524 E WifiClientModeImpl: getWifiLinkLayerStats called without an interface
09-29 17:54:33.920   524   524 I WifiService: Registering wifi
09-29 17:54:33.921   524   524 D SystemServerTiming: StartWifi took to complete: 771ms
09-29 17:54:33.921   524   524 I SystemServerTiming: StartWifiScanning
09-29 17:54:33.921   524   524 I SystemServiceManager: Starting com.android.server.wifi.scanner.WifiScanningService
09-29 17:54:33.924   524   524 I WifiScanningService: Creating wifiscanner
09-29 17:54:33.935   524   524 I WifiScanningService: Publishing wifiscanner
09-29 17:54:33.936   524   524 D SystemServerTiming: StartWifiScanning took to complete: 14ms
09-29 17:54:33.936   524   524 I SystemServerTiming: StartWifiP2P
09-29 17:54:33.936   524   524 I SystemServiceManager: Starting com.android.server.wifi.p2p.WifiP2pService
09-29 17:54:34.013   524   524 W HalDevMgr: isWifiStarted called but mWifi is null!?
09-29 17:54:34.016   524   524 I WifiP2pService: Registering wifip2p
09-29 17:54:34.021   524   524 D SystemServerTiming: StartWifiP2P took to complete: 85ms
09-29 17:54:34.021   524   524 I SystemServerTiming: StartConnectivityService
09-29 17:54:34.101   524   524 D ConnectivityService: ConnectivityService starting up
09-29 17:54:34.106   524   524 D ConnectivityService: wifiOnly=false
09-29 17:54:34.116   524   524 D CompatibilityChangeReporter: Compat change id reported: 147600208; UID 1000; state: ENABLED
09-29 17:54:34.136   524   524 D SystemServerTiming: StartConnectivityService took to complete: 115ms
09-29 17:54:34.136   524   524 I SystemServerTiming: StartNsdService
09-29 17:54:34.139   524   524 D NsdService: Network service discovery is enabled
09-29 17:54:34.146   524   524 D SystemServerTiming: StartNsdService took to complete: 9ms
09-29 17:54:34.149   524   524 I SystemServerTiming: StartSystemUpdateManagerService
09-29 17:54:34.152   524   524 I SystemUpdateManagerService: No existing info file /data/system/system-update-info.xml
09-29 17:54:34.153   524   524 D SystemServerTiming: StartSystemUpdateManagerService took to complete: 3ms
09-29 17:54:34.153   524   524 I SystemServerTiming: StartUpdateLockService
09-29 17:54:34.155   524   524 D SystemServerTiming: StartUpdateLockService took to complete: 2ms
09-29 17:54:34.155   524   524 I SystemServerTiming: StartNotificationManager
09-29 17:54:34.155   524   524 I SystemServiceManager: Starting com.android.server.notification.NotificationManagerService
09-29 17:54:34.244   524   524 D ConditionProviders.SCP: new ScheduleConditionProvider()
09-29 17:54:34.255   524   524 I NotificationAssistants: Read notification assistant permissions from xml
09-29 17:54:34.255   524   524 I ConditionProviders: Read condition provider permissions from xml
09-29 17:54:34.255   524   524 I ConditionProviders: Read condition provider permissions from xml
09-29 17:54:34.256   524   524 D NotificationAssistants: Approving default notification assistant for user 0
09-29 17:54:34.256   524   524 I ConditionProviders:  Allowing condition provider android.ext.services/android.ext.services.notification.Assistant
09-29 17:54:34.278   524   524 D SystemServerTiming: StartNotificationManager took to complete: 122ms
09-29 17:54:34.279   524   524 I SystemServerTiming: StartDeviceMonitor
09-29 17:54:34.279   524   524 I SystemServiceManager: Starting com.android.server.storage.DeviceStorageMonitorService
09-29 17:54:34.285   524   524 D SystemServerTiming: StartDeviceMonitor took to complete: 6ms
09-29 17:54:34.285   524   524 I SystemServerTiming: StartLocationManagerService
09-29 17:54:34.285   524   524 I SystemServiceManager: Starting com.android.server.location.LocationManagerService$Lifecycle
09-29 17:54:34.304   524   524 D SystemServerTiming: StartLocationManagerService took to complete: 19ms
09-29 17:54:34.304   524   524 I SystemServerTiming: StartCountryDetectorService
09-29 17:54:34.307   524   524 D SystemServerTiming: StartCountryDetectorService took to complete: 1ms
09-29 17:54:34.307   524   524 I SystemServerTiming: StartTimeDetectorService
09-29 17:54:34.307   524   524 I SystemServiceManager: Starting com.android.server.timedetector.TimeDetectorService$Lifecycle
09-29 17:54:34.309   524   524 D SystemServerTiming: StartTimeDetectorService took to complete: 2ms
09-29 17:54:34.310   524   524 I SystemServerTiming: StartTimeZoneDetectorService
09-29 17:54:34.310   524   524 I SystemServiceManager: Starting com.android.server.timezonedetector.TimeZoneDetectorService$Lifecycle
09-29 17:54:34.312   524   524 D SystemServerTiming: StartTimeZoneDetectorService took to complete: 2ms
09-29 17:54:34.313   524   524 I SystemServerTiming: StartSearchManagerService
09-29 17:54:34.314   524   524 I SystemServiceManager: Starting com.android.server.search.SearchManagerService$Lifecycle
09-29 17:54:34.318   524   524 D SystemServerTiming: StartSearchManagerService took to complete: 5ms
09-29 17:54:34.319   524   524 I SystemServerTiming: StartWallpaperManagerService
09-29 17:54:34.319   524   524 I SystemServiceManager: Starting com.android.server.wallpaper.WallpaperManagerService$Lifecycle
09-29 17:54:34.320   524   524 D SystemServerTiming: StartWallpaperManagerService took to complete: 1ms
09-29 17:54:34.320   524   524 I SystemServerTiming: StartAudioService
09-29 17:54:34.321   524   524 I SystemServiceManager: Starting com.android.server.audio.AudioService$Lifecycle
09-29 17:54:34.406   361   361 I android.hardware.vibrator-service.example: Vibrator reporting capabilities
09-29 17:54:34.428   524   524 I android_os_HwBinder: HwBinder: Starting thread pool for getting: android.hidl.manager@1.0::IServiceManager/default
09-29 17:54:34.435   380   462 W AudioFlinger: no wake lock to update, system not ready yet
09-29 17:54:34.436   380   475 W AudioFlinger: no wake lock to update, system not ready yet
09-29 17:54:34.450   524   524 W TelecomManager: Telecom Service not found.
09-29 17:54:34.452   380   380 D PermissionCache: checking android.permission.MODIFY_AUDIO_ROUTING for uid=1000 => granted (1140 us)
09-29 17:54:34.466   380   461 W APM::AudioPolicyEngine: getDevicesForStrategy() unknown strategy: -1
09-29 17:54:34.466   380   461 W APM::AudioPolicyEngine: getDevicesForStrategy() unknown strategy: -1
09-29 17:54:34.469   380   380 D PermissionCache: checking android.permission.MODIFY_AUDIO_SETTINGS for uid=1000 => granted (232 us)
09-29 17:54:34.610   380   380 D AudioFlinger: isLowRamDevice:false totalMemory:2076872704 mClientSharedHeapSize:4194304
09-29 17:54:34.615   524   524 D SystemServerTiming: StartAudioService took to complete: 295ms
09-29 17:54:34.616   524   524 I SystemServerTiming: StartSoundTriggerMiddlewareService
09-29 17:54:34.616   524   524 I SystemServiceManager: Starting com.android.server.soundtrigger_middleware.SoundTriggerMiddlewareService$Lifecycle
09-29 17:54:34.621   524   524 D SoundTriggerMiddlewareService: Connecting to default ISoundTriggerHw
09-29 17:54:34.629   524   524 I android_os_HwBinder: HwBinder: Starting thread pool for getting: android.hardware.soundtrigger@2.0::ISoundTriggerHw/default
09-29 17:54:34.639   524   524 D SystemServerTiming: StartSoundTriggerMiddlewareService took to complete: 24ms
09-29 17:54:34.639   524   524 I SystemServerTiming: StartDockObserver
09-29 17:54:34.639   524   524 I SystemServiceManager: Starting com.android.server.DockObserver
09-29 17:54:34.639   524   524 W DockObserver: This kernel does not have dock station support
09-29 17:54:34.640   380   461 I CaptureStateNotifier: Registering a listener
09-29 17:54:34.641   524   636 I SoundTriggerMiddlewareLogging: setCaptureState[this=com.android.server.soundtrigger_middleware.SoundTriggerMiddlewareImpl@f641d36, caller=1000/524](false)
09-29 17:54:34.645   524   524 D SystemServerTiming: StartDockObserver took to complete: 5ms
09-29 17:54:34.645   524   524 I SystemServerTiming: StartWiredAccessoryManager
09-29 17:54:34.645   524   524 W WiredAccessoryManager: This kernel does not have usb audio support
09-29 17:54:34.645   524   524 W WiredAccessoryManager: This kernel does not have HDMI audio support
09-29 17:54:34.646   524   524 D SystemServerTiming: StartWiredAccessoryManager took to complete: 1ms
09-29 17:54:34.646   524   524 I SystemServerTiming: StartMidiManager
09-29 17:54:34.646   524   524 I SystemServiceManager: Starting com.android.server.midi.MidiService$Lifecycle
09-29 17:54:34.649   524   524 D SystemServerTiming: StartMidiManager took to complete: 4ms
09-29 17:54:34.649   524   524 I SystemServerTiming: StartAdbService
09-29 17:54:34.650   524   524 I SystemServiceManager: Starting com.android.server.adb.AdbService$Lifecycle
09-29 17:54:34.653   524   524 D SystemServerTiming: StartAdbService took to complete: 4ms
09-29 17:54:34.653   524   524 I SystemServerTiming: StartUsbService
09-29 17:54:34.654   524   524 I SystemServiceManager: Starting com.android.server.usb.UsbService$Lifecycle
09-29 17:54:34.654   524   524 D SystemServerTiming: StartUsbService took to complete: 1ms
09-29 17:54:34.655   524   524 I SystemServerTiming: StartSerialService
09-29 17:54:34.655   524   524 D SystemServerTiming: StartSerialService took to complete: 0ms
09-29 17:54:34.656   524   524 I SystemServerTiming: StartHardwarePropertiesManagerService
09-29 17:54:34.656   524   548 I SystemServerTimingAsync: InitThreadPoolExec:UsbService$Lifecycle#onStart
09-29 17:54:34.656   524   548 D SystemServerInitThreadPool: Started executing UsbService$Lifecycle#onStart
09-29 17:54:34.657   524   524 D HardwarePropertiesManagerService-JNI: Link to death notification successful
09-29 17:54:34.660   524   524 D SystemServerTiming: StartHardwarePropertiesManagerService took to complete: 4ms
09-29 17:54:34.660   524   524 I SystemServerTiming: StartTwilightService
09-29 17:54:34.661   524   524 I SystemServiceManager: Starting com.android.server.twilight.TwilightService
09-29 17:54:34.662   524   524 D SystemServerTiming: StartTwilightService took to complete: 1ms
09-29 17:54:34.662   524   524 I SystemServerTiming: StartColorDisplay
09-29 17:54:34.662   524   524 I SystemServiceManager: Starting com.android.server.display.color.ColorDisplayService
09-29 17:54:34.663   524   548 E UsbDeviceManager: failed to write to /sys/class/android_usb/android0/f_rndis/ethaddr
09-29 17:54:34.664   174   174 I hwservicemanager: getTransport: Cannot find entry android.hardware.usb.gadget@1.0::IUsbGadget/default in either framework or device manifest.
09-29 17:54:34.670   524   543 W BackgroundDexOptService: SysProp pm.dexopt.downgrade_after_inactive_days not set
09-29 17:54:34.670   524   543 I IorapForwardingService: Connected to iorapd native service.
09-29 17:54:34.677   524   524 D SystemServerTiming: StartColorDisplay took to complete: 14ms
09-29 17:54:34.677   524   524 I SystemServerTiming: StartJobScheduler
09-29 17:54:34.678   524   548 I UsbDeviceManager: USB GADGET HAL not present in the device
09-29 17:54:34.678   524   548 I UsbDeviceManager: java.util.NoSuchElementException
09-29 17:54:34.678   524   548 I UsbDeviceManager: 	at android.os.HwBinder.getService(Native Method)
09-29 17:54:34.678   524   548 I UsbDeviceManager: 	at android.hardware.usb.gadget.V1_0.IUsbGadget.getService(IUsbGadget.java:55)
09-29 17:54:34.678   524   548 I UsbDeviceManager: 	at android.hardware.usb.gadget.V1_0.IUsbGadget.getService(IUsbGadget.java:62)
09-29 17:54:34.678   524   548 I UsbDeviceManager: 	at com.android.server.usb.UsbDeviceManager.<init>(UsbDeviceManager.java:265)
09-29 17:54:34.678   524   548 I UsbDeviceManager: 	at com.android.server.usb.UsbService.<init>(UsbService.java:178)
09-29 17:54:34.678   524   548 I UsbDeviceManager: 	at com.android.server.usb.UsbService$Lifecycle.lambda$onStart$0$UsbService$Lifecycle(UsbService.java:92)
09-29 17:54:34.678   524   548 I UsbDeviceManager: 	at com.android.server.usb.-$$Lambda$UsbService$Lifecycle$KjOG0MXO3C0J-L5Ymrj6FnSwXwQ.run(Unknown Source:2)
09-29 17:54:34.678   524   548 I UsbDeviceManager: 	at com.android.server.SystemServerInitThreadPool.lambda$submitTask$0$SystemServerInitThreadPool(SystemServerInitThreadPool.java:103)
09-29 17:54:34.678   524   548 I UsbDeviceManager: 	at com.android.server.-$$Lambda$SystemServerInitThreadPool$o2_GLo0lnkotYmRdTfg66UETEwQ.run(Unknown Source:6)
09-29 17:54:34.678   524   548 I UsbDeviceManager: 	at java.util.concurrent.Executors$RunnableAdapter.call(Executors.java:462)
09-29 17:54:34.678   524   548 I UsbDeviceManager: 	at java.util.concurrent.FutureTask.run(FutureTask.java:266)
09-29 17:54:34.678   524   548 I UsbDeviceManager: 	at java.util.concurrent.ThreadPoolExecutor.runWorker(ThreadPoolExecutor.java:1167)
09-29 17:54:34.678   524   548 I UsbDeviceManager: 	at java.util.concurrent.ThreadPoolExecutor$Worker.run(ThreadPoolExecutor.java:641)
09-29 17:54:34.678   524   548 I UsbDeviceManager: 	at com.android.internal.util.ConcurrentUtils$1$1.run(ConcurrentUtils.java:65)
09-29 17:54:34.678   524   548 E UsbDeviceManagerJNI: could not open control for mtp No such file or directory
09-29 17:54:34.679   524   548 E UsbDeviceManager: Failed to open control for mtp
09-29 17:54:34.679   524   548 E UsbDeviceManagerJNI: could not open control for ptp No such file or directory
09-29 17:54:34.679   524   548 E UsbDeviceManager: Failed to open control for ptp
09-29 17:54:34.680   524   524 I SystemServiceManager: Starting com.android.server.job.JobSchedulerService
09-29 17:54:34.698   524   524 D JobStore: Start tag: job-info
09-29 17:54:34.698   524   548 W StorageManagerService: No primary storage defined yet; hacking together a stub
09-29 17:54:34.703   524   548 E UsbDeviceManagerJNI: could not open /dev/usb_accessory
09-29 17:54:34.707   524   524 I JobStore: Read 6 jobs
09-29 17:54:34.708   524   548 I android_os_HwBinder: HwBinder: Starting thread pool for getting: android.hidl.manager@1.0::IServiceManager/default
09-29 17:54:34.714   524   604 I UsbPortManager: Usb hal service started android.hardware.usb@1.0::IUsb default
09-29 17:54:34.716   524   548 I android_os_HwBinder: HwBinder: Starting thread pool for getting: android.hardware.usb@1.0::IUsb/default
09-29 17:54:34.721   524   524 I TetheringManager: registerTetheringEventCallback:android
09-29 17:54:34.722   344   344 I android.hardware.usb@1.0-service: registering callback
09-29 17:54:34.724   344   344 E android.hardware.usb@1.0-service: Failed to open /sys/class/dual_role_usb
09-29 17:54:34.725   344   640 E android.hardware.usb@1.0-service: creating thread
09-29 17:54:34.726   524   548 D SystemServerInitThreadPool: Finished executing UsbService$Lifecycle#onStart
09-29 17:54:34.726   524   548 D SystemServerTimingAsync: InitThreadPoolExec:UsbService$Lifecycle#onStart took to complete: 70ms
09-29 17:54:34.731   524   624 D ConnectivityService: NetReassign [no changes]
09-29 17:54:34.735   524   524 E HistoricalRegistry: Interaction before persistence initialized
09-29 17:54:34.737   524   524 D SystemServerTiming: StartJobScheduler took to complete: 60ms
09-29 17:54:34.738   524   524 I SystemServerTiming: StartSoundTrigger
09-29 17:54:34.738   524   524 I SystemServiceManager: Starting com.android.server.soundtrigger.SoundTriggerService
09-29 17:54:34.742   524   524 D SystemServerTiming: StartSoundTrigger took to complete: 4ms
09-29 17:54:34.742   524   524 I SystemServerTiming: StartTrustManager
09-29 17:54:34.743   524   524 I SystemServiceManager: Starting com.android.server.trust.TrustManagerService
09-29 17:54:34.745   524   524 D SystemServerTiming: StartTrustManager took to complete: 2ms
09-29 17:54:34.745   524   524 I SystemServerTiming: StartBackupManager
09-29 17:54:34.745   524   524 I SystemServiceManager: Starting com.android.server.backup.BackupManagerService$Lifecycle
09-29 17:54:34.760   524   524 D SystemServerTiming: StartBackupManager took to complete: 16ms
09-29 17:54:34.760   524   524 I SystemServerTiming: StartAppWidgetService
09-29 17:54:34.761   524   524 I SystemServiceManager: Starting com.android.server.appwidget.AppWidgetService
09-29 17:54:34.772   524   524 D SystemServerTiming: StartAppWidgetService took to complete: 12ms
09-29 17:54:34.773   524   524 I SystemServerTiming: StartRoleManagerService
09-29 17:54:34.777   524   524 D SystemServerTiming: StartRoleManagerService took to complete: 5ms
09-29 17:54:34.777   524   524 I SystemServerTiming: StartVoiceRecognitionManager
09-29 17:54:34.778   524   524 I SystemServiceManager: Starting com.android.server.voiceinteraction.VoiceInteractionManagerService
09-29 17:54:34.786   524   524 W VoiceInteractionManager: Unable to resolve default voice recognition service.
09-29 17:54:34.787   524   524 D SystemServerTiming: StartVoiceRecognitionManager took to complete: 10ms
09-29 17:54:34.787   524   524 I SystemServerTiming: StartGestureLauncher
09-29 17:54:34.787   524   524 I SystemServiceManager: Starting com.android.server.GestureLauncherService
09-29 17:54:34.787   524   524 D SystemServerTiming: StartGestureLauncher took to complete: 0ms
09-29 17:54:34.787   524   524 I SystemServerTiming: StartSensorNotification
09-29 17:54:34.788   524   524 I SystemServiceManager: Starting com.android.server.SensorNotificationService
09-29 17:54:34.788   524   524 D SystemServerTiming: StartSensorNotification took to complete: 0ms
09-29 17:54:34.788   524   524 I SystemServerTiming: StartDiskStatsService
09-29 17:54:34.793   524   524 D SystemServerTiming: StartDiskStatsService took to complete: 6ms
09-29 17:54:34.794   524   524 I SystemServerTiming: RuntimeService
09-29 17:54:34.795   524   524 D SystemServerTiming: RuntimeService took to complete: 2ms
09-29 17:54:34.795   524   524 I SystemServerTiming: StartNetworkTimeUpdateService
09-29 17:54:34.798   524   524 D SystemServerTiming: StartNetworkTimeUpdateService took to complete: 2ms
09-29 17:54:34.799   524   524 I SystemServerTiming: CertBlacklister
09-29 17:54:34.801   524   524 D SystemServerTiming: CertBlacklister took to complete: 3ms
09-29 17:54:34.801   524   524 I SystemServerTiming: StartEmergencyAffordanceService
09-29 17:54:34.801   524   524 I SystemServiceManager: Starting com.android.server.emergency.EmergencyAffordanceService
09-29 17:54:34.803   524   524 D SystemServerTiming: StartEmergencyAffordanceService took to complete: 1ms
09-29 17:54:34.804   524   580 I SystemServerTimingAsync: InitThreadPoolExec:startBlobStoreManagerService
09-29 17:54:34.804   524   580 D SystemServerInitThreadPool: Started executing startBlobStoreManagerService
09-29 17:54:34.805   524   580 I SystemServerTimingAsync: startBlobStoreManagerService
09-29 17:54:34.809   524   524 I SystemServerTiming: StartDreamManager
09-29 17:54:34.809   524   524 I SystemServiceManager: Starting com.android.server.dreams.DreamManagerService
09-29 17:54:34.812   524   524 D SystemServerTiming: StartDreamManager took to complete: 3ms
09-29 17:54:34.812   524   524 I SystemServerTiming: AddGraphicsStatsService
09-29 17:54:34.821   524   524 D SystemServerTiming: AddGraphicsStatsService took to complete: 5ms
09-29 17:54:34.827   524   524 I SystemServerTiming: StartPrintManager
09-29 17:54:34.827   524   524 I SystemServiceManager: Starting com.android.server.print.PrintManagerService
09-29 17:54:34.831   524   580 I SystemServiceManager: Starting com.android.server.blob.BlobStoreManagerService
09-29 17:54:34.833   524   524 D SystemServerTiming: StartPrintManager took to complete: 5ms
09-29 17:54:34.834   524   524 I SystemServerTiming: StartCompanionDeviceManager
09-29 17:54:34.836   285   290 I ServiceManager: Waiting for service 'statscompanion' on '/dev/binder'...
09-29 17:54:34.837   524   524 I SystemServiceManager: Starting com.android.server.companion.CompanionDeviceManagerService
09-29 17:54:34.846   524   580 D SystemServerTimingAsync: startBlobStoreManagerService took to complete: 42ms
09-29 17:54:34.846   524   580 D SystemServerInitThreadPool: Finished executing startBlobStoreManagerService
09-29 17:54:34.846   524   580 D SystemServerTimingAsync: InitThreadPoolExec:startBlobStoreManagerService took to complete: 42ms
09-29 17:54:34.848   524   524 D SystemServerTiming: StartCompanionDeviceManager took to complete: 13ms
09-29 17:54:34.848   524   524 I SystemServerTiming: StartRestrictionManager
09-29 17:54:34.848   524   524 I SystemServiceManager: Starting com.android.server.restrictions.RestrictionsManagerService
09-29 17:54:34.853   524   524 D SystemServerTiming: StartRestrictionManager took to complete: 4ms
09-29 17:54:34.853   524   524 I SystemServerTiming: StartMediaSessionService
09-29 17:54:34.855   524   524 I SystemServiceManager: Starting com.android.server.media.MediaSessionService
09-29 17:54:34.872   524   524 D SystemServerTiming: StartMediaSessionService took to complete: 18ms
09-29 17:54:34.872   524   524 I SystemServerTiming: StartMediaResourceMonitor
09-29 17:54:34.872   524   524 I SystemServiceManager: Starting com.android.server.media.MediaResourceMonitorService
09-29 17:54:34.872   524   524 D SystemServerTiming: StartMediaResourceMonitor took to complete: 0ms
09-29 17:54:34.873   524   524 I SystemServerTiming: StartMediaRouterService
09-29 17:54:34.879   524   524 D SystemServerTiming: StartMediaRouterService took to complete: 7ms
09-29 17:54:34.880   524   524 I SystemServerTiming: StartFingerprintSensor
09-29 17:54:34.880   524   524 I SystemServiceManager: Starting com.android.server.biometrics.fingerprint.FingerprintService
09-29 17:54:34.885   524   524 D SystemServerTiming: StartFingerprintSensor took to complete: 6ms
09-29 17:54:34.885   524   524 I SystemServerTiming: StartBiometricService
09-29 17:54:34.885   524   585 I SystemServerTimingAsync: InitThreadPoolExec:FingerprintService.onStart
09-29 17:54:34.885   524   585 D SystemServerInitThreadPool: Started executing FingerprintService.onStart
09-29 17:54:34.885   524   585 V FingerprintService: mDaemon was null, reconnect to fingerprint
09-29 17:54:34.886   524   524 I SystemServiceManager: Starting com.android.server.biometrics.BiometricService
09-29 17:54:34.888   524   585 I android_os_HwBinder: HwBinder: Starting thread pool for getting: android.hardware.biometrics.fingerprint@2.1::IBiometricsFingerprint/default
09-29 17:54:34.895   524   524 D SystemServerTiming: StartBiometricService took to complete: 9ms
09-29 17:54:34.895   524   524 I SystemServerTiming: StartAuthService
09-29 17:54:34.896   524   524 I SystemServiceManager: Starting com.android.server.biometrics.AuthService
09-29 17:54:34.897   524   585 V FingerprintService: Fingerprint HAL id: 3916169232
09-29 17:54:34.900   524   524 D AuthService: Registering ID: 0 Modality: 2 Strength: 15
09-29 17:54:34.901   459   459 D FingerprintHal: ----------------> fingerprint_set_active_group -----------------> path /data/vendor_de/0/fpdata
09-29 17:54:34.902   459   459 D FingerprintHal: ----------------> loadFingerprints ----------------->
09-29 17:54:34.904   459   459 E FingerprintHal: Could not load fingerprints from storage at /data/vendor_de/0/fpdata/emufp.bin; it has not yet been created.
09-29 17:54:34.904   524   524 D FingerprintService: initConfiguredStrengthInternal(15)
09-29 17:54:34.904   524   524 D BiometricService: Registering ID: 0 Modality: 2 Strength: 15
09-29 17:54:34.904   459   459 D FingerprintHal: ----------------> loadAuthenticatorId ----------------->
09-29 17:54:34.904   524   524 D BiometricStrengthController: Flags are null or empty
09-29 17:54:34.906   524   524 D SystemServerTiming: StartAuthService took to complete: 9ms
09-29 17:54:34.906   524   524 I SystemServerTiming: StartBackgroundDexOptService
09-29 17:54:34.906   459   459 D FingerprintHal: Read authenticator id (0x6b8b4567327b23c6)
09-29 17:54:34.906   524   585 V FingerprintService: Enumerating user(0)
09-29 17:54:34.910   524   524 D SystemServerTiming: StartBackgroundDexOptService took to complete: 3ms
09-29 17:54:34.910   524   524 I SystemServerTiming: StartDynamicCodeLoggingService
